ARM GAS  C:\Users\Sam\AppData\Local\Temp\ccrNezF3.s 			page 1


   1              		.cpu cortex-m0
   2              		.fpu softvfp
   3              		.eabi_attribute 20, 1
   4              		.eabi_attribute 21, 1
   5              		.eabi_attribute 23, 3
   6              		.eabi_attribute 24, 1
   7              		.eabi_attribute 25, 1
   8              		.eabi_attribute 26, 1
   9              		.eabi_attribute 30, 6
  10              		.eabi_attribute 34, 0
  11              		.eabi_attribute 18, 4
  12              		.code	16
  13              		.file	"cyfitter_cfg.c"
  14              		.text
  15              	.Ltext0:
  16              		.cfi_sections	.debug_frame
  17              		.section	.text.CYMEMZERO,"ax",%progbits
  18              		.align	2
  19              		.code	16
  20              		.thumb_func
  21              		.type	CYMEMZERO, %function
  22              	CYMEMZERO:
  23              	.LFB0:
  24              		.file 1 ".\\Generated_Source\\PSoC4\\cyfitter_cfg.c"
   1:.\Generated_Source\PSoC4/cyfitter_cfg.c **** /*******************************************************************************
   2:.\Generated_Source\PSoC4/cyfitter_cfg.c **** * FILENAME: cyfitter_cfg.c
   3:.\Generated_Source\PSoC4/cyfitter_cfg.c **** * PSoC Creator 3.0 Component Pack 7
   4:.\Generated_Source\PSoC4/cyfitter_cfg.c **** *
   5:.\Generated_Source\PSoC4/cyfitter_cfg.c **** * Description:
   6:.\Generated_Source\PSoC4/cyfitter_cfg.c **** * This file is automatically generated by PSoC Creator with device 
   7:.\Generated_Source\PSoC4/cyfitter_cfg.c **** * initialization code.  Except for the user defined sections in
   8:.\Generated_Source\PSoC4/cyfitter_cfg.c **** * CyClockStartupError(), this file should not be modified.
   9:.\Generated_Source\PSoC4/cyfitter_cfg.c **** *
  10:.\Generated_Source\PSoC4/cyfitter_cfg.c **** ********************************************************************************
  11:.\Generated_Source\PSoC4/cyfitter_cfg.c **** * Copyright 2013, Cypress Semiconductor Corporation.  All rights reserved.
  12:.\Generated_Source\PSoC4/cyfitter_cfg.c **** * You may use this file only in accordance with the license, terms, conditions, 
  13:.\Generated_Source\PSoC4/cyfitter_cfg.c **** * disclaimers, and limitations in the end user license agreement accompanying 
  14:.\Generated_Source\PSoC4/cyfitter_cfg.c **** * the software package with which this file was provided.
  15:.\Generated_Source\PSoC4/cyfitter_cfg.c **** ********************************************************************************/
  16:.\Generated_Source\PSoC4/cyfitter_cfg.c **** 
  17:.\Generated_Source\PSoC4/cyfitter_cfg.c **** #include <string.h>
  18:.\Generated_Source\PSoC4/cyfitter_cfg.c **** #include <cytypes.h>
  19:.\Generated_Source\PSoC4/cyfitter_cfg.c **** #include <cydevice_trm.h>
  20:.\Generated_Source\PSoC4/cyfitter_cfg.c **** #include <cyfitter.h>
  21:.\Generated_Source\PSoC4/cyfitter_cfg.c **** #include <CyLib.h>
  22:.\Generated_Source\PSoC4/cyfitter_cfg.c **** #include <cyfitter_cfg.h>
  23:.\Generated_Source\PSoC4/cyfitter_cfg.c **** 
  24:.\Generated_Source\PSoC4/cyfitter_cfg.c **** 
  25:.\Generated_Source\PSoC4/cyfitter_cfg.c **** #if defined(__GNUC__) || defined(__ARMCC_VERSION)
  26:.\Generated_Source\PSoC4/cyfitter_cfg.c ****     #define CYPACKED 
  27:.\Generated_Source\PSoC4/cyfitter_cfg.c ****     #define CYPACKED_ATTR __attribute__ ((packed))
  28:.\Generated_Source\PSoC4/cyfitter_cfg.c ****     #define CYALIGNED __attribute__ ((aligned))
  29:.\Generated_Source\PSoC4/cyfitter_cfg.c ****     #define CY_CFG_UNUSED __attribute__ ((unused))
  30:.\Generated_Source\PSoC4/cyfitter_cfg.c ****     #define CY_CFG_SECTION __attribute__ ((section(".psocinit")))
  31:.\Generated_Source\PSoC4/cyfitter_cfg.c ****     
  32:.\Generated_Source\PSoC4/cyfitter_cfg.c ****     #if defined(__ARMCC_VERSION)
  33:.\Generated_Source\PSoC4/cyfitter_cfg.c ****         #define CY_CFG_MEMORY_BARRIER() __memory_changed()
ARM GAS  C:\Users\Sam\AppData\Local\Temp\ccrNezF3.s 			page 2


  34:.\Generated_Source\PSoC4/cyfitter_cfg.c ****     #else
  35:.\Generated_Source\PSoC4/cyfitter_cfg.c ****         #define CY_CFG_MEMORY_BARRIER() __sync_synchronize()
  36:.\Generated_Source\PSoC4/cyfitter_cfg.c ****     #endif
  37:.\Generated_Source\PSoC4/cyfitter_cfg.c ****     
  38:.\Generated_Source\PSoC4/cyfitter_cfg.c **** #elif defined(__ICCARM__)
  39:.\Generated_Source\PSoC4/cyfitter_cfg.c ****     #include <intrinsics.h>
  40:.\Generated_Source\PSoC4/cyfitter_cfg.c **** 
  41:.\Generated_Source\PSoC4/cyfitter_cfg.c ****     #define CYPACKED __packed
  42:.\Generated_Source\PSoC4/cyfitter_cfg.c ****     #define CYPACKED_ATTR 
  43:.\Generated_Source\PSoC4/cyfitter_cfg.c ****     #define CYALIGNED _Pragma("data_alignment=4")
  44:.\Generated_Source\PSoC4/cyfitter_cfg.c ****     #define CY_CFG_UNUSED _Pragma("diag_suppress=Pe177")
  45:.\Generated_Source\PSoC4/cyfitter_cfg.c ****     #define CY_CFG_SECTION _Pragma("location=\".psocinit\"")
  46:.\Generated_Source\PSoC4/cyfitter_cfg.c ****     
  47:.\Generated_Source\PSoC4/cyfitter_cfg.c ****     #define CY_CFG_MEMORY_BARRIER() __DMB()
  48:.\Generated_Source\PSoC4/cyfitter_cfg.c ****     
  49:.\Generated_Source\PSoC4/cyfitter_cfg.c **** #else
  50:.\Generated_Source\PSoC4/cyfitter_cfg.c ****     #error Unsupported toolchain
  51:.\Generated_Source\PSoC4/cyfitter_cfg.c **** #endif
  52:.\Generated_Source\PSoC4/cyfitter_cfg.c **** 
  53:.\Generated_Source\PSoC4/cyfitter_cfg.c **** 
  54:.\Generated_Source\PSoC4/cyfitter_cfg.c **** CY_CFG_UNUSED
  55:.\Generated_Source\PSoC4/cyfitter_cfg.c **** static void CYMEMZERO(void *s, size_t n);
  56:.\Generated_Source\PSoC4/cyfitter_cfg.c **** CY_CFG_UNUSED
  57:.\Generated_Source\PSoC4/cyfitter_cfg.c **** static void CYMEMZERO(void *s, size_t n)
  58:.\Generated_Source\PSoC4/cyfitter_cfg.c **** {
  25              		.loc 1 58 0
  26              		.cfi_startproc
  27 0000 80B5     		push	{r7, lr}
  28              	.LCFI0:
  29              		.cfi_def_cfa_offset 8
  30              		.cfi_offset 7, -8
  31              		.cfi_offset 14, -4
  32 0002 82B0     		sub	sp, sp, #8
  33              	.LCFI1:
  34              		.cfi_def_cfa_offset 16
  35 0004 00AF     		add	r7, sp, #0
  36              	.LCFI2:
  37              		.cfi_def_cfa_register 7
  38 0006 7860     		str	r0, [r7, #4]
  39 0008 3960     		str	r1, [r7]
  59:.\Generated_Source\PSoC4/cyfitter_cfg.c **** 	(void)memset(s, 0, n);
  40              		.loc 1 59 0
  41 000a 7A68     		ldr	r2, [r7, #4]
  42 000c 3B68     		ldr	r3, [r7]
  43 000e 101C     		mov	r0, r2
  44 0010 0021     		mov	r1, #0
  45 0012 1A1C     		mov	r2, r3
  46 0014 FFF7FEFF 		bl	memset
  60:.\Generated_Source\PSoC4/cyfitter_cfg.c **** }
  47              		.loc 1 60 0
  48 0018 BD46     		mov	sp, r7
  49 001a 02B0     		add	sp, sp, #8
  50              		@ sp needed for prologue
  51 001c 80BD     		pop	{r7, pc}
  52              		.cfi_endproc
  53              	.LFE0:
  54              		.size	CYMEMZERO, .-CYMEMZERO
ARM GAS  C:\Users\Sam\AppData\Local\Temp\ccrNezF3.s 			page 3


  55 001e C046     		.section	.text.CYCONFIGCPY,"ax",%progbits
  56              		.align	2
  57              		.code	16
  58              		.thumb_func
  59              		.type	CYCONFIGCPY, %function
  60              	CYCONFIGCPY:
  61              	.LFB1:
  61:.\Generated_Source\PSoC4/cyfitter_cfg.c **** CY_CFG_UNUSED
  62:.\Generated_Source\PSoC4/cyfitter_cfg.c **** static void CYCONFIGCPY(void *dest, const void *src, size_t n);
  63:.\Generated_Source\PSoC4/cyfitter_cfg.c **** CY_CFG_UNUSED
  64:.\Generated_Source\PSoC4/cyfitter_cfg.c **** static void CYCONFIGCPY(void *dest, const void *src, size_t n)
  65:.\Generated_Source\PSoC4/cyfitter_cfg.c **** {
  62              		.loc 1 65 0
  63              		.cfi_startproc
  64 0000 80B5     		push	{r7, lr}
  65              	.LCFI3:
  66              		.cfi_def_cfa_offset 8
  67              		.cfi_offset 7, -8
  68              		.cfi_offset 14, -4
  69 0002 84B0     		sub	sp, sp, #16
  70              	.LCFI4:
  71              		.cfi_def_cfa_offset 24
  72 0004 00AF     		add	r7, sp, #0
  73              	.LCFI5:
  74              		.cfi_def_cfa_register 7
  75 0006 F860     		str	r0, [r7, #12]
  76 0008 B960     		str	r1, [r7, #8]
  77 000a 7A60     		str	r2, [r7, #4]
  66:.\Generated_Source\PSoC4/cyfitter_cfg.c **** 	(void)memcpy(dest, src, n);
  78              		.loc 1 66 0
  79 000c F968     		ldr	r1, [r7, #12]
  80 000e BA68     		ldr	r2, [r7, #8]
  81 0010 7B68     		ldr	r3, [r7, #4]
  82 0012 081C     		mov	r0, r1
  83 0014 111C     		mov	r1, r2
  84 0016 1A1C     		mov	r2, r3
  85 0018 FFF7FEFF 		bl	memcpy
  67:.\Generated_Source\PSoC4/cyfitter_cfg.c **** }
  86              		.loc 1 67 0
  87 001c BD46     		mov	sp, r7
  88 001e 04B0     		add	sp, sp, #16
  89              		@ sp needed for prologue
  90 0020 80BD     		pop	{r7, pc}
  91              		.cfi_endproc
  92              	.LFE1:
  93              		.size	CYCONFIGCPY, .-CYCONFIGCPY
  94 0022 C046     		.section	.text.CYCONFIGCPYCODE,"ax",%progbits
  95              		.align	2
  96              		.code	16
  97              		.thumb_func
  98              		.type	CYCONFIGCPYCODE, %function
  99              	CYCONFIGCPYCODE:
 100              	.LFB2:
  68:.\Generated_Source\PSoC4/cyfitter_cfg.c **** CY_CFG_UNUSED
  69:.\Generated_Source\PSoC4/cyfitter_cfg.c **** static void CYCONFIGCPYCODE(void *dest, const void *src, size_t n);
  70:.\Generated_Source\PSoC4/cyfitter_cfg.c **** CY_CFG_UNUSED
  71:.\Generated_Source\PSoC4/cyfitter_cfg.c **** static void CYCONFIGCPYCODE(void *dest, const void *src, size_t n)
ARM GAS  C:\Users\Sam\AppData\Local\Temp\ccrNezF3.s 			page 4


  72:.\Generated_Source\PSoC4/cyfitter_cfg.c **** {
 101              		.loc 1 72 0
 102              		.cfi_startproc
 103 0000 80B5     		push	{r7, lr}
 104              	.LCFI6:
 105              		.cfi_def_cfa_offset 8
 106              		.cfi_offset 7, -8
 107              		.cfi_offset 14, -4
 108 0002 84B0     		sub	sp, sp, #16
 109              	.LCFI7:
 110              		.cfi_def_cfa_offset 24
 111 0004 00AF     		add	r7, sp, #0
 112              	.LCFI8:
 113              		.cfi_def_cfa_register 7
 114 0006 F860     		str	r0, [r7, #12]
 115 0008 B960     		str	r1, [r7, #8]
 116 000a 7A60     		str	r2, [r7, #4]
  73:.\Generated_Source\PSoC4/cyfitter_cfg.c **** 	(void)memcpy(dest, src, n);
 117              		.loc 1 73 0
 118 000c F968     		ldr	r1, [r7, #12]
 119 000e BA68     		ldr	r2, [r7, #8]
 120 0010 7B68     		ldr	r3, [r7, #4]
 121 0012 081C     		mov	r0, r1
 122 0014 111C     		mov	r1, r2
 123 0016 1A1C     		mov	r2, r3
 124 0018 FFF7FEFF 		bl	memcpy
  74:.\Generated_Source\PSoC4/cyfitter_cfg.c **** }
 125              		.loc 1 74 0
 126 001c BD46     		mov	sp, r7
 127 001e 04B0     		add	sp, sp, #16
 128              		@ sp needed for prologue
 129 0020 80BD     		pop	{r7, pc}
 130              		.cfi_endproc
 131              	.LFE2:
 132              		.size	CYCONFIGCPYCODE, .-CYCONFIGCPYCODE
 133 0022 C046     		.section	.psocinit,"ax",%progbits
 134              		.align	2
 135              		.code	16
 136              		.thumb_func
 137              		.type	SetIMOBGTrims, %function
 138              	SetIMOBGTrims:
 139              	.LFB3:
  75:.\Generated_Source\PSoC4/cyfitter_cfg.c **** 
  76:.\Generated_Source\PSoC4/cyfitter_cfg.c **** 
  77:.\Generated_Source\PSoC4/cyfitter_cfg.c **** 
  78:.\Generated_Source\PSoC4/cyfitter_cfg.c **** /* Clock startup error codes                                                   */
  79:.\Generated_Source\PSoC4/cyfitter_cfg.c **** #define CYCLOCKSTART_NO_ERROR    0u
  80:.\Generated_Source\PSoC4/cyfitter_cfg.c **** #define CYCLOCKSTART_XTAL_ERROR  1u
  81:.\Generated_Source\PSoC4/cyfitter_cfg.c **** #define CYCLOCKSTART_32KHZ_ERROR 2u
  82:.\Generated_Source\PSoC4/cyfitter_cfg.c **** #define CYCLOCKSTART_PLL_ERROR   3u
  83:.\Generated_Source\PSoC4/cyfitter_cfg.c **** 
  84:.\Generated_Source\PSoC4/cyfitter_cfg.c **** #ifdef CY_NEED_CYCLOCKSTARTUPERROR
  85:.\Generated_Source\PSoC4/cyfitter_cfg.c **** /*******************************************************************************
  86:.\Generated_Source\PSoC4/cyfitter_cfg.c **** * Function Name: CyClockStartupError
  87:.\Generated_Source\PSoC4/cyfitter_cfg.c **** ********************************************************************************
  88:.\Generated_Source\PSoC4/cyfitter_cfg.c **** * Summary:
  89:.\Generated_Source\PSoC4/cyfitter_cfg.c **** *  If an error is encountered during clock configuration (crystal startup error,
ARM GAS  C:\Users\Sam\AppData\Local\Temp\ccrNezF3.s 			page 5


  90:.\Generated_Source\PSoC4/cyfitter_cfg.c **** *  PLL lock error, etc.), the system will end up here.  Unless reimplemented by
  91:.\Generated_Source\PSoC4/cyfitter_cfg.c **** *  the customer, this function will stop in an infinite loop.
  92:.\Generated_Source\PSoC4/cyfitter_cfg.c **** *
  93:.\Generated_Source\PSoC4/cyfitter_cfg.c **** * Parameters:
  94:.\Generated_Source\PSoC4/cyfitter_cfg.c **** *   void
  95:.\Generated_Source\PSoC4/cyfitter_cfg.c **** *
  96:.\Generated_Source\PSoC4/cyfitter_cfg.c **** * Return:
  97:.\Generated_Source\PSoC4/cyfitter_cfg.c **** *   void
  98:.\Generated_Source\PSoC4/cyfitter_cfg.c **** *
  99:.\Generated_Source\PSoC4/cyfitter_cfg.c **** *******************************************************************************/
 100:.\Generated_Source\PSoC4/cyfitter_cfg.c **** CY_CFG_UNUSED
 101:.\Generated_Source\PSoC4/cyfitter_cfg.c **** static void CyClockStartupError(uint8 errorCode);
 102:.\Generated_Source\PSoC4/cyfitter_cfg.c **** CY_CFG_UNUSED
 103:.\Generated_Source\PSoC4/cyfitter_cfg.c **** static void CyClockStartupError(uint8 errorCode)
 104:.\Generated_Source\PSoC4/cyfitter_cfg.c **** {
 105:.\Generated_Source\PSoC4/cyfitter_cfg.c ****     /* To remove the compiler warning if errorCode not used.                */
 106:.\Generated_Source\PSoC4/cyfitter_cfg.c ****     errorCode = errorCode;
 107:.\Generated_Source\PSoC4/cyfitter_cfg.c **** 
 108:.\Generated_Source\PSoC4/cyfitter_cfg.c ****     /* `#START CyClockStartupError` */
 109:.\Generated_Source\PSoC4/cyfitter_cfg.c **** 
 110:.\Generated_Source\PSoC4/cyfitter_cfg.c ****     /* If we have a clock startup error (bad MHz crystal, PLL lock, etc.),  */
 111:.\Generated_Source\PSoC4/cyfitter_cfg.c ****     /* we will end up here to allow the customer to implement something to  */
 112:.\Generated_Source\PSoC4/cyfitter_cfg.c ****     /* deal with the clock condition.                                       */
 113:.\Generated_Source\PSoC4/cyfitter_cfg.c **** 
 114:.\Generated_Source\PSoC4/cyfitter_cfg.c ****     /* `#END` */
 115:.\Generated_Source\PSoC4/cyfitter_cfg.c **** 
 116:.\Generated_Source\PSoC4/cyfitter_cfg.c ****     /* If nothing else, stop here since the clocks have not started         */
 117:.\Generated_Source\PSoC4/cyfitter_cfg.c ****     /* correctly.                                                           */
 118:.\Generated_Source\PSoC4/cyfitter_cfg.c ****     while(1) {}
 119:.\Generated_Source\PSoC4/cyfitter_cfg.c **** }
 120:.\Generated_Source\PSoC4/cyfitter_cfg.c **** #endif
 121:.\Generated_Source\PSoC4/cyfitter_cfg.c **** 
 122:.\Generated_Source\PSoC4/cyfitter_cfg.c **** 
 123:.\Generated_Source\PSoC4/cyfitter_cfg.c **** /*******************************************************************************
 124:.\Generated_Source\PSoC4/cyfitter_cfg.c **** * Function Name: SetIMOBGTrims
 125:.\Generated_Source\PSoC4/cyfitter_cfg.c **** ********************************************************************************
 126:.\Generated_Source\PSoC4/cyfitter_cfg.c **** *
 127:.\Generated_Source\PSoC4/cyfitter_cfg.c **** * Summary:
 128:.\Generated_Source\PSoC4/cyfitter_cfg.c **** *   Performs the configuration of the bandgap trim for the IMO based on the given
 129:.\Generated_Source\PSoC4/cyfitter_cfg.c **** *   expected frequency of the IMO. 
 130:.\Generated_Source\PSoC4/cyfitter_cfg.c **** *
 131:.\Generated_Source\PSoC4/cyfitter_cfg.c **** * Parameters:
 132:.\Generated_Source\PSoC4/cyfitter_cfg.c **** *   imoFreq: Frequency for operation of the IMO.
 133:.\Generated_Source\PSoC4/cyfitter_cfg.c **** *
 134:.\Generated_Source\PSoC4/cyfitter_cfg.c **** * Return:
 135:.\Generated_Source\PSoC4/cyfitter_cfg.c **** *   void
 136:.\Generated_Source\PSoC4/cyfitter_cfg.c **** *
 137:.\Generated_Source\PSoC4/cyfitter_cfg.c **** *******************************************************************************/
 138:.\Generated_Source\PSoC4/cyfitter_cfg.c **** static void SetIMOBGTrims(uint8 imoFreq);
 139:.\Generated_Source\PSoC4/cyfitter_cfg.c **** CY_CFG_SECTION
 140:.\Generated_Source\PSoC4/cyfitter_cfg.c **** static void SetIMOBGTrims(uint8 imoFreq)
 141:.\Generated_Source\PSoC4/cyfitter_cfg.c **** {
 140              		.loc 1 141 0
 141              		.cfi_startproc
 142 0000 80B5     		push	{r7, lr}
 143              	.LCFI9:
 144              		.cfi_def_cfa_offset 8
ARM GAS  C:\Users\Sam\AppData\Local\Temp\ccrNezF3.s 			page 6


 145              		.cfi_offset 7, -8
 146              		.cfi_offset 14, -4
 147 0002 84B0     		sub	sp, sp, #16
 148              	.LCFI10:
 149              		.cfi_def_cfa_offset 24
 150 0004 00AF     		add	r7, sp, #0
 151              	.LCFI11:
 152              		.cfi_def_cfa_register 7
 153 0006 021C     		mov	r2, r0
 154 0008 FB1D     		add	r3, r7, #7
 155 000a 1A70     		strb	r2, [r3]
 142:.\Generated_Source\PSoC4/cyfitter_cfg.c **** 	CYPACKED typedef struct {
 143:.\Generated_Source\PSoC4/cyfitter_cfg.c **** 		uint8 freq;
 144:.\Generated_Source\PSoC4/cyfitter_cfg.c **** 		uint8 absolute;
 145:.\Generated_Source\PSoC4/cyfitter_cfg.c **** 		uint8 tmpco;
 146:.\Generated_Source\PSoC4/cyfitter_cfg.c **** 	} CYPACKED_ATTR imo_trim_entry_t;
 147:.\Generated_Source\PSoC4/cyfitter_cfg.c **** 
 148:.\Generated_Source\PSoC4/cyfitter_cfg.c **** 	CYPACKED typedef struct {
 149:.\Generated_Source\PSoC4/cyfitter_cfg.c **** 		imo_trim_entry_t entries[4];
 150:.\Generated_Source\PSoC4/cyfitter_cfg.c **** 	} CYPACKED_ATTR imo_trim_table_t;
 151:.\Generated_Source\PSoC4/cyfitter_cfg.c **** 
 152:.\Generated_Source\PSoC4/cyfitter_cfg.c **** 	static const imo_trim_table_t *imo_trim_table = (const imo_trim_table_t *)CYREG_SFLASH_IMO_MAXF0;
 153:.\Generated_Source\PSoC4/cyfitter_cfg.c **** 	static const uint32 IMO_TRIM_FREQ_TABLE_ENTRIES = sizeof(imo_trim_table->entries)/sizeof(imo_trim_
 154:.\Generated_Source\PSoC4/cyfitter_cfg.c **** 
 155:.\Generated_Source\PSoC4/cyfitter_cfg.c **** 	int32 imoTrimIndex;
 156:.\Generated_Source\PSoC4/cyfitter_cfg.c **** 	uint8 setAbs;
 157:.\Generated_Source\PSoC4/cyfitter_cfg.c **** 	uint8 setTmpCo;
 158:.\Generated_Source\PSoC4/cyfitter_cfg.c **** 
 159:.\Generated_Source\PSoC4/cyfitter_cfg.c **** 	/* Traverse the SFLASH IMO frequency-dependent bandgap trim table to
 160:.\Generated_Source\PSoC4/cyfitter_cfg.c **** 	 * locate the appropriate value to trim the IMO bandgap based on freq. */
 161:.\Generated_Source\PSoC4/cyfitter_cfg.c **** 	setAbs = CY_GET_REG8((const void *)CYREG_SFLASH_IMO_ABS4);
 156              		.loc 1 161 0
 157 000c 224A     		ldr	r2, .L8
 158 000e 3B1C     		mov	r3, r7
 159 0010 0B33     		add	r3, r3, #11
 160 0012 1278     		ldrb	r2, [r2]
 161 0014 1A70     		strb	r2, [r3]
 162:.\Generated_Source\PSoC4/cyfitter_cfg.c **** 	setTmpCo = CY_GET_REG8((const void *)CYREG_SFLASH_IMO_TMPCO4);
 162              		.loc 1 162 0
 163 0016 214A     		ldr	r2, .L8+4
 164 0018 3B1C     		mov	r3, r7
 165 001a 0A33     		add	r3, r3, #10
 166 001c 1278     		ldrb	r2, [r2]
 167 001e 1A70     		strb	r2, [r3]
 163:.\Generated_Source\PSoC4/cyfitter_cfg.c **** 	for (imoTrimIndex = ((int32)IMO_TRIM_FREQ_TABLE_ENTRIES)-1;
 168              		.loc 1 163 0
 169 0020 1F4B     		ldr	r3, .L8+8
 170 0022 1B68     		ldr	r3, [r3]
 171 0024 013B     		sub	r3, r3, #1
 172 0026 FB60     		str	r3, [r7, #12]
 173 0028 1AE0     		b	.L5
 174              	.L7:
 164:.\Generated_Source\PSoC4/cyfitter_cfg.c **** 	     (imoTrimIndex >= 0) && (imoFreq <= imo_trim_table->entries[imoTrimIndex].freq);
 165:.\Generated_Source\PSoC4/cyfitter_cfg.c **** 	     imoTrimIndex--)
 166:.\Generated_Source\PSoC4/cyfitter_cfg.c **** 	{
 167:.\Generated_Source\PSoC4/cyfitter_cfg.c **** 		setAbs = imo_trim_table->entries[imoTrimIndex].absolute;
 175              		.loc 1 167 0
ARM GAS  C:\Users\Sam\AppData\Local\Temp\ccrNezF3.s 			page 7


 176 002a 1E4B     		ldr	r3, .L8+12
 177 002c 1868     		ldr	r0, [r3]
 178 002e 391C     		mov	r1, r7
 179 0030 0B31     		add	r1, r1, #11
 180 0032 FA68     		ldr	r2, [r7, #12]
 181 0034 131C     		mov	r3, r2
 182 0036 5B00     		lsl	r3, r3, #1
 183 0038 9B18     		add	r3, r3, r2
 184 003a C318     		add	r3, r0, r3
 185 003c 0133     		add	r3, r3, #1
 186 003e 1B78     		ldrb	r3, [r3]
 187 0040 0B70     		strb	r3, [r1]
 168:.\Generated_Source\PSoC4/cyfitter_cfg.c **** 		setTmpCo = imo_trim_table->entries[imoTrimIndex].tmpco;
 188              		.loc 1 168 0
 189 0042 184B     		ldr	r3, .L8+12
 190 0044 1868     		ldr	r0, [r3]
 191 0046 391C     		mov	r1, r7
 192 0048 0A31     		add	r1, r1, #10
 193 004a FA68     		ldr	r2, [r7, #12]
 194 004c 131C     		mov	r3, r2
 195 004e 5B00     		lsl	r3, r3, #1
 196 0050 9B18     		add	r3, r3, r2
 197 0052 C318     		add	r3, r0, r3
 198 0054 0233     		add	r3, r3, #2
 199 0056 1B78     		ldrb	r3, [r3]
 200 0058 0B70     		strb	r3, [r1]
 165:.\Generated_Source\PSoC4/cyfitter_cfg.c **** 	     imoTrimIndex--)
 201              		.loc 1 165 0
 202 005a FB68     		ldr	r3, [r7, #12]
 203 005c 013B     		sub	r3, r3, #1
 204 005e FB60     		str	r3, [r7, #12]
 205              	.L5:
 163:.\Generated_Source\PSoC4/cyfitter_cfg.c **** 	for (imoTrimIndex = ((int32)IMO_TRIM_FREQ_TABLE_ENTRIES)-1;
 206              		.loc 1 163 0 discriminator 1
 207 0060 FB68     		ldr	r3, [r7, #12]
 208 0062 002B     		cmp	r3, #0
 209 0064 0ADB     		blt	.L6
 164:.\Generated_Source\PSoC4/cyfitter_cfg.c **** 	     (imoTrimIndex >= 0) && (imoFreq <= imo_trim_table->entries[imoTrimIndex].freq);
 210              		.loc 1 164 0
 211 0066 0F4B     		ldr	r3, .L8+12
 212 0068 1968     		ldr	r1, [r3]
 213 006a FA68     		ldr	r2, [r7, #12]
 214 006c 131C     		mov	r3, r2
 215 006e 5B00     		lsl	r3, r3, #1
 216 0070 9B18     		add	r3, r3, r2
 217 0072 5B5C     		ldrb	r3, [r3, r1]
 218 0074 FA1D     		add	r2, r7, #7
 219 0076 1278     		ldrb	r2, [r2]
 220 0078 9A42     		cmp	r2, r3
 221 007a D6D9     		bls	.L7
 222              	.L6:
 169:.\Generated_Source\PSoC4/cyfitter_cfg.c **** 	}
 170:.\Generated_Source\PSoC4/cyfitter_cfg.c **** 
 171:.\Generated_Source\PSoC4/cyfitter_cfg.c **** 	CY_SET_REG32((void *)CYREG_PWR_BG_TRIM4, setAbs);
 223              		.loc 1 171 0
 224 007c 0A4B     		ldr	r3, .L8+16
 225 007e 3A1C     		mov	r2, r7
ARM GAS  C:\Users\Sam\AppData\Local\Temp\ccrNezF3.s 			page 8


 226 0080 0B32     		add	r2, r2, #11
 227 0082 1278     		ldrb	r2, [r2]
 228 0084 1A60     		str	r2, [r3]
 172:.\Generated_Source\PSoC4/cyfitter_cfg.c **** 	CY_SET_REG32((void *)CYREG_PWR_BG_TRIM5, setTmpCo);
 229              		.loc 1 172 0
 230 0086 094B     		ldr	r3, .L8+20
 231 0088 3A1C     		mov	r2, r7
 232 008a 0A32     		add	r2, r2, #10
 233 008c 1278     		ldrb	r2, [r2]
 234 008e 1A60     		str	r2, [r3]
 173:.\Generated_Source\PSoC4/cyfitter_cfg.c **** }
 235              		.loc 1 173 0
 236 0090 BD46     		mov	sp, r7
 237 0092 04B0     		add	sp, sp, #16
 238              		@ sp needed for prologue
 239 0094 80BD     		pop	{r7, pc}
 240              	.L9:
 241 0096 C046     		.align	2
 242              	.L8:
 243 0098 CCF1FF0F 		.word	268431820
 244 009c CDF1FF0F 		.word	268431821
 245 00a0 0C000000 		.word	IMO_TRIM_FREQ_TABLE_ENTRIES.4619
 246 00a4 00000000 		.word	imo_trim_table.4618
 247 00a8 1CFF0B40 		.word	1074528028
 248 00ac 20FF0B40 		.word	1074528032
 249              		.cfi_endproc
 250              	.LFE3:
 251              		.size	SetIMOBGTrims, .-SetIMOBGTrims
 252              		.align	2
 253              		.code	16
 254              		.thumb_func
 255              		.type	ClockSetup, %function
 256              	ClockSetup:
 257              	.LFB4:
 174:.\Generated_Source\PSoC4/cyfitter_cfg.c **** 
 175:.\Generated_Source\PSoC4/cyfitter_cfg.c **** 
 176:.\Generated_Source\PSoC4/cyfitter_cfg.c **** 
 177:.\Generated_Source\PSoC4/cyfitter_cfg.c **** /*******************************************************************************
 178:.\Generated_Source\PSoC4/cyfitter_cfg.c **** * Function Name: ClockSetup
 179:.\Generated_Source\PSoC4/cyfitter_cfg.c **** ********************************************************************************
 180:.\Generated_Source\PSoC4/cyfitter_cfg.c **** *
 181:.\Generated_Source\PSoC4/cyfitter_cfg.c **** * Summary:
 182:.\Generated_Source\PSoC4/cyfitter_cfg.c **** *   Performs the initialization of all of the clocks in the device based on the
 183:.\Generated_Source\PSoC4/cyfitter_cfg.c **** *   settings in the Clock tab of the DWR.  This includes enabling the requested
 184:.\Generated_Source\PSoC4/cyfitter_cfg.c **** *   clocks and setting the necessary dividers to produce the desired frequency. 
 185:.\Generated_Source\PSoC4/cyfitter_cfg.c **** *
 186:.\Generated_Source\PSoC4/cyfitter_cfg.c **** * Parameters:
 187:.\Generated_Source\PSoC4/cyfitter_cfg.c **** *   void
 188:.\Generated_Source\PSoC4/cyfitter_cfg.c **** *
 189:.\Generated_Source\PSoC4/cyfitter_cfg.c **** * Return:
 190:.\Generated_Source\PSoC4/cyfitter_cfg.c **** *   void
 191:.\Generated_Source\PSoC4/cyfitter_cfg.c **** *
 192:.\Generated_Source\PSoC4/cyfitter_cfg.c **** *******************************************************************************/
 193:.\Generated_Source\PSoC4/cyfitter_cfg.c **** static void ClockSetup(void);
 194:.\Generated_Source\PSoC4/cyfitter_cfg.c **** CY_CFG_SECTION
 195:.\Generated_Source\PSoC4/cyfitter_cfg.c **** static void ClockSetup(void)
 196:.\Generated_Source\PSoC4/cyfitter_cfg.c **** {
ARM GAS  C:\Users\Sam\AppData\Local\Temp\ccrNezF3.s 			page 9


 258              		.loc 1 196 0
 259              		.cfi_startproc
 260 00b0 80B5     		push	{r7, lr}
 261              	.LCFI12:
 262              		.cfi_def_cfa_offset 8
 263              		.cfi_offset 7, -8
 264              		.cfi_offset 14, -4
 265 00b2 00AF     		add	r7, sp, #0
 266              	.LCFI13:
 267              		.cfi_def_cfa_register 7
 197:.\Generated_Source\PSoC4/cyfitter_cfg.c **** 	/* Enable HALF_EN before trimming for the flash accelerator. */
 198:.\Generated_Source\PSoC4/cyfitter_cfg.c **** 	CY_SET_REG32((void CYXDATA *)(CYREG_CLK_SELECT), (CY_GET_REG32((void *)CYREG_CLK_SELECT) | 0x00040
 268              		.loc 1 198 0
 269 00b4 1B4B     		ldr	r3, .L11
 270 00b6 1B4A     		ldr	r2, .L11
 271 00b8 1268     		ldr	r2, [r2]
 272 00ba 8021     		mov	r1, #128
 273 00bc C902     		lsl	r1, r1, #11
 274 00be 0A43     		orr	r2, r1
 275 00c0 1A60     		str	r2, [r3]
 199:.\Generated_Source\PSoC4/cyfitter_cfg.c **** 
 200:.\Generated_Source\PSoC4/cyfitter_cfg.c **** 	/* Trim IMO BG based on desired frequency. */
 201:.\Generated_Source\PSoC4/cyfitter_cfg.c **** 	SetIMOBGTrims(24u);
 276              		.loc 1 201 0
 277 00c2 1820     		mov	r0, #24
 278 00c4 FFF79CFF 		bl	SetIMOBGTrims
 202:.\Generated_Source\PSoC4/cyfitter_cfg.c **** 
 203:.\Generated_Source\PSoC4/cyfitter_cfg.c **** 	/* Going less than or equal to 24MHz, so update the clock speed then adjust trim value. */
 204:.\Generated_Source\PSoC4/cyfitter_cfg.c **** 	CY_SET_REG32((void CYXDATA *)(CYREG_CLK_IMO_TRIM2), (25u));
 279              		.loc 1 204 0
 280 00c8 174B     		ldr	r3, .L11+4
 281 00ca 1922     		mov	r2, #25
 282 00cc 1A60     		str	r2, [r3]
 205:.\Generated_Source\PSoC4/cyfitter_cfg.c **** 	CyDelayCycles(5u);
 283              		.loc 1 205 0
 284 00ce 0520     		mov	r0, #5
 285 00d0 FFF7FEFF 		bl	CyDelayCycles
 206:.\Generated_Source\PSoC4/cyfitter_cfg.c **** 	CY_SET_REG32((void CYXDATA *)(CYREG_CLK_IMO_TRIM1), (CY_GET_REG8((void *)CYREG_SFLASH_IMO_TRIM21))
 286              		.loc 1 206 0
 287 00d4 154B     		ldr	r3, .L11+8
 288 00d6 164A     		ldr	r2, .L11+12
 289 00d8 1278     		ldrb	r2, [r2]
 290 00da D2B2     		uxtb	r2, r2
 291 00dc 1A60     		str	r2, [r3]
 207:.\Generated_Source\PSoC4/cyfitter_cfg.c **** 	CyDelayUs(5u);
 292              		.loc 1 207 0
 293 00de 0520     		mov	r0, #5
 294 00e0 FFF7FEFF 		bl	CyDelayUs
 208:.\Generated_Source\PSoC4/cyfitter_cfg.c **** 
 209:.\Generated_Source\PSoC4/cyfitter_cfg.c **** 	/* Disable HALF_EN since it is not required at this IMO frequency. */
 210:.\Generated_Source\PSoC4/cyfitter_cfg.c **** 	CY_SET_REG32((void CYXDATA *)(CYREG_CLK_SELECT), (CY_GET_REG32((void *)CYREG_CLK_SELECT) & 0xFFFBF
 295              		.loc 1 210 0
 296 00e4 0F4B     		ldr	r3, .L11
 297 00e6 0F4A     		ldr	r2, .L11
 298 00e8 1168     		ldr	r1, [r2]
 299 00ea 124A     		ldr	r2, .L11+16
 300 00ec 0A40     		and	r2, r1
ARM GAS  C:\Users\Sam\AppData\Local\Temp\ccrNezF3.s 			page 10


 301 00ee 1A60     		str	r2, [r3]
 211:.\Generated_Source\PSoC4/cyfitter_cfg.c **** 
 212:.\Generated_Source\PSoC4/cyfitter_cfg.c **** 	/* CYDEV_CLK_SELECT00 Starting address: CYDEV_CLK_SELECT00 */
 213:.\Generated_Source\PSoC4/cyfitter_cfg.c **** 	CY_SET_XTND_REG32((void CYFAR *)(CYREG_CLK_SELECT02), 0x00000020u);
 302              		.loc 1 213 0
 303 00f0 114B     		ldr	r3, .L11+20
 304 00f2 2022     		mov	r2, #32
 305 00f4 1A60     		str	r2, [r3]
 214:.\Generated_Source\PSoC4/cyfitter_cfg.c **** 	CY_SET_XTND_REG32((void CYFAR *)(CYREG_CLK_SELECT03), 0x00000020u);
 306              		.loc 1 214 0
 307 00f6 114B     		ldr	r3, .L11+24
 308 00f8 2022     		mov	r2, #32
 309 00fa 1A60     		str	r2, [r3]
 215:.\Generated_Source\PSoC4/cyfitter_cfg.c **** 	CY_SET_XTND_REG32((void CYFAR *)(CYREG_CLK_SELECT08), 0x00000010u);
 310              		.loc 1 215 0
 311 00fc 104B     		ldr	r3, .L11+28
 312 00fe 1022     		mov	r2, #16
 313 0100 1A60     		str	r2, [r3]
 216:.\Generated_Source\PSoC4/cyfitter_cfg.c **** 
 217:.\Generated_Source\PSoC4/cyfitter_cfg.c **** 	/* CYDEV_CLK_IMO_CONFIG Starting address: CYDEV_CLK_IMO_CONFIG */
 218:.\Generated_Source\PSoC4/cyfitter_cfg.c **** 	CY_SET_XTND_REG32((void CYFAR *)(CYREG_CLK_IMO_CONFIG), 0x80000000u);
 314              		.loc 1 218 0
 315 0102 104B     		ldr	r3, .L11+32
 316 0104 8022     		mov	r2, #128
 317 0106 1206     		lsl	r2, r2, #24
 318 0108 1A60     		str	r2, [r3]
 219:.\Generated_Source\PSoC4/cyfitter_cfg.c **** 
 220:.\Generated_Source\PSoC4/cyfitter_cfg.c **** 	/* CYDEV_CLK_ILO_CONFIG Starting address: CYDEV_CLK_ILO_CONFIG */
 221:.\Generated_Source\PSoC4/cyfitter_cfg.c **** 	CY_SET_XTND_REG32((void CYFAR *)(CYREG_CLK_ILO_CONFIG), 0x80000000u);
 319              		.loc 1 221 0
 320 010a 0F4B     		ldr	r3, .L11+36
 321 010c 8022     		mov	r2, #128
 322 010e 1206     		lsl	r2, r2, #24
 323 0110 1A60     		str	r2, [r3]
 222:.\Generated_Source\PSoC4/cyfitter_cfg.c **** 
 223:.\Generated_Source\PSoC4/cyfitter_cfg.c **** 	/* CYDEV_CLK_DIVIDER_A00 Starting address: CYDEV_CLK_DIVIDER_A00 */
 224:.\Generated_Source\PSoC4/cyfitter_cfg.c **** 	CY_SET_XTND_REG32((void CYFAR *)(CYREG_CLK_DIVIDER_A00), 0x8000002Fu);
 324              		.loc 1 224 0
 325 0112 0E4B     		ldr	r3, .L11+40
 326 0114 0E4A     		ldr	r2, .L11+44
 327 0116 1A60     		str	r2, [r3]
 225:.\Generated_Source\PSoC4/cyfitter_cfg.c **** 
 226:.\Generated_Source\PSoC4/cyfitter_cfg.c **** 	/* CYDEV_CLK_DIVIDER_B00 Starting address: CYDEV_CLK_DIVIDER_B00 */
 227:.\Generated_Source\PSoC4/cyfitter_cfg.c **** 	CY_SET_XTND_REG32((void CYFAR *)(CYREG_CLK_DIVIDER_B00), 0x8000009Bu);
 328              		.loc 1 227 0
 329 0118 0E4B     		ldr	r3, .L11+48
 330 011a 0F4A     		ldr	r2, .L11+52
 331 011c 1A60     		str	r2, [r3]
 228:.\Generated_Source\PSoC4/cyfitter_cfg.c **** 
 229:.\Generated_Source\PSoC4/cyfitter_cfg.c **** }
 332              		.loc 1 229 0
 333 011e BD46     		mov	sp, r7
 334              		@ sp needed for prologue
 335 0120 80BD     		pop	{r7, pc}
 336              	.L12:
 337 0122 C046     		.align	2
 338              	.L11:
ARM GAS  C:\Users\Sam\AppData\Local\Temp\ccrNezF3.s 			page 11


 339 0124 00010B40 		.word	1074462976
 340 0128 2CFF0B40 		.word	1074528044
 341 012c 28FF0B40 		.word	1074528040
 342 0130 E5F1FF0F 		.word	268431845
 343 0134 FFFFFBFF 		.word	-262145
 344 0138 08020240 		.word	1073873416
 345 013c 0C020240 		.word	1073873420
 346 0140 20020240 		.word	1073873440
 347 0144 08010B40 		.word	1074462984
 348 0148 04010B40 		.word	1074462980
 349 014c 00000240 		.word	1073872896
 350 0150 2F000080 		.word	-2147483601
 351 0154 40000240 		.word	1073872960
 352 0158 9B000080 		.word	-2147483493
 353              		.cfi_endproc
 354              	.LFE4:
 355              		.size	ClockSetup, .-ClockSetup
 356              		.section	.text.AnalogSetDefault,"ax",%progbits
 357              		.align	2
 358              		.code	16
 359              		.thumb_func
 360              		.type	AnalogSetDefault, %function
 361              	AnalogSetDefault:
 362              	.LFB5:
 230:.\Generated_Source\PSoC4/cyfitter_cfg.c **** 
 231:.\Generated_Source\PSoC4/cyfitter_cfg.c **** 
 232:.\Generated_Source\PSoC4/cyfitter_cfg.c **** /* Analog API Functions */
 233:.\Generated_Source\PSoC4/cyfitter_cfg.c **** 
 234:.\Generated_Source\PSoC4/cyfitter_cfg.c **** 
 235:.\Generated_Source\PSoC4/cyfitter_cfg.c **** /*******************************************************************************
 236:.\Generated_Source\PSoC4/cyfitter_cfg.c **** * Function Name: AnalogSetDefault
 237:.\Generated_Source\PSoC4/cyfitter_cfg.c **** ********************************************************************************
 238:.\Generated_Source\PSoC4/cyfitter_cfg.c **** *
 239:.\Generated_Source\PSoC4/cyfitter_cfg.c **** * Summary:
 240:.\Generated_Source\PSoC4/cyfitter_cfg.c **** *  Sets up the analog portions of the chip to default values based on chip
 241:.\Generated_Source\PSoC4/cyfitter_cfg.c **** *  configuration options from the project.
 242:.\Generated_Source\PSoC4/cyfitter_cfg.c **** *
 243:.\Generated_Source\PSoC4/cyfitter_cfg.c **** * Parameters:
 244:.\Generated_Source\PSoC4/cyfitter_cfg.c **** *  void
 245:.\Generated_Source\PSoC4/cyfitter_cfg.c **** *
 246:.\Generated_Source\PSoC4/cyfitter_cfg.c **** * Return:
 247:.\Generated_Source\PSoC4/cyfitter_cfg.c **** *  void
 248:.\Generated_Source\PSoC4/cyfitter_cfg.c **** *
 249:.\Generated_Source\PSoC4/cyfitter_cfg.c **** *******************************************************************************/
 250:.\Generated_Source\PSoC4/cyfitter_cfg.c **** static void AnalogSetDefault(void);
 251:.\Generated_Source\PSoC4/cyfitter_cfg.c **** static void AnalogSetDefault(void)
 252:.\Generated_Source\PSoC4/cyfitter_cfg.c **** {
 363              		.loc 1 252 0
 364              		.cfi_startproc
 365 0000 80B5     		push	{r7, lr}
 366              	.LCFI14:
 367              		.cfi_def_cfa_offset 8
 368              		.cfi_offset 7, -8
 369              		.cfi_offset 14, -4
 370 0002 00AF     		add	r7, sp, #0
 371              	.LCFI15:
 372              		.cfi_def_cfa_register 7
ARM GAS  C:\Users\Sam\AppData\Local\Temp\ccrNezF3.s 			page 12


 253:.\Generated_Source\PSoC4/cyfitter_cfg.c **** }
 373              		.loc 1 253 0
 374 0004 BD46     		mov	sp, r7
 375              		@ sp needed for prologue
 376 0006 80BD     		pop	{r7, pc}
 377              		.cfi_endproc
 378              	.LFE5:
 379              		.size	AnalogSetDefault, .-AnalogSetDefault
 380              		.section	.psocinit
 381              		.align	2
 382              		.global	cyfitter_cfg
 383              		.code	16
 384              		.thumb_func
 385              		.type	cyfitter_cfg, %function
 386              	cyfitter_cfg:
 387              	.LFB6:
 254:.\Generated_Source\PSoC4/cyfitter_cfg.c **** 
 255:.\Generated_Source\PSoC4/cyfitter_cfg.c **** #define CY_AMUX_UNUSED CYREG_CM0_ROM_DWT
 256:.\Generated_Source\PSoC4/cyfitter_cfg.c **** 
 257:.\Generated_Source\PSoC4/cyfitter_cfg.c **** 
 258:.\Generated_Source\PSoC4/cyfitter_cfg.c **** /*******************************************************************************
 259:.\Generated_Source\PSoC4/cyfitter_cfg.c **** * Function Name: cyfitter_cfg
 260:.\Generated_Source\PSoC4/cyfitter_cfg.c **** ********************************************************************************
 261:.\Generated_Source\PSoC4/cyfitter_cfg.c **** * Summary:
 262:.\Generated_Source\PSoC4/cyfitter_cfg.c **** *  This function is called by the start-up code for the selected device. It
 263:.\Generated_Source\PSoC4/cyfitter_cfg.c **** *  performs all of the necessary device configuration based on the design
 264:.\Generated_Source\PSoC4/cyfitter_cfg.c **** *  settings.  This includes settings from the Design Wide Resources (DWR) such
 265:.\Generated_Source\PSoC4/cyfitter_cfg.c **** *  as Clocks and Pins as well as any component configuration that is necessary.
 266:.\Generated_Source\PSoC4/cyfitter_cfg.c **** *
 267:.\Generated_Source\PSoC4/cyfitter_cfg.c **** * Parameters:  
 268:.\Generated_Source\PSoC4/cyfitter_cfg.c **** *   void
 269:.\Generated_Source\PSoC4/cyfitter_cfg.c **** *
 270:.\Generated_Source\PSoC4/cyfitter_cfg.c **** * Return:
 271:.\Generated_Source\PSoC4/cyfitter_cfg.c **** *   void
 272:.\Generated_Source\PSoC4/cyfitter_cfg.c **** *
 273:.\Generated_Source\PSoC4/cyfitter_cfg.c **** *******************************************************************************/
 274:.\Generated_Source\PSoC4/cyfitter_cfg.c **** CY_CFG_SECTION
 275:.\Generated_Source\PSoC4/cyfitter_cfg.c **** void cyfitter_cfg(void)
 276:.\Generated_Source\PSoC4/cyfitter_cfg.c **** {
 388              		.loc 1 276 0
 389              		.cfi_startproc
 390 015c 80B5     		push	{r7, lr}
 391              	.LCFI16:
 392              		.cfi_def_cfa_offset 8
 393              		.cfi_offset 7, -8
 394              		.cfi_offset 14, -4
 395 015e 82B0     		sub	sp, sp, #8
 396              	.LCFI17:
 397              		.cfi_def_cfa_offset 16
 398 0160 00AF     		add	r7, sp, #0
 399              	.LCFI18:
 400              		.cfi_def_cfa_register 7
 277:.\Generated_Source\PSoC4/cyfitter_cfg.c **** 	/* Disable interrupts by default. Let user enable if/when they want. */
 278:.\Generated_Source\PSoC4/cyfitter_cfg.c **** 	CyGlobalIntDisable;
 401              		.loc 1 278 0
 402              	@ 278 ".\Generated_Source\PSoC4\cyfitter_cfg.c" 1
 403 0162 72B6     		CPSID   i
ARM GAS  C:\Users\Sam\AppData\Local\Temp\ccrNezF3.s 			page 13


 404              	@ 0 "" 2
 405              		.code	16
 406              	.LBB2:
 279:.\Generated_Source\PSoC4/cyfitter_cfg.c **** 
 280:.\Generated_Source\PSoC4/cyfitter_cfg.c **** 	{
 281:.\Generated_Source\PSoC4/cyfitter_cfg.c **** 
 282:.\Generated_Source\PSoC4/cyfitter_cfg.c **** 		CYPACKED typedef struct {
 283:.\Generated_Source\PSoC4/cyfitter_cfg.c **** 			void CYFAR *address;
 284:.\Generated_Source\PSoC4/cyfitter_cfg.c **** 			uint16 size;
 285:.\Generated_Source\PSoC4/cyfitter_cfg.c **** 		} CYPACKED_ATTR cfg_memset_t;
 286:.\Generated_Source\PSoC4/cyfitter_cfg.c **** 
 287:.\Generated_Source\PSoC4/cyfitter_cfg.c **** 		static const cfg_memset_t CYCODE cfg_memset_list [] = {
 288:.\Generated_Source\PSoC4/cyfitter_cfg.c **** 			/* address, size */
 289:.\Generated_Source\PSoC4/cyfitter_cfg.c **** 			{(void CYFAR *)(CYDEV_UDB_P0_U0_BASE), 1024u},
 290:.\Generated_Source\PSoC4/cyfitter_cfg.c **** 			{(void CYFAR *)(CYDEV_UDB_DSI0_BASE), 1024u},
 291:.\Generated_Source\PSoC4/cyfitter_cfg.c **** 		};
 292:.\Generated_Source\PSoC4/cyfitter_cfg.c **** 
 293:.\Generated_Source\PSoC4/cyfitter_cfg.c **** 		uint8 CYDATA i;
 294:.\Generated_Source\PSoC4/cyfitter_cfg.c **** 
 295:.\Generated_Source\PSoC4/cyfitter_cfg.c **** 		/* Zero out critical memory blocks before beginning configuration */
 296:.\Generated_Source\PSoC4/cyfitter_cfg.c **** 		for (i = 0u; i < (sizeof(cfg_memset_list)/sizeof(cfg_memset_list[0])); i++)
 407              		.loc 1 296 0
 408 0164 FB1D     		add	r3, r7, #7
 409 0166 0022     		mov	r2, #0
 410 0168 1A70     		strb	r2, [r3]
 411 016a 23E0     		b	.L15
 412              	.L16:
 413              	.LBB3:
 297:.\Generated_Source\PSoC4/cyfitter_cfg.c **** 		{
 298:.\Generated_Source\PSoC4/cyfitter_cfg.c **** 			const cfg_memset_t CYCODE * CYDATA ms = &cfg_memset_list[i];
 414              		.loc 1 298 0 discriminator 2
 415 016c FB1D     		add	r3, r7, #7
 416 016e 1A78     		ldrb	r2, [r3]
 417 0170 131C     		mov	r3, r2
 418 0172 5B00     		lsl	r3, r3, #1
 419 0174 9B18     		add	r3, r3, r2
 420 0176 5B00     		lsl	r3, r3, #1
 421 0178 324A     		ldr	r2, .L17
 422 017a 9B18     		add	r3, r3, r2
 423 017c 3B60     		str	r3, [r7]
 299:.\Generated_Source\PSoC4/cyfitter_cfg.c **** 			CYMEMZERO(ms->address, (uint32)(ms->size));
 424              		.loc 1 299 0 discriminator 2
 425 017e 3B68     		ldr	r3, [r7]
 426 0180 1A78     		ldrb	r2, [r3]
 427 0182 5978     		ldrb	r1, [r3, #1]
 428 0184 0902     		lsl	r1, r1, #8
 429 0186 0A43     		orr	r2, r1
 430 0188 9978     		ldrb	r1, [r3, #2]
 431 018a 0904     		lsl	r1, r1, #16
 432 018c 0A43     		orr	r2, r1
 433 018e DB78     		ldrb	r3, [r3, #3]
 434 0190 1B06     		lsl	r3, r3, #24
 435 0192 1343     		orr	r3, r2
 436 0194 1A1C     		mov	r2, r3
 437 0196 3B68     		ldr	r3, [r7]
 438 0198 1979     		ldrb	r1, [r3, #4]
 439 019a 5B79     		ldrb	r3, [r3, #5]
ARM GAS  C:\Users\Sam\AppData\Local\Temp\ccrNezF3.s 			page 14


 440 019c 1B02     		lsl	r3, r3, #8
 441 019e 0B43     		orr	r3, r1
 442 01a0 9BB2     		uxth	r3, r3
 443 01a2 101C     		mov	r0, r2
 444 01a4 191C     		mov	r1, r3
 445 01a6 FFF7FEFF 		bl	CYMEMZERO
 446              	.LBE3:
 296:.\Generated_Source\PSoC4/cyfitter_cfg.c **** 		for (i = 0u; i < (sizeof(cfg_memset_list)/sizeof(cfg_memset_list[0])); i++)
 447              		.loc 1 296 0 discriminator 2
 448 01aa FB1D     		add	r3, r7, #7
 449 01ac FA1D     		add	r2, r7, #7
 450 01ae 1278     		ldrb	r2, [r2]
 451 01b0 0132     		add	r2, r2, #1
 452 01b2 1A70     		strb	r2, [r3]
 453              	.L15:
 296:.\Generated_Source\PSoC4/cyfitter_cfg.c **** 		for (i = 0u; i < (sizeof(cfg_memset_list)/sizeof(cfg_memset_list[0])); i++)
 454              		.loc 1 296 0 is_stmt 0 discriminator 1
 455 01b4 FB1D     		add	r3, r7, #7
 456 01b6 1B78     		ldrb	r3, [r3]
 457 01b8 012B     		cmp	r3, #1
 458 01ba D7D9     		bls	.L16
 300:.\Generated_Source\PSoC4/cyfitter_cfg.c **** 		}
 301:.\Generated_Source\PSoC4/cyfitter_cfg.c **** 
 302:.\Generated_Source\PSoC4/cyfitter_cfg.c **** 		/* HSIOM Starting address: CYDEV_HSIOM_BASE */
 303:.\Generated_Source\PSoC4/cyfitter_cfg.c **** 		CY_SET_XTND_REG32((void CYFAR *)(CYDEV_HSIOM_BASE), 0x00990000u);
 459              		.loc 1 303 0 is_stmt 1
 460 01bc 224B     		ldr	r3, .L17+4
 461 01be 9922     		mov	r2, #153
 462 01c0 1204     		lsl	r2, r2, #16
 463 01c2 1A60     		str	r2, [r3]
 304:.\Generated_Source\PSoC4/cyfitter_cfg.c **** 		CY_SET_XTND_REG32((void CYFAR *)(CYREG_HSIOM_PORT_SEL3), 0x0000EE00u);
 464              		.loc 1 304 0
 465 01c4 214B     		ldr	r3, .L17+8
 466 01c6 EE22     		mov	r2, #238
 467 01c8 1202     		lsl	r2, r2, #8
 468 01ca 1A60     		str	r2, [r3]
 305:.\Generated_Source\PSoC4/cyfitter_cfg.c **** 
 306:.\Generated_Source\PSoC4/cyfitter_cfg.c **** 		/* IOPINS0_0 Starting address: CYDEV_PRT0_DR */
 307:.\Generated_Source\PSoC4/cyfitter_cfg.c **** 		CY_SET_XTND_REG32((void CYFAR *)(CYREG_PRT0_DR), 0x00000020u);
 469              		.loc 1 307 0
 470 01cc 204B     		ldr	r3, .L17+12
 471 01ce 2022     		mov	r2, #32
 472 01d0 1A60     		str	r2, [r3]
 308:.\Generated_Source\PSoC4/cyfitter_cfg.c **** 		CY_SET_XTND_REG32((void CYFAR *)(CYREG_PRT0_PC), 0x000311B6u);
 473              		.loc 1 308 0
 474 01d2 204B     		ldr	r3, .L17+16
 475 01d4 204A     		ldr	r2, .L17+20
 476 01d6 1A60     		str	r2, [r3]
 309:.\Generated_Source\PSoC4/cyfitter_cfg.c **** 
 310:.\Generated_Source\PSoC4/cyfitter_cfg.c **** 		/* IOPINS0_1 Starting address: CYDEV_PRT1_DR */
 311:.\Generated_Source\PSoC4/cyfitter_cfg.c **** 		CY_SET_XTND_REG32((void CYFAR *)(CYREG_PRT1_PC), 0x00030000u);
 477              		.loc 1 311 0
 478 01d8 204B     		ldr	r3, .L17+24
 479 01da C022     		mov	r2, #192
 480 01dc 9202     		lsl	r2, r2, #10
 481 01de 1A60     		str	r2, [r3]
 312:.\Generated_Source\PSoC4/cyfitter_cfg.c **** 
ARM GAS  C:\Users\Sam\AppData\Local\Temp\ccrNezF3.s 			page 15


 313:.\Generated_Source\PSoC4/cyfitter_cfg.c **** 		/* IOPINS0_2 Starting address: CYDEV_PRT2_DR */
 314:.\Generated_Source\PSoC4/cyfitter_cfg.c **** 		CY_SET_XTND_REG32((void CYFAR *)(CYREG_PRT2_PC), 0x00000003u);
 482              		.loc 1 314 0
 483 01e0 1F4B     		ldr	r3, .L17+28
 484 01e2 0322     		mov	r2, #3
 485 01e4 1A60     		str	r2, [r3]
 315:.\Generated_Source\PSoC4/cyfitter_cfg.c **** 
 316:.\Generated_Source\PSoC4/cyfitter_cfg.c **** 		/* IOPINS0_3 Starting address: CYDEV_PRT3_DR */
 317:.\Generated_Source\PSoC4/cyfitter_cfg.c **** 		CY_SET_XTND_REG32((void CYFAR *)(CYREG_PRT3_PC), 0x00000D80u);
 486              		.loc 1 317 0
 487 01e6 1F4B     		ldr	r3, .L17+32
 488 01e8 D822     		mov	r2, #216
 489 01ea 1201     		lsl	r2, r2, #4
 490 01ec 1A60     		str	r2, [r3]
 318:.\Generated_Source\PSoC4/cyfitter_cfg.c **** 
 319:.\Generated_Source\PSoC4/cyfitter_cfg.c **** 		/* UDB_PA_0 Starting address: CYDEV_UDB_PA0_BASE */
 320:.\Generated_Source\PSoC4/cyfitter_cfg.c **** 		CY_SET_XTND_REG32((void CYFAR *)(CYDEV_UDB_PA0_BASE), 0x00990000u);
 491              		.loc 1 320 0
 492 01ee 1E4B     		ldr	r3, .L17+36
 493 01f0 9922     		mov	r2, #153
 494 01f2 1204     		lsl	r2, r2, #16
 495 01f4 1A60     		str	r2, [r3]
 321:.\Generated_Source\PSoC4/cyfitter_cfg.c **** 
 322:.\Generated_Source\PSoC4/cyfitter_cfg.c **** 		/* UDB_PA_1 Starting address: CYDEV_UDB_PA1_BASE */
 323:.\Generated_Source\PSoC4/cyfitter_cfg.c **** 		CY_SET_XTND_REG32((void CYFAR *)(CYDEV_UDB_PA1_BASE), 0x00990000u);
 496              		.loc 1 323 0
 497 01f6 1D4B     		ldr	r3, .L17+40
 498 01f8 9922     		mov	r2, #153
 499 01fa 1204     		lsl	r2, r2, #16
 500 01fc 1A60     		str	r2, [r3]
 324:.\Generated_Source\PSoC4/cyfitter_cfg.c **** 
 325:.\Generated_Source\PSoC4/cyfitter_cfg.c **** 		/* UDB_PA_2 Starting address: CYDEV_UDB_PA2_BASE */
 326:.\Generated_Source\PSoC4/cyfitter_cfg.c **** 		CY_SET_XTND_REG32((void CYFAR *)(CYDEV_UDB_PA2_BASE), 0x00990000u);
 501              		.loc 1 326 0
 502 01fe 1C4B     		ldr	r3, .L17+44
 503 0200 9922     		mov	r2, #153
 504 0202 1204     		lsl	r2, r2, #16
 505 0204 1A60     		str	r2, [r3]
 327:.\Generated_Source\PSoC4/cyfitter_cfg.c **** 
 328:.\Generated_Source\PSoC4/cyfitter_cfg.c **** 		/* UDB_PA_3 Starting address: CYDEV_UDB_PA3_BASE */
 329:.\Generated_Source\PSoC4/cyfitter_cfg.c **** 		CY_SET_XTND_REG32((void CYFAR *)(CYDEV_UDB_PA3_BASE), 0x00990000u);
 506              		.loc 1 329 0
 507 0206 1B4B     		ldr	r3, .L17+48
 508 0208 9922     		mov	r2, #153
 509 020a 1204     		lsl	r2, r2, #16
 510 020c 1A60     		str	r2, [r3]
 330:.\Generated_Source\PSoC4/cyfitter_cfg.c **** 
 331:.\Generated_Source\PSoC4/cyfitter_cfg.c **** 		/* TCPWM_CNT0 Starting address: CYDEV_TCPWM_CNT0_TR_CTRL0 */
 332:.\Generated_Source\PSoC4/cyfitter_cfg.c **** 		CY_SET_XTND_REG32((void CYFAR *)(CYREG_TCPWM_CNT0_TR_CTRL0), 0x00000010u);
 511              		.loc 1 332 0
 512 020e 1A4B     		ldr	r3, .L17+52
 513 0210 1022     		mov	r2, #16
 514 0212 1A60     		str	r2, [r3]
 333:.\Generated_Source\PSoC4/cyfitter_cfg.c **** 
 334:.\Generated_Source\PSoC4/cyfitter_cfg.c **** 		/* Enable digital routing */
 335:.\Generated_Source\PSoC4/cyfitter_cfg.c **** 		CY_SET_XTND_REG8((void *)CYREG_UDB_UDBIF_BANK_CTL, CY_GET_XTND_REG8((void *)CYREG_UDB_UDBIF_BANK_
 515              		.loc 1 335 0
ARM GAS  C:\Users\Sam\AppData\Local\Temp\ccrNezF3.s 			page 16


 516 0214 194B     		ldr	r3, .L17+56
 517 0216 194A     		ldr	r2, .L17+56
 518 0218 1278     		ldrb	r2, [r2]
 519 021a D2B2     		uxtb	r2, r2
 520 021c 0221     		mov	r1, #2
 521 021e 0A43     		orr	r2, r1
 522 0220 D2B2     		uxtb	r2, r2
 523 0222 1A70     		strb	r2, [r3]
 336:.\Generated_Source\PSoC4/cyfitter_cfg.c **** 
 337:.\Generated_Source\PSoC4/cyfitter_cfg.c **** 		/* Enable UDB array */
 338:.\Generated_Source\PSoC4/cyfitter_cfg.c **** 		CY_SET_XTND_REG8((void *)CYREG_UDB_UDBIF_BANK_CTL, CY_GET_XTND_REG8((void *)CYREG_UDB_UDBIF_BANK_
 524              		.loc 1 338 0
 525 0224 154B     		ldr	r3, .L17+56
 526 0226 154A     		ldr	r2, .L17+56
 527 0228 1278     		ldrb	r2, [r2]
 528 022a D2B2     		uxtb	r2, r2
 529 022c 0621     		mov	r1, #6
 530 022e 0A43     		orr	r2, r1
 531 0230 D2B2     		uxtb	r2, r2
 532 0232 1A70     		strb	r2, [r3]
 533              	.LBE2:
 339:.\Generated_Source\PSoC4/cyfitter_cfg.c **** 	}
 340:.\Generated_Source\PSoC4/cyfitter_cfg.c **** 
 341:.\Generated_Source\PSoC4/cyfitter_cfg.c **** 	/* Setup clocks based on selections from Clock DWR */
 342:.\Generated_Source\PSoC4/cyfitter_cfg.c **** 	ClockSetup();
 534              		.loc 1 342 0
 535 0234 FFF73CFF 		bl	ClockSetup
 343:.\Generated_Source\PSoC4/cyfitter_cfg.c **** 
 344:.\Generated_Source\PSoC4/cyfitter_cfg.c **** 	/* Perform basic analog initialization to defaults */
 345:.\Generated_Source\PSoC4/cyfitter_cfg.c **** 	AnalogSetDefault();
 536              		.loc 1 345 0
 537 0238 FFF7FEFF 		bl	AnalogSetDefault
 346:.\Generated_Source\PSoC4/cyfitter_cfg.c **** 
 347:.\Generated_Source\PSoC4/cyfitter_cfg.c **** }
 538              		.loc 1 347 0
 539 023c BD46     		mov	sp, r7
 540 023e 02B0     		add	sp, sp, #8
 541              		@ sp needed for prologue
 542 0240 80BD     		pop	{r7, pc}
 543              	.L18:
 544 0242 C046     		.align	2
 545              	.L17:
 546 0244 00000000 		.word	cfg_memset_list.4643
 547 0248 00000140 		.word	1073807360
 548 024c 0C000140 		.word	1073807372
 549 0250 00000440 		.word	1074003968
 550 0254 08000440 		.word	1074003976
 551 0258 B6110300 		.word	201142
 552 025c 08010440 		.word	1074004232
 553 0260 08020440 		.word	1074004488
 554 0264 08030440 		.word	1074004744
 555 0268 00500F40 		.word	1074745344
 556 026c 10500F40 		.word	1074745360
 557 0270 20500F40 		.word	1074745376
 558 0274 30500F40 		.word	1074745392
 559 0278 20010540 		.word	1074069792
 560 027c 00700F40 		.word	1074753536
ARM GAS  C:\Users\Sam\AppData\Local\Temp\ccrNezF3.s 			page 17


 561              		.cfi_endproc
 562              	.LFE6:
 563              		.size	cyfitter_cfg, .-cyfitter_cfg
 564              		.section	.rodata
 565              		.align	2
 566              		.type	cfg_memset_list.4643, %object
 567              		.size	cfg_memset_list.4643, 12
 568              	cfg_memset_list.4643:
 569 0000 00300F40 		.word	1074737152
 570 0004 0004     		.short	1024
 571 0006 00400F40 		.4byte	1074741248
 572 000a 0004     		.short	1024
 573              		.align	2
 574              		.type	IMO_TRIM_FREQ_TABLE_ENTRIES.4619, %object
 575              		.size	IMO_TRIM_FREQ_TABLE_ENTRIES.4619, 4
 576              	IMO_TRIM_FREQ_TABLE_ENTRIES.4619:
 577 000c 04000000 		.word	4
 578              		.data
 579              		.align	2
 580              		.type	imo_trim_table.4618, %object
 581              		.size	imo_trim_table.4618, 4
 582              	imo_trim_table.4618:
 583 0000 C0F1FF0F 		.word	268431808
 584              		.text
 585              	.Letext0:
 586              		.file 2 "c:\\program files (x86)\\cypress\\psoc creator\\3.0\\psoc creator\\import\\gnu_cs\\arm\\4
 587              		.file 3 "./Generated_Source/PSoC4/cytypes.h"
 588              		.section	.debug_info,"",%progbits
 589              	.Ldebug_info0:
 590 0000 69030000 		.4byte	0x369
 591 0004 0200     		.2byte	0x2
 592 0006 00000000 		.4byte	.Ldebug_abbrev0
 593 000a 04       		.byte	0x4
 594 000b 01       		.uleb128 0x1
 595 000c BE010000 		.4byte	.LASF43
 596 0010 01       		.byte	0x1
 597 0011 5D010000 		.4byte	.LASF44
 598 0015 56020000 		.4byte	.LASF45
 599 0019 00000000 		.4byte	.Ldebug_ranges0+0
 600 001d 00000000 		.4byte	0
 601 0021 00000000 		.4byte	0
 602 0025 00000000 		.4byte	.Ldebug_line0
 603 0029 02       		.uleb128 0x2
 604 002a 01       		.byte	0x1
 605 002b 06       		.byte	0x6
 606 002c 2E020000 		.4byte	.LASF0
 607 0030 02       		.uleb128 0x2
 608 0031 01       		.byte	0x1
 609 0032 08       		.byte	0x8
 610 0033 BF000000 		.4byte	.LASF1
 611 0037 02       		.uleb128 0x2
 612 0038 02       		.byte	0x2
 613 0039 05       		.byte	0x5
 614 003a 63000000 		.4byte	.LASF2
 615 003e 02       		.uleb128 0x2
 616 003f 02       		.byte	0x2
 617 0040 07       		.byte	0x7
ARM GAS  C:\Users\Sam\AppData\Local\Temp\ccrNezF3.s 			page 18


 618 0041 50000000 		.4byte	.LASF3
 619 0045 03       		.uleb128 0x3
 620 0046 04       		.byte	0x4
 621 0047 05       		.byte	0x5
 622 0048 696E7400 		.ascii	"int\000"
 623 004c 02       		.uleb128 0x2
 624 004d 04       		.byte	0x4
 625 004e 07       		.byte	0x7
 626 004f 06010000 		.4byte	.LASF4
 627 0053 02       		.uleb128 0x2
 628 0054 08       		.byte	0x8
 629 0055 05       		.byte	0x5
 630 0056 97010000 		.4byte	.LASF5
 631 005a 02       		.uleb128 0x2
 632 005b 08       		.byte	0x8
 633 005c 07       		.byte	0x7
 634 005d 28010000 		.4byte	.LASF6
 635 0061 02       		.uleb128 0x2
 636 0062 04       		.byte	0x4
 637 0063 05       		.byte	0x5
 638 0064 16020000 		.4byte	.LASF7
 639 0068 02       		.uleb128 0x2
 640 0069 04       		.byte	0x4
 641 006a 07       		.byte	0x7
 642 006b 85010000 		.4byte	.LASF8
 643 006f 04       		.uleb128 0x4
 644 0070 04       		.byte	0x4
 645 0071 02       		.uleb128 0x2
 646 0072 04       		.byte	0x4
 647 0073 07       		.byte	0x7
 648 0074 9D000000 		.4byte	.LASF9
 649 0078 02       		.uleb128 0x2
 650 0079 01       		.byte	0x1
 651 007a 08       		.byte	0x8
 652 007b A5010000 		.4byte	.LASF10
 653 007f 05       		.uleb128 0x5
 654 0080 06000000 		.4byte	.LASF11
 655 0084 02       		.byte	0x2
 656 0085 D5       		.byte	0xd5
 657 0086 4C000000 		.4byte	0x4c
 658 008a 05       		.uleb128 0x5
 659 008b B8010000 		.4byte	.LASF12
 660 008f 03       		.byte	0x3
 661 0090 5B       		.byte	0x5b
 662 0091 30000000 		.4byte	0x30
 663 0095 05       		.uleb128 0x5
 664 0096 F8000000 		.4byte	.LASF13
 665 009a 03       		.byte	0x3
 666 009b 5C       		.byte	0x5c
 667 009c 3E000000 		.4byte	0x3e
 668 00a0 05       		.uleb128 0x5
 669 00a1 FF000000 		.4byte	.LASF14
 670 00a5 03       		.byte	0x3
 671 00a6 5D       		.byte	0x5d
 672 00a7 71000000 		.4byte	0x71
 673 00ab 05       		.uleb128 0x5
 674 00ac AF000000 		.4byte	.LASF15
ARM GAS  C:\Users\Sam\AppData\Local\Temp\ccrNezF3.s 			page 19


 675 00b0 03       		.byte	0x3
 676 00b1 60       		.byte	0x60
 677 00b2 61000000 		.4byte	0x61
 678 00b6 02       		.uleb128 0x2
 679 00b7 04       		.byte	0x4
 680 00b8 04       		.byte	0x4
 681 00b9 7B000000 		.4byte	.LASF16
 682 00bd 02       		.uleb128 0x2
 683 00be 08       		.byte	0x8
 684 00bf 04       		.byte	0x4
 685 00c0 CD000000 		.4byte	.LASF17
 686 00c4 05       		.uleb128 0x5
 687 00c5 98000000 		.4byte	.LASF18
 688 00c9 03       		.byte	0x3
 689 00ca F0       		.byte	0xf0
 690 00cb CF000000 		.4byte	0xcf
 691 00cf 06       		.uleb128 0x6
 692 00d0 8A000000 		.4byte	0x8a
 693 00d4 05       		.uleb128 0x5
 694 00d5 00000000 		.4byte	.LASF19
 695 00d9 03       		.byte	0x3
 696 00da F2       		.byte	0xf2
 697 00db DF000000 		.4byte	0xdf
 698 00df 06       		.uleb128 0x6
 699 00e0 A0000000 		.4byte	0xa0
 700 00e4 07       		.uleb128 0x7
 701 00e5 B5000000 		.4byte	.LASF20
 702 00e9 01       		.byte	0x1
 703 00ea 39       		.byte	0x39
 704 00eb 01       		.byte	0x1
 705 00ec 00000000 		.4byte	.LFB0
 706 00f0 1E000000 		.4byte	.LFE0
 707 00f4 00000000 		.4byte	.LLST0
 708 00f8 01       		.byte	0x1
 709 00f9 16010000 		.4byte	0x116
 710 00fd 08       		.uleb128 0x8
 711 00fe 7300     		.ascii	"s\000"
 712 0100 01       		.byte	0x1
 713 0101 39       		.byte	0x39
 714 0102 6F000000 		.4byte	0x6f
 715 0106 02       		.byte	0x2
 716 0107 91       		.byte	0x91
 717 0108 74       		.sleb128 -12
 718 0109 08       		.uleb128 0x8
 719 010a 6E00     		.ascii	"n\000"
 720 010c 01       		.byte	0x1
 721 010d 39       		.byte	0x39
 722 010e 7F000000 		.4byte	0x7f
 723 0112 02       		.byte	0x2
 724 0113 91       		.byte	0x91
 725 0114 70       		.sleb128 -16
 726 0115 00       		.byte	0
 727 0116 07       		.uleb128 0x7
 728 0117 4A020000 		.4byte	.LASF21
 729 011b 01       		.byte	0x1
 730 011c 40       		.byte	0x40
 731 011d 01       		.byte	0x1
ARM GAS  C:\Users\Sam\AppData\Local\Temp\ccrNezF3.s 			page 20


 732 011e 00000000 		.4byte	.LFB1
 733 0122 22000000 		.4byte	.LFE1
 734 0126 38000000 		.4byte	.LLST1
 735 012a 01       		.byte	0x1
 736 012b 58010000 		.4byte	0x158
 737 012f 09       		.uleb128 0x9
 738 0130 8E000000 		.4byte	.LASF22
 739 0134 01       		.byte	0x1
 740 0135 40       		.byte	0x40
 741 0136 6F000000 		.4byte	0x6f
 742 013a 02       		.byte	0x2
 743 013b 91       		.byte	0x91
 744 013c 74       		.sleb128 -12
 745 013d 08       		.uleb128 0x8
 746 013e 73726300 		.ascii	"src\000"
 747 0142 01       		.byte	0x1
 748 0143 40       		.byte	0x40
 749 0144 58010000 		.4byte	0x158
 750 0148 02       		.byte	0x2
 751 0149 91       		.byte	0x91
 752 014a 70       		.sleb128 -16
 753 014b 08       		.uleb128 0x8
 754 014c 6E00     		.ascii	"n\000"
 755 014e 01       		.byte	0x1
 756 014f 40       		.byte	0x40
 757 0150 7F000000 		.4byte	0x7f
 758 0154 02       		.byte	0x2
 759 0155 91       		.byte	0x91
 760 0156 6C       		.sleb128 -20
 761 0157 00       		.byte	0
 762 0158 0A       		.uleb128 0xa
 763 0159 04       		.byte	0x4
 764 015a 5E010000 		.4byte	0x15e
 765 015e 0B       		.uleb128 0xb
 766 015f 07       		.uleb128 0x7
 767 0160 3A020000 		.4byte	.LASF23
 768 0164 01       		.byte	0x1
 769 0165 47       		.byte	0x47
 770 0166 01       		.byte	0x1
 771 0167 00000000 		.4byte	.LFB2
 772 016b 22000000 		.4byte	.LFE2
 773 016f 70000000 		.4byte	.LLST2
 774 0173 01       		.byte	0x1
 775 0174 A1010000 		.4byte	0x1a1
 776 0178 09       		.uleb128 0x9
 777 0179 8E000000 		.4byte	.LASF22
 778 017d 01       		.byte	0x1
 779 017e 47       		.byte	0x47
 780 017f 6F000000 		.4byte	0x6f
 781 0183 02       		.byte	0x2
 782 0184 91       		.byte	0x91
 783 0185 74       		.sleb128 -12
 784 0186 08       		.uleb128 0x8
 785 0187 73726300 		.ascii	"src\000"
 786 018b 01       		.byte	0x1
 787 018c 47       		.byte	0x47
 788 018d 58010000 		.4byte	0x158
ARM GAS  C:\Users\Sam\AppData\Local\Temp\ccrNezF3.s 			page 21


 789 0191 02       		.byte	0x2
 790 0192 91       		.byte	0x91
 791 0193 70       		.sleb128 -16
 792 0194 08       		.uleb128 0x8
 793 0195 6E00     		.ascii	"n\000"
 794 0197 01       		.byte	0x1
 795 0198 47       		.byte	0x47
 796 0199 7F000000 		.4byte	0x7f
 797 019d 02       		.byte	0x2
 798 019e 91       		.byte	0x91
 799 019f 6C       		.sleb128 -20
 800 01a0 00       		.byte	0
 801 01a1 0C       		.uleb128 0xc
 802 01a2 6D000000 		.4byte	.LASF24
 803 01a6 01       		.byte	0x1
 804 01a7 8C       		.byte	0x8c
 805 01a8 01       		.byte	0x1
 806 01a9 00000000 		.4byte	.LFB3
 807 01ad B0000000 		.4byte	.LFE3
 808 01b1 A8000000 		.4byte	.LLST3
 809 01b5 01       		.byte	0x1
 810 01b6 90020000 		.4byte	0x290
 811 01ba 09       		.uleb128 0x9
 812 01bb D4000000 		.4byte	.LASF25
 813 01bf 01       		.byte	0x1
 814 01c0 8C       		.byte	0x8c
 815 01c1 8A000000 		.4byte	0x8a
 816 01c5 02       		.byte	0x2
 817 01c6 91       		.byte	0x91
 818 01c7 6F       		.sleb128 -17
 819 01c8 0D       		.uleb128 0xd
 820 01c9 03       		.byte	0x3
 821 01ca 01       		.byte	0x1
 822 01cb 8E       		.byte	0x8e
 823 01cc FB010000 		.4byte	0x1fb
 824 01d0 0E       		.uleb128 0xe
 825 01d1 B3010000 		.4byte	.LASF26
 826 01d5 01       		.byte	0x1
 827 01d6 8F       		.byte	0x8f
 828 01d7 8A000000 		.4byte	0x8a
 829 01db 02       		.byte	0x2
 830 01dc 23       		.byte	0x23
 831 01dd 00       		.uleb128 0
 832 01de 0E       		.uleb128 0xe
 833 01df AA010000 		.4byte	.LASF27
 834 01e3 01       		.byte	0x1
 835 01e4 90       		.byte	0x90
 836 01e5 8A000000 		.4byte	0x8a
 837 01e9 02       		.byte	0x2
 838 01ea 23       		.byte	0x23
 839 01eb 01       		.uleb128 0x1
 840 01ec 0E       		.uleb128 0xe
 841 01ed 4A000000 		.4byte	.LASF28
 842 01f1 01       		.byte	0x1
 843 01f2 91       		.byte	0x91
 844 01f3 8A000000 		.4byte	0x8a
 845 01f7 02       		.byte	0x2
ARM GAS  C:\Users\Sam\AppData\Local\Temp\ccrNezF3.s 			page 22


 846 01f8 23       		.byte	0x23
 847 01f9 02       		.uleb128 0x2
 848 01fa 00       		.byte	0
 849 01fb 05       		.uleb128 0x5
 850 01fc 1E000000 		.4byte	.LASF29
 851 0200 01       		.byte	0x1
 852 0201 92       		.byte	0x92
 853 0202 C8010000 		.4byte	0x1c8
 854 0206 0D       		.uleb128 0xd
 855 0207 0C       		.byte	0xc
 856 0208 01       		.byte	0x1
 857 0209 94       		.byte	0x94
 858 020a 2D020000 		.4byte	0x22d
 859 020e 0F       		.uleb128 0xf
 860 020f FB010000 		.4byte	0x1fb
 861 0213 1E020000 		.4byte	0x21e
 862 0217 10       		.uleb128 0x10
 863 0218 68000000 		.4byte	0x68
 864 021c 03       		.byte	0x3
 865 021d 00       		.byte	0
 866 021e 0E       		.uleb128 0xe
 867 021f 1F020000 		.4byte	.LASF30
 868 0223 01       		.byte	0x1
 869 0224 95       		.byte	0x95
 870 0225 0E020000 		.4byte	0x20e
 871 0229 02       		.byte	0x2
 872 022a 23       		.byte	0x23
 873 022b 00       		.uleb128 0
 874 022c 00       		.byte	0
 875 022d 05       		.uleb128 0x5
 876 022e 3F010000 		.4byte	.LASF31
 877 0232 01       		.byte	0x1
 878 0233 96       		.byte	0x96
 879 0234 06020000 		.4byte	0x206
 880 0238 11       		.uleb128 0x11
 881 0239 07020000 		.4byte	.LASF32
 882 023d 01       		.byte	0x1
 883 023e 98       		.byte	0x98
 884 023f 49020000 		.4byte	0x249
 885 0243 05       		.byte	0x5
 886 0244 03       		.byte	0x3
 887 0245 00000000 		.4byte	imo_trim_table.4618
 888 0249 0A       		.uleb128 0xa
 889 024a 04       		.byte	0x4
 890 024b 4F020000 		.4byte	0x24f
 891 024f 12       		.uleb128 0x12
 892 0250 2D020000 		.4byte	0x22d
 893 0254 11       		.uleb128 0x11
 894 0255 DC000000 		.4byte	.LASF33
 895 0259 01       		.byte	0x1
 896 025a 99       		.byte	0x99
 897 025b 90020000 		.4byte	0x290
 898 025f 05       		.byte	0x5
 899 0260 03       		.byte	0x3
 900 0261 0C000000 		.4byte	IMO_TRIM_FREQ_TABLE_ENTRIES.4619
 901 0265 11       		.uleb128 0x11
 902 0266 81000000 		.4byte	.LASF34
ARM GAS  C:\Users\Sam\AppData\Local\Temp\ccrNezF3.s 			page 23


 903 026a 01       		.byte	0x1
 904 026b 9B       		.byte	0x9b
 905 026c AB000000 		.4byte	0xab
 906 0270 02       		.byte	0x2
 907 0271 91       		.byte	0x91
 908 0272 74       		.sleb128 -12
 909 0273 11       		.uleb128 0x11
 910 0274 27020000 		.4byte	.LASF35
 911 0278 01       		.byte	0x1
 912 0279 9C       		.byte	0x9c
 913 027a 8A000000 		.4byte	0x8a
 914 027e 02       		.byte	0x2
 915 027f 91       		.byte	0x91
 916 0280 73       		.sleb128 -13
 917 0281 11       		.uleb128 0x11
 918 0282 8E010000 		.4byte	.LASF36
 919 0286 01       		.byte	0x1
 920 0287 9D       		.byte	0x9d
 921 0288 8A000000 		.4byte	0x8a
 922 028c 02       		.byte	0x2
 923 028d 91       		.byte	0x91
 924 028e 72       		.sleb128 -14
 925 028f 00       		.byte	0
 926 0290 12       		.uleb128 0x12
 927 0291 A0000000 		.4byte	0xa0
 928 0295 13       		.uleb128 0x13
 929 0296 3F000000 		.4byte	.LASF37
 930 029a 01       		.byte	0x1
 931 029b C3       		.byte	0xc3
 932 029c 01       		.byte	0x1
 933 029d B0000000 		.4byte	.LFB4
 934 02a1 5C010000 		.4byte	.LFE4
 935 02a5 E0000000 		.4byte	.LLST4
 936 02a9 01       		.byte	0x1
 937 02aa 14       		.uleb128 0x14
 938 02ab 0D000000 		.4byte	.LASF38
 939 02af 01       		.byte	0x1
 940 02b0 FB       		.byte	0xfb
 941 02b1 01       		.byte	0x1
 942 02b2 00000000 		.4byte	.LFB5
 943 02b6 08000000 		.4byte	.LFE5
 944 02ba 0C010000 		.4byte	.LLST5
 945 02be 01       		.byte	0x1
 946 02bf 15       		.uleb128 0x15
 947 02c0 01       		.byte	0x1
 948 02c1 13010000 		.4byte	.LASF46
 949 02c5 01       		.byte	0x1
 950 02c6 1301     		.2byte	0x113
 951 02c8 01       		.byte	0x1
 952 02c9 5C010000 		.4byte	.LFB6
 953 02cd 80020000 		.4byte	.LFE6
 954 02d1 38010000 		.4byte	.LLST6
 955 02d5 01       		.byte	0x1
 956 02d6 16       		.uleb128 0x16
 957 02d7 64010000 		.4byte	.LBB2
 958 02db 34020000 		.4byte	.LBE2
 959 02df 17       		.uleb128 0x17
ARM GAS  C:\Users\Sam\AppData\Local\Temp\ccrNezF3.s 			page 24


 960 02e0 06       		.byte	0x6
 961 02e1 01       		.byte	0x1
 962 02e2 1A01     		.2byte	0x11a
 963 02e4 07030000 		.4byte	0x307
 964 02e8 18       		.uleb128 0x18
 965 02e9 20010000 		.4byte	.LASF39
 966 02ed 01       		.byte	0x1
 967 02ee 1B01     		.2byte	0x11b
 968 02f0 6F000000 		.4byte	0x6f
 969 02f4 02       		.byte	0x2
 970 02f5 23       		.byte	0x23
 971 02f6 00       		.uleb128 0
 972 02f7 18       		.uleb128 0x18
 973 02f8 93000000 		.4byte	.LASF40
 974 02fc 01       		.byte	0x1
 975 02fd 1C01     		.2byte	0x11c
 976 02ff 95000000 		.4byte	0x95
 977 0303 02       		.byte	0x2
 978 0304 23       		.byte	0x23
 979 0305 04       		.uleb128 0x4
 980 0306 00       		.byte	0
 981 0307 19       		.uleb128 0x19
 982 0308 50010000 		.4byte	.LASF41
 983 030c 01       		.byte	0x1
 984 030d 1D01     		.2byte	0x11d
 985 030f DF020000 		.4byte	0x2df
 986 0313 0F       		.uleb128 0xf
 987 0314 07030000 		.4byte	0x307
 988 0318 23030000 		.4byte	0x323
 989 031c 10       		.uleb128 0x10
 990 031d 68000000 		.4byte	0x68
 991 0321 01       		.byte	0x1
 992 0322 00       		.byte	0
 993 0323 1A       		.uleb128 0x1a
 994 0324 2F000000 		.4byte	.LASF42
 995 0328 01       		.byte	0x1
 996 0329 1F01     		.2byte	0x11f
 997 032b 35030000 		.4byte	0x335
 998 032f 05       		.byte	0x5
 999 0330 03       		.byte	0x3
 1000 0331 00000000 		.4byte	cfg_memset_list.4643
 1001 0335 12       		.uleb128 0x12
 1002 0336 13030000 		.4byte	0x313
 1003 033a 1B       		.uleb128 0x1b
 1004 033b 6900     		.ascii	"i\000"
 1005 033d 01       		.byte	0x1
 1006 033e 2501     		.2byte	0x125
 1007 0340 8A000000 		.4byte	0x8a
 1008 0344 02       		.byte	0x2
 1009 0345 91       		.byte	0x91
 1010 0346 77       		.sleb128 -9
 1011 0347 16       		.uleb128 0x16
 1012 0348 6C010000 		.4byte	.LBB3
 1013 034c AA010000 		.4byte	.LBE3
 1014 0350 1B       		.uleb128 0x1b
 1015 0351 6D7300   		.ascii	"ms\000"
 1016 0354 01       		.byte	0x1
ARM GAS  C:\Users\Sam\AppData\Local\Temp\ccrNezF3.s 			page 25


 1017 0355 2A01     		.2byte	0x12a
 1018 0357 5E030000 		.4byte	0x35e
 1019 035b 02       		.byte	0x2
 1020 035c 91       		.byte	0x91
 1021 035d 70       		.sleb128 -16
 1022 035e 0A       		.uleb128 0xa
 1023 035f 04       		.byte	0x4
 1024 0360 64030000 		.4byte	0x364
 1025 0364 12       		.uleb128 0x12
 1026 0365 07030000 		.4byte	0x307
 1027 0369 00       		.byte	0
 1028 036a 00       		.byte	0
 1029 036b 00       		.byte	0
 1030 036c 00       		.byte	0
 1031              		.section	.debug_abbrev,"",%progbits
 1032              	.Ldebug_abbrev0:
 1033 0000 01       		.uleb128 0x1
 1034 0001 11       		.uleb128 0x11
 1035 0002 01       		.byte	0x1
 1036 0003 25       		.uleb128 0x25
 1037 0004 0E       		.uleb128 0xe
 1038 0005 13       		.uleb128 0x13
 1039 0006 0B       		.uleb128 0xb
 1040 0007 03       		.uleb128 0x3
 1041 0008 0E       		.uleb128 0xe
 1042 0009 1B       		.uleb128 0x1b
 1043 000a 0E       		.uleb128 0xe
 1044 000b 55       		.uleb128 0x55
 1045 000c 06       		.uleb128 0x6
 1046 000d 11       		.uleb128 0x11
 1047 000e 01       		.uleb128 0x1
 1048 000f 52       		.uleb128 0x52
 1049 0010 01       		.uleb128 0x1
 1050 0011 10       		.uleb128 0x10
 1051 0012 06       		.uleb128 0x6
 1052 0013 00       		.byte	0
 1053 0014 00       		.byte	0
 1054 0015 02       		.uleb128 0x2
 1055 0016 24       		.uleb128 0x24
 1056 0017 00       		.byte	0
 1057 0018 0B       		.uleb128 0xb
 1058 0019 0B       		.uleb128 0xb
 1059 001a 3E       		.uleb128 0x3e
 1060 001b 0B       		.uleb128 0xb
 1061 001c 03       		.uleb128 0x3
 1062 001d 0E       		.uleb128 0xe
 1063 001e 00       		.byte	0
 1064 001f 00       		.byte	0
 1065 0020 03       		.uleb128 0x3
 1066 0021 24       		.uleb128 0x24
 1067 0022 00       		.byte	0
 1068 0023 0B       		.uleb128 0xb
 1069 0024 0B       		.uleb128 0xb
 1070 0025 3E       		.uleb128 0x3e
 1071 0026 0B       		.uleb128 0xb
 1072 0027 03       		.uleb128 0x3
 1073 0028 08       		.uleb128 0x8
ARM GAS  C:\Users\Sam\AppData\Local\Temp\ccrNezF3.s 			page 26


 1074 0029 00       		.byte	0
 1075 002a 00       		.byte	0
 1076 002b 04       		.uleb128 0x4
 1077 002c 0F       		.uleb128 0xf
 1078 002d 00       		.byte	0
 1079 002e 0B       		.uleb128 0xb
 1080 002f 0B       		.uleb128 0xb
 1081 0030 00       		.byte	0
 1082 0031 00       		.byte	0
 1083 0032 05       		.uleb128 0x5
 1084 0033 16       		.uleb128 0x16
 1085 0034 00       		.byte	0
 1086 0035 03       		.uleb128 0x3
 1087 0036 0E       		.uleb128 0xe
 1088 0037 3A       		.uleb128 0x3a
 1089 0038 0B       		.uleb128 0xb
 1090 0039 3B       		.uleb128 0x3b
 1091 003a 0B       		.uleb128 0xb
 1092 003b 49       		.uleb128 0x49
 1093 003c 13       		.uleb128 0x13
 1094 003d 00       		.byte	0
 1095 003e 00       		.byte	0
 1096 003f 06       		.uleb128 0x6
 1097 0040 35       		.uleb128 0x35
 1098 0041 00       		.byte	0
 1099 0042 49       		.uleb128 0x49
 1100 0043 13       		.uleb128 0x13
 1101 0044 00       		.byte	0
 1102 0045 00       		.byte	0
 1103 0046 07       		.uleb128 0x7
 1104 0047 2E       		.uleb128 0x2e
 1105 0048 01       		.byte	0x1
 1106 0049 03       		.uleb128 0x3
 1107 004a 0E       		.uleb128 0xe
 1108 004b 3A       		.uleb128 0x3a
 1109 004c 0B       		.uleb128 0xb
 1110 004d 3B       		.uleb128 0x3b
 1111 004e 0B       		.uleb128 0xb
 1112 004f 27       		.uleb128 0x27
 1113 0050 0C       		.uleb128 0xc
 1114 0051 11       		.uleb128 0x11
 1115 0052 01       		.uleb128 0x1
 1116 0053 12       		.uleb128 0x12
 1117 0054 01       		.uleb128 0x1
 1118 0055 40       		.uleb128 0x40
 1119 0056 06       		.uleb128 0x6
 1120 0057 9642     		.uleb128 0x2116
 1121 0059 0C       		.uleb128 0xc
 1122 005a 01       		.uleb128 0x1
 1123 005b 13       		.uleb128 0x13
 1124 005c 00       		.byte	0
 1125 005d 00       		.byte	0
 1126 005e 08       		.uleb128 0x8
 1127 005f 05       		.uleb128 0x5
 1128 0060 00       		.byte	0
 1129 0061 03       		.uleb128 0x3
 1130 0062 08       		.uleb128 0x8
ARM GAS  C:\Users\Sam\AppData\Local\Temp\ccrNezF3.s 			page 27


 1131 0063 3A       		.uleb128 0x3a
 1132 0064 0B       		.uleb128 0xb
 1133 0065 3B       		.uleb128 0x3b
 1134 0066 0B       		.uleb128 0xb
 1135 0067 49       		.uleb128 0x49
 1136 0068 13       		.uleb128 0x13
 1137 0069 02       		.uleb128 0x2
 1138 006a 0A       		.uleb128 0xa
 1139 006b 00       		.byte	0
 1140 006c 00       		.byte	0
 1141 006d 09       		.uleb128 0x9
 1142 006e 05       		.uleb128 0x5
 1143 006f 00       		.byte	0
 1144 0070 03       		.uleb128 0x3
 1145 0071 0E       		.uleb128 0xe
 1146 0072 3A       		.uleb128 0x3a
 1147 0073 0B       		.uleb128 0xb
 1148 0074 3B       		.uleb128 0x3b
 1149 0075 0B       		.uleb128 0xb
 1150 0076 49       		.uleb128 0x49
 1151 0077 13       		.uleb128 0x13
 1152 0078 02       		.uleb128 0x2
 1153 0079 0A       		.uleb128 0xa
 1154 007a 00       		.byte	0
 1155 007b 00       		.byte	0
 1156 007c 0A       		.uleb128 0xa
 1157 007d 0F       		.uleb128 0xf
 1158 007e 00       		.byte	0
 1159 007f 0B       		.uleb128 0xb
 1160 0080 0B       		.uleb128 0xb
 1161 0081 49       		.uleb128 0x49
 1162 0082 13       		.uleb128 0x13
 1163 0083 00       		.byte	0
 1164 0084 00       		.byte	0
 1165 0085 0B       		.uleb128 0xb
 1166 0086 26       		.uleb128 0x26
 1167 0087 00       		.byte	0
 1168 0088 00       		.byte	0
 1169 0089 00       		.byte	0
 1170 008a 0C       		.uleb128 0xc
 1171 008b 2E       		.uleb128 0x2e
 1172 008c 01       		.byte	0x1
 1173 008d 03       		.uleb128 0x3
 1174 008e 0E       		.uleb128 0xe
 1175 008f 3A       		.uleb128 0x3a
 1176 0090 0B       		.uleb128 0xb
 1177 0091 3B       		.uleb128 0x3b
 1178 0092 0B       		.uleb128 0xb
 1179 0093 27       		.uleb128 0x27
 1180 0094 0C       		.uleb128 0xc
 1181 0095 11       		.uleb128 0x11
 1182 0096 01       		.uleb128 0x1
 1183 0097 12       		.uleb128 0x12
 1184 0098 01       		.uleb128 0x1
 1185 0099 40       		.uleb128 0x40
 1186 009a 06       		.uleb128 0x6
 1187 009b 9742     		.uleb128 0x2117
ARM GAS  C:\Users\Sam\AppData\Local\Temp\ccrNezF3.s 			page 28


 1188 009d 0C       		.uleb128 0xc
 1189 009e 01       		.uleb128 0x1
 1190 009f 13       		.uleb128 0x13
 1191 00a0 00       		.byte	0
 1192 00a1 00       		.byte	0
 1193 00a2 0D       		.uleb128 0xd
 1194 00a3 13       		.uleb128 0x13
 1195 00a4 01       		.byte	0x1
 1196 00a5 0B       		.uleb128 0xb
 1197 00a6 0B       		.uleb128 0xb
 1198 00a7 3A       		.uleb128 0x3a
 1199 00a8 0B       		.uleb128 0xb
 1200 00a9 3B       		.uleb128 0x3b
 1201 00aa 0B       		.uleb128 0xb
 1202 00ab 01       		.uleb128 0x1
 1203 00ac 13       		.uleb128 0x13
 1204 00ad 00       		.byte	0
 1205 00ae 00       		.byte	0
 1206 00af 0E       		.uleb128 0xe
 1207 00b0 0D       		.uleb128 0xd
 1208 00b1 00       		.byte	0
 1209 00b2 03       		.uleb128 0x3
 1210 00b3 0E       		.uleb128 0xe
 1211 00b4 3A       		.uleb128 0x3a
 1212 00b5 0B       		.uleb128 0xb
 1213 00b6 3B       		.uleb128 0x3b
 1214 00b7 0B       		.uleb128 0xb
 1215 00b8 49       		.uleb128 0x49
 1216 00b9 13       		.uleb128 0x13
 1217 00ba 38       		.uleb128 0x38
 1218 00bb 0A       		.uleb128 0xa
 1219 00bc 00       		.byte	0
 1220 00bd 00       		.byte	0
 1221 00be 0F       		.uleb128 0xf
 1222 00bf 01       		.uleb128 0x1
 1223 00c0 01       		.byte	0x1
 1224 00c1 49       		.uleb128 0x49
 1225 00c2 13       		.uleb128 0x13
 1226 00c3 01       		.uleb128 0x1
 1227 00c4 13       		.uleb128 0x13
 1228 00c5 00       		.byte	0
 1229 00c6 00       		.byte	0
 1230 00c7 10       		.uleb128 0x10
 1231 00c8 21       		.uleb128 0x21
 1232 00c9 00       		.byte	0
 1233 00ca 49       		.uleb128 0x49
 1234 00cb 13       		.uleb128 0x13
 1235 00cc 2F       		.uleb128 0x2f
 1236 00cd 0B       		.uleb128 0xb
 1237 00ce 00       		.byte	0
 1238 00cf 00       		.byte	0
 1239 00d0 11       		.uleb128 0x11
 1240 00d1 34       		.uleb128 0x34
 1241 00d2 00       		.byte	0
 1242 00d3 03       		.uleb128 0x3
 1243 00d4 0E       		.uleb128 0xe
 1244 00d5 3A       		.uleb128 0x3a
ARM GAS  C:\Users\Sam\AppData\Local\Temp\ccrNezF3.s 			page 29


 1245 00d6 0B       		.uleb128 0xb
 1246 00d7 3B       		.uleb128 0x3b
 1247 00d8 0B       		.uleb128 0xb
 1248 00d9 49       		.uleb128 0x49
 1249 00da 13       		.uleb128 0x13
 1250 00db 02       		.uleb128 0x2
 1251 00dc 0A       		.uleb128 0xa
 1252 00dd 00       		.byte	0
 1253 00de 00       		.byte	0
 1254 00df 12       		.uleb128 0x12
 1255 00e0 26       		.uleb128 0x26
 1256 00e1 00       		.byte	0
 1257 00e2 49       		.uleb128 0x49
 1258 00e3 13       		.uleb128 0x13
 1259 00e4 00       		.byte	0
 1260 00e5 00       		.byte	0
 1261 00e6 13       		.uleb128 0x13
 1262 00e7 2E       		.uleb128 0x2e
 1263 00e8 00       		.byte	0
 1264 00e9 03       		.uleb128 0x3
 1265 00ea 0E       		.uleb128 0xe
 1266 00eb 3A       		.uleb128 0x3a
 1267 00ec 0B       		.uleb128 0xb
 1268 00ed 3B       		.uleb128 0x3b
 1269 00ee 0B       		.uleb128 0xb
 1270 00ef 27       		.uleb128 0x27
 1271 00f0 0C       		.uleb128 0xc
 1272 00f1 11       		.uleb128 0x11
 1273 00f2 01       		.uleb128 0x1
 1274 00f3 12       		.uleb128 0x12
 1275 00f4 01       		.uleb128 0x1
 1276 00f5 40       		.uleb128 0x40
 1277 00f6 06       		.uleb128 0x6
 1278 00f7 9642     		.uleb128 0x2116
 1279 00f9 0C       		.uleb128 0xc
 1280 00fa 00       		.byte	0
 1281 00fb 00       		.byte	0
 1282 00fc 14       		.uleb128 0x14
 1283 00fd 2E       		.uleb128 0x2e
 1284 00fe 00       		.byte	0
 1285 00ff 03       		.uleb128 0x3
 1286 0100 0E       		.uleb128 0xe
 1287 0101 3A       		.uleb128 0x3a
 1288 0102 0B       		.uleb128 0xb
 1289 0103 3B       		.uleb128 0x3b
 1290 0104 0B       		.uleb128 0xb
 1291 0105 27       		.uleb128 0x27
 1292 0106 0C       		.uleb128 0xc
 1293 0107 11       		.uleb128 0x11
 1294 0108 01       		.uleb128 0x1
 1295 0109 12       		.uleb128 0x12
 1296 010a 01       		.uleb128 0x1
 1297 010b 40       		.uleb128 0x40
 1298 010c 06       		.uleb128 0x6
 1299 010d 9742     		.uleb128 0x2117
 1300 010f 0C       		.uleb128 0xc
 1301 0110 00       		.byte	0
ARM GAS  C:\Users\Sam\AppData\Local\Temp\ccrNezF3.s 			page 30


 1302 0111 00       		.byte	0
 1303 0112 15       		.uleb128 0x15
 1304 0113 2E       		.uleb128 0x2e
 1305 0114 01       		.byte	0x1
 1306 0115 3F       		.uleb128 0x3f
 1307 0116 0C       		.uleb128 0xc
 1308 0117 03       		.uleb128 0x3
 1309 0118 0E       		.uleb128 0xe
 1310 0119 3A       		.uleb128 0x3a
 1311 011a 0B       		.uleb128 0xb
 1312 011b 3B       		.uleb128 0x3b
 1313 011c 05       		.uleb128 0x5
 1314 011d 27       		.uleb128 0x27
 1315 011e 0C       		.uleb128 0xc
 1316 011f 11       		.uleb128 0x11
 1317 0120 01       		.uleb128 0x1
 1318 0121 12       		.uleb128 0x12
 1319 0122 01       		.uleb128 0x1
 1320 0123 40       		.uleb128 0x40
 1321 0124 06       		.uleb128 0x6
 1322 0125 9642     		.uleb128 0x2116
 1323 0127 0C       		.uleb128 0xc
 1324 0128 00       		.byte	0
 1325 0129 00       		.byte	0
 1326 012a 16       		.uleb128 0x16
 1327 012b 0B       		.uleb128 0xb
 1328 012c 01       		.byte	0x1
 1329 012d 11       		.uleb128 0x11
 1330 012e 01       		.uleb128 0x1
 1331 012f 12       		.uleb128 0x12
 1332 0130 01       		.uleb128 0x1
 1333 0131 00       		.byte	0
 1334 0132 00       		.byte	0
 1335 0133 17       		.uleb128 0x17
 1336 0134 13       		.uleb128 0x13
 1337 0135 01       		.byte	0x1
 1338 0136 0B       		.uleb128 0xb
 1339 0137 0B       		.uleb128 0xb
 1340 0138 3A       		.uleb128 0x3a
 1341 0139 0B       		.uleb128 0xb
 1342 013a 3B       		.uleb128 0x3b
 1343 013b 05       		.uleb128 0x5
 1344 013c 01       		.uleb128 0x1
 1345 013d 13       		.uleb128 0x13
 1346 013e 00       		.byte	0
 1347 013f 00       		.byte	0
 1348 0140 18       		.uleb128 0x18
 1349 0141 0D       		.uleb128 0xd
 1350 0142 00       		.byte	0
 1351 0143 03       		.uleb128 0x3
 1352 0144 0E       		.uleb128 0xe
 1353 0145 3A       		.uleb128 0x3a
 1354 0146 0B       		.uleb128 0xb
 1355 0147 3B       		.uleb128 0x3b
 1356 0148 05       		.uleb128 0x5
 1357 0149 49       		.uleb128 0x49
 1358 014a 13       		.uleb128 0x13
ARM GAS  C:\Users\Sam\AppData\Local\Temp\ccrNezF3.s 			page 31


 1359 014b 38       		.uleb128 0x38
 1360 014c 0A       		.uleb128 0xa
 1361 014d 00       		.byte	0
 1362 014e 00       		.byte	0
 1363 014f 19       		.uleb128 0x19
 1364 0150 16       		.uleb128 0x16
 1365 0151 00       		.byte	0
 1366 0152 03       		.uleb128 0x3
 1367 0153 0E       		.uleb128 0xe
 1368 0154 3A       		.uleb128 0x3a
 1369 0155 0B       		.uleb128 0xb
 1370 0156 3B       		.uleb128 0x3b
 1371 0157 05       		.uleb128 0x5
 1372 0158 49       		.uleb128 0x49
 1373 0159 13       		.uleb128 0x13
 1374 015a 00       		.byte	0
 1375 015b 00       		.byte	0
 1376 015c 1A       		.uleb128 0x1a
 1377 015d 34       		.uleb128 0x34
 1378 015e 00       		.byte	0
 1379 015f 03       		.uleb128 0x3
 1380 0160 0E       		.uleb128 0xe
 1381 0161 3A       		.uleb128 0x3a
 1382 0162 0B       		.uleb128 0xb
 1383 0163 3B       		.uleb128 0x3b
 1384 0164 05       		.uleb128 0x5
 1385 0165 49       		.uleb128 0x49
 1386 0166 13       		.uleb128 0x13
 1387 0167 02       		.uleb128 0x2
 1388 0168 0A       		.uleb128 0xa
 1389 0169 00       		.byte	0
 1390 016a 00       		.byte	0
 1391 016b 1B       		.uleb128 0x1b
 1392 016c 34       		.uleb128 0x34
 1393 016d 00       		.byte	0
 1394 016e 03       		.uleb128 0x3
 1395 016f 08       		.uleb128 0x8
 1396 0170 3A       		.uleb128 0x3a
 1397 0171 0B       		.uleb128 0xb
 1398 0172 3B       		.uleb128 0x3b
 1399 0173 05       		.uleb128 0x5
 1400 0174 49       		.uleb128 0x49
 1401 0175 13       		.uleb128 0x13
 1402 0176 02       		.uleb128 0x2
 1403 0177 0A       		.uleb128 0xa
 1404 0178 00       		.byte	0
 1405 0179 00       		.byte	0
 1406 017a 00       		.byte	0
 1407              		.section	.debug_loc,"",%progbits
 1408              	.Ldebug_loc0:
 1409              	.LLST0:
 1410 0000 00000000 		.4byte	.LFB0
 1411 0004 02000000 		.4byte	.LCFI0
 1412 0008 0200     		.2byte	0x2
 1413 000a 7D       		.byte	0x7d
 1414 000b 00       		.sleb128 0
 1415 000c 02000000 		.4byte	.LCFI0
ARM GAS  C:\Users\Sam\AppData\Local\Temp\ccrNezF3.s 			page 32


 1416 0010 04000000 		.4byte	.LCFI1
 1417 0014 0200     		.2byte	0x2
 1418 0016 7D       		.byte	0x7d
 1419 0017 08       		.sleb128 8
 1420 0018 04000000 		.4byte	.LCFI1
 1421 001c 06000000 		.4byte	.LCFI2
 1422 0020 0200     		.2byte	0x2
 1423 0022 7D       		.byte	0x7d
 1424 0023 10       		.sleb128 16
 1425 0024 06000000 		.4byte	.LCFI2
 1426 0028 1E000000 		.4byte	.LFE0
 1427 002c 0200     		.2byte	0x2
 1428 002e 77       		.byte	0x77
 1429 002f 10       		.sleb128 16
 1430 0030 00000000 		.4byte	0
 1431 0034 00000000 		.4byte	0
 1432              	.LLST1:
 1433 0038 00000000 		.4byte	.LFB1
 1434 003c 02000000 		.4byte	.LCFI3
 1435 0040 0200     		.2byte	0x2
 1436 0042 7D       		.byte	0x7d
 1437 0043 00       		.sleb128 0
 1438 0044 02000000 		.4byte	.LCFI3
 1439 0048 04000000 		.4byte	.LCFI4
 1440 004c 0200     		.2byte	0x2
 1441 004e 7D       		.byte	0x7d
 1442 004f 08       		.sleb128 8
 1443 0050 04000000 		.4byte	.LCFI4
 1444 0054 06000000 		.4byte	.LCFI5
 1445 0058 0200     		.2byte	0x2
 1446 005a 7D       		.byte	0x7d
 1447 005b 18       		.sleb128 24
 1448 005c 06000000 		.4byte	.LCFI5
 1449 0060 22000000 		.4byte	.LFE1
 1450 0064 0200     		.2byte	0x2
 1451 0066 77       		.byte	0x77
 1452 0067 18       		.sleb128 24
 1453 0068 00000000 		.4byte	0
 1454 006c 00000000 		.4byte	0
 1455              	.LLST2:
 1456 0070 00000000 		.4byte	.LFB2
 1457 0074 02000000 		.4byte	.LCFI6
 1458 0078 0200     		.2byte	0x2
 1459 007a 7D       		.byte	0x7d
 1460 007b 00       		.sleb128 0
 1461 007c 02000000 		.4byte	.LCFI6
 1462 0080 04000000 		.4byte	.LCFI7
 1463 0084 0200     		.2byte	0x2
 1464 0086 7D       		.byte	0x7d
 1465 0087 08       		.sleb128 8
 1466 0088 04000000 		.4byte	.LCFI7
 1467 008c 06000000 		.4byte	.LCFI8
 1468 0090 0200     		.2byte	0x2
 1469 0092 7D       		.byte	0x7d
 1470 0093 18       		.sleb128 24
 1471 0094 06000000 		.4byte	.LCFI8
 1472 0098 22000000 		.4byte	.LFE2
ARM GAS  C:\Users\Sam\AppData\Local\Temp\ccrNezF3.s 			page 33


 1473 009c 0200     		.2byte	0x2
 1474 009e 77       		.byte	0x77
 1475 009f 18       		.sleb128 24
 1476 00a0 00000000 		.4byte	0
 1477 00a4 00000000 		.4byte	0
 1478              	.LLST3:
 1479 00a8 00000000 		.4byte	.LFB3
 1480 00ac 02000000 		.4byte	.LCFI9
 1481 00b0 0200     		.2byte	0x2
 1482 00b2 7D       		.byte	0x7d
 1483 00b3 00       		.sleb128 0
 1484 00b4 02000000 		.4byte	.LCFI9
 1485 00b8 04000000 		.4byte	.LCFI10
 1486 00bc 0200     		.2byte	0x2
 1487 00be 7D       		.byte	0x7d
 1488 00bf 08       		.sleb128 8
 1489 00c0 04000000 		.4byte	.LCFI10
 1490 00c4 06000000 		.4byte	.LCFI11
 1491 00c8 0200     		.2byte	0x2
 1492 00ca 7D       		.byte	0x7d
 1493 00cb 18       		.sleb128 24
 1494 00cc 06000000 		.4byte	.LCFI11
 1495 00d0 B0000000 		.4byte	.LFE3
 1496 00d4 0200     		.2byte	0x2
 1497 00d6 77       		.byte	0x77
 1498 00d7 18       		.sleb128 24
 1499 00d8 00000000 		.4byte	0
 1500 00dc 00000000 		.4byte	0
 1501              	.LLST4:
 1502 00e0 B0000000 		.4byte	.LFB4
 1503 00e4 B2000000 		.4byte	.LCFI12
 1504 00e8 0200     		.2byte	0x2
 1505 00ea 7D       		.byte	0x7d
 1506 00eb 00       		.sleb128 0
 1507 00ec B2000000 		.4byte	.LCFI12
 1508 00f0 B4000000 		.4byte	.LCFI13
 1509 00f4 0200     		.2byte	0x2
 1510 00f6 7D       		.byte	0x7d
 1511 00f7 08       		.sleb128 8
 1512 00f8 B4000000 		.4byte	.LCFI13
 1513 00fc 5C010000 		.4byte	.LFE4
 1514 0100 0200     		.2byte	0x2
 1515 0102 77       		.byte	0x77
 1516 0103 08       		.sleb128 8
 1517 0104 00000000 		.4byte	0
 1518 0108 00000000 		.4byte	0
 1519              	.LLST5:
 1520 010c 00000000 		.4byte	.LFB5
 1521 0110 02000000 		.4byte	.LCFI14
 1522 0114 0200     		.2byte	0x2
 1523 0116 7D       		.byte	0x7d
 1524 0117 00       		.sleb128 0
 1525 0118 02000000 		.4byte	.LCFI14
 1526 011c 04000000 		.4byte	.LCFI15
 1527 0120 0200     		.2byte	0x2
 1528 0122 7D       		.byte	0x7d
 1529 0123 08       		.sleb128 8
ARM GAS  C:\Users\Sam\AppData\Local\Temp\ccrNezF3.s 			page 34


 1530 0124 04000000 		.4byte	.LCFI15
 1531 0128 08000000 		.4byte	.LFE5
 1532 012c 0200     		.2byte	0x2
 1533 012e 77       		.byte	0x77
 1534 012f 08       		.sleb128 8
 1535 0130 00000000 		.4byte	0
 1536 0134 00000000 		.4byte	0
 1537              	.LLST6:
 1538 0138 5C010000 		.4byte	.LFB6
 1539 013c 5E010000 		.4byte	.LCFI16
 1540 0140 0200     		.2byte	0x2
 1541 0142 7D       		.byte	0x7d
 1542 0143 00       		.sleb128 0
 1543 0144 5E010000 		.4byte	.LCFI16
 1544 0148 60010000 		.4byte	.LCFI17
 1545 014c 0200     		.2byte	0x2
 1546 014e 7D       		.byte	0x7d
 1547 014f 08       		.sleb128 8
 1548 0150 60010000 		.4byte	.LCFI17
 1549 0154 62010000 		.4byte	.LCFI18
 1550 0158 0200     		.2byte	0x2
 1551 015a 7D       		.byte	0x7d
 1552 015b 10       		.sleb128 16
 1553 015c 62010000 		.4byte	.LCFI18
 1554 0160 80020000 		.4byte	.LFE6
 1555 0164 0200     		.2byte	0x2
 1556 0166 77       		.byte	0x77
 1557 0167 10       		.sleb128 16
 1558 0168 00000000 		.4byte	0
 1559 016c 00000000 		.4byte	0
 1560              		.section	.debug_aranges,"",%progbits
 1561 0000 4C000000 		.4byte	0x4c
 1562 0004 0200     		.2byte	0x2
 1563 0006 00000000 		.4byte	.Ldebug_info0
 1564 000a 04       		.byte	0x4
 1565 000b 00       		.byte	0
 1566 000c 0000     		.2byte	0
 1567 000e 0000     		.2byte	0
 1568 0010 00000000 		.4byte	.LFB0
 1569 0014 1E000000 		.4byte	.LFE0-.LFB0
 1570 0018 00000000 		.4byte	.LFB1
 1571 001c 22000000 		.4byte	.LFE1-.LFB1
 1572 0020 00000000 		.4byte	.LFB2
 1573 0024 22000000 		.4byte	.LFE2-.LFB2
 1574 0028 00000000 		.4byte	.LFB3
 1575 002c B0000000 		.4byte	.LFE3-.LFB3
 1576 0030 B0000000 		.4byte	.LFB4
 1577 0034 AC000000 		.4byte	.LFE4-.LFB4
 1578 0038 00000000 		.4byte	.LFB5
 1579 003c 08000000 		.4byte	.LFE5-.LFB5
 1580 0040 5C010000 		.4byte	.LFB6
 1581 0044 24010000 		.4byte	.LFE6-.LFB6
 1582 0048 00000000 		.4byte	0
 1583 004c 00000000 		.4byte	0
 1584              		.section	.debug_ranges,"",%progbits
 1585              	.Ldebug_ranges0:
 1586 0000 00000000 		.4byte	.LFB0
ARM GAS  C:\Users\Sam\AppData\Local\Temp\ccrNezF3.s 			page 35


 1587 0004 1E000000 		.4byte	.LFE0
 1588 0008 00000000 		.4byte	.LFB1
 1589 000c 22000000 		.4byte	.LFE1
 1590 0010 00000000 		.4byte	.LFB2
 1591 0014 22000000 		.4byte	.LFE2
 1592 0018 00000000 		.4byte	.LFB3
 1593 001c B0000000 		.4byte	.LFE3
 1594 0020 B0000000 		.4byte	.LFB4
 1595 0024 5C010000 		.4byte	.LFE4
 1596 0028 00000000 		.4byte	.LFB5
 1597 002c 08000000 		.4byte	.LFE5
 1598 0030 5C010000 		.4byte	.LFB6
 1599 0034 80020000 		.4byte	.LFE6
 1600 0038 00000000 		.4byte	0
 1601 003c 00000000 		.4byte	0
 1602              		.section	.debug_line,"",%progbits
 1603              	.Ldebug_line0:
 1604 0000 86010000 		.section	.debug_str,"MS",%progbits,1
 1604      0200D700 
 1604      00000201 
 1604      FB0E0D00 
 1604      01010101 
 1605              	.LASF19:
 1606 0000 72656733 		.ascii	"reg32\000"
 1606      3200
 1607              	.LASF11:
 1608 0006 73697A65 		.ascii	"size_t\000"
 1608      5F7400
 1609              	.LASF38:
 1610 000d 416E616C 		.ascii	"AnalogSetDefault\000"
 1610      6F675365 
 1610      74446566 
 1610      61756C74 
 1610      00
 1611              	.LASF29:
 1612 001e 696D6F5F 		.ascii	"imo_trim_entry_t\000"
 1612      7472696D 
 1612      5F656E74 
 1612      72795F74 
 1612      00
 1613              	.LASF42:
 1614 002f 6366675F 		.ascii	"cfg_memset_list\000"
 1614      6D656D73 
 1614      65745F6C 
 1614      69737400 
 1615              	.LASF37:
 1616 003f 436C6F63 		.ascii	"ClockSetup\000"
 1616      6B536574 
 1616      757000
 1617              	.LASF28:
 1618 004a 746D7063 		.ascii	"tmpco\000"
 1618      6F00
 1619              	.LASF3:
 1620 0050 73686F72 		.ascii	"short unsigned int\000"
 1620      7420756E 
 1620      7369676E 
 1620      65642069 
ARM GAS  C:\Users\Sam\AppData\Local\Temp\ccrNezF3.s 			page 36


 1620      6E7400
 1621              	.LASF2:
 1622 0063 73686F72 		.ascii	"short int\000"
 1622      7420696E 
 1622      7400
 1623              	.LASF24:
 1624 006d 53657449 		.ascii	"SetIMOBGTrims\000"
 1624      4D4F4247 
 1624      5472696D 
 1624      7300
 1625              	.LASF16:
 1626 007b 666C6F61 		.ascii	"float\000"
 1626      7400
 1627              	.LASF34:
 1628 0081 696D6F54 		.ascii	"imoTrimIndex\000"
 1628      72696D49 
 1628      6E646578 
 1628      00
 1629              	.LASF22:
 1630 008e 64657374 		.ascii	"dest\000"
 1630      00
 1631              	.LASF40:
 1632 0093 73697A65 		.ascii	"size\000"
 1632      00
 1633              	.LASF18:
 1634 0098 72656738 		.ascii	"reg8\000"
 1634      00
 1635              	.LASF9:
 1636 009d 6C6F6E67 		.ascii	"long unsigned int\000"
 1636      20756E73 
 1636      69676E65 
 1636      6420696E 
 1636      7400
 1637              	.LASF15:
 1638 00af 696E7433 		.ascii	"int32\000"
 1638      3200
 1639              	.LASF20:
 1640 00b5 43594D45 		.ascii	"CYMEMZERO\000"
 1640      4D5A4552 
 1640      4F00
 1641              	.LASF1:
 1642 00bf 756E7369 		.ascii	"unsigned char\000"
 1642      676E6564 
 1642      20636861 
 1642      7200
 1643              	.LASF17:
 1644 00cd 646F7562 		.ascii	"double\000"
 1644      6C6500
 1645              	.LASF25:
 1646 00d4 696D6F46 		.ascii	"imoFreq\000"
 1646      72657100 
 1647              	.LASF33:
 1648 00dc 494D4F5F 		.ascii	"IMO_TRIM_FREQ_TABLE_ENTRIES\000"
 1648      5452494D 
 1648      5F465245 
 1648      515F5441 
 1648      424C455F 
ARM GAS  C:\Users\Sam\AppData\Local\Temp\ccrNezF3.s 			page 37


 1649              	.LASF13:
 1650 00f8 75696E74 		.ascii	"uint16\000"
 1650      313600
 1651              	.LASF14:
 1652 00ff 75696E74 		.ascii	"uint32\000"
 1652      333200
 1653              	.LASF4:
 1654 0106 756E7369 		.ascii	"unsigned int\000"
 1654      676E6564 
 1654      20696E74 
 1654      00
 1655              	.LASF46:
 1656 0113 63796669 		.ascii	"cyfitter_cfg\000"
 1656      74746572 
 1656      5F636667 
 1656      00
 1657              	.LASF39:
 1658 0120 61646472 		.ascii	"address\000"
 1658      65737300 
 1659              	.LASF6:
 1660 0128 6C6F6E67 		.ascii	"long long unsigned int\000"
 1660      206C6F6E 
 1660      6720756E 
 1660      7369676E 
 1660      65642069 
 1661              	.LASF31:
 1662 013f 696D6F5F 		.ascii	"imo_trim_table_t\000"
 1662      7472696D 
 1662      5F746162 
 1662      6C655F74 
 1662      00
 1663              	.LASF41:
 1664 0150 6366675F 		.ascii	"cfg_memset_t\000"
 1664      6D656D73 
 1664      65745F74 
 1664      00
 1665              	.LASF44:
 1666 015d 2E5C4765 		.ascii	".\\Generated_Source\\PSoC4\\cyfitter_cfg.c\000"
 1666      6E657261 
 1666      7465645F 
 1666      536F7572 
 1666      63655C50 
 1667              	.LASF8:
 1668 0185 73697A65 		.ascii	"sizetype\000"
 1668      74797065 
 1668      00
 1669              	.LASF36:
 1670 018e 73657454 		.ascii	"setTmpCo\000"
 1670      6D70436F 
 1670      00
 1671              	.LASF5:
 1672 0197 6C6F6E67 		.ascii	"long long int\000"
 1672      206C6F6E 
 1672      6720696E 
 1672      7400
 1673              	.LASF10:
 1674 01a5 63686172 		.ascii	"char\000"
ARM GAS  C:\Users\Sam\AppData\Local\Temp\ccrNezF3.s 			page 38


 1674      00
 1675              	.LASF27:
 1676 01aa 6162736F 		.ascii	"absolute\000"
 1676      6C757465 
 1676      00
 1677              	.LASF26:
 1678 01b3 66726571 		.ascii	"freq\000"
 1678      00
 1679              	.LASF12:
 1680 01b8 75696E74 		.ascii	"uint8\000"
 1680      3800
 1681              	.LASF43:
 1682 01be 474E5520 		.ascii	"GNU C 4.7.3 20130312 (release) [ARM/embedded-4_7-br"
 1682      4320342E 
 1682      372E3320 
 1682      32303133 
 1682      30333132 
 1683 01f1 616E6368 		.ascii	"anch revision 196615]\000"
 1683      20726576 
 1683      6973696F 
 1683      6E203139 
 1683      36363135 
 1684              	.LASF32:
 1685 0207 696D6F5F 		.ascii	"imo_trim_table\000"
 1685      7472696D 
 1685      5F746162 
 1685      6C6500
 1686              	.LASF7:
 1687 0216 6C6F6E67 		.ascii	"long int\000"
 1687      20696E74 
 1687      00
 1688              	.LASF30:
 1689 021f 656E7472 		.ascii	"entries\000"
 1689      69657300 
 1690              	.LASF35:
 1691 0227 73657441 		.ascii	"setAbs\000"
 1691      627300
 1692              	.LASF0:
 1693 022e 7369676E 		.ascii	"signed char\000"
 1693      65642063 
 1693      68617200 
 1694              	.LASF23:
 1695 023a 4359434F 		.ascii	"CYCONFIGCPYCODE\000"
 1695      4E464947 
 1695      43505943 
 1695      4F444500 
 1696              	.LASF21:
 1697 024a 4359434F 		.ascii	"CYCONFIGCPY\000"
 1697      4E464947 
 1697      43505900 
 1698              	.LASF45:
 1699 0256 433A5C55 		.ascii	"C:\\Users\\Sam\\Dropbox\\Work\\2014\\PSoC 4 Modbus "
 1699      73657273 
 1699      5C53616D 
 1699      5C44726F 
 1699      70626F78 
 1700 0283 536C6176 		.ascii	"Slave Software\\PSoC 4 Pioneer Modbus Slave\\PSoC 4"
ARM GAS  C:\Users\Sam\AppData\Local\Temp\ccrNezF3.s 			page 39


 1700      6520536F 
 1700      66747761 
 1700      72655C50 
 1700      536F4320 
 1701 02b4 2050696F 		.ascii	" Pioneer Modbus Slave.cydsn\000"
 1701      6E656572 
 1701      204D6F64 
 1701      62757320 
 1701      536C6176 
 1702              		.ident	"GCC: (GNU Tools for ARM Embedded Processors) 4.7.3 20130312 (release) [ARM/embedded-4_7-br
