ARM GAS  C:\Users\Sam\AppData\Local\Temp\cc1W6NQn.s 			page 1


   1              		.cpu cortex-m0
   2              		.fpu softvfp
   3              		.eabi_attribute 20, 1
   4              		.eabi_attribute 21, 1
   5              		.eabi_attribute 23, 3
   6              		.eabi_attribute 24, 1
   7              		.eabi_attribute 25, 1
   8              		.eabi_attribute 26, 1
   9              		.eabi_attribute 30, 6
  10              		.eabi_attribute 34, 0
  11              		.eabi_attribute 18, 4
  12              		.code	16
  13              		.file	"MessageTimer_PM.c"
  14              		.text
  15              	.Ltext0:
  16              		.cfi_sections	.debug_frame
  17              		.bss
  18              		.align	2
  19              	MessageTimer_backup:
  20 0000 00       		.space	1
  21 0001 000000   		.section	.text.MessageTimer_SaveConfig,"ax",%progbits
  22              		.align	2
  23              		.global	MessageTimer_SaveConfig
  24              		.code	16
  25              		.thumb_func
  26              		.type	MessageTimer_SaveConfig, %function
  27              	MessageTimer_SaveConfig:
  28              	.LFB0:
  29              		.file 1 ".\\Generated_Source\\PSoC4\\MessageTimer_PM.c"
   1:.\Generated_Source\PSoC4/MessageTimer_PM.c **** /*******************************************************************************
   2:.\Generated_Source\PSoC4/MessageTimer_PM.c **** * File Name: MessageTimer_PM.c
   3:.\Generated_Source\PSoC4/MessageTimer_PM.c **** * Version 1.0
   4:.\Generated_Source\PSoC4/MessageTimer_PM.c **** *
   5:.\Generated_Source\PSoC4/MessageTimer_PM.c **** * Description:
   6:.\Generated_Source\PSoC4/MessageTimer_PM.c **** *  This file contains the setup, control and status commands to support
   7:.\Generated_Source\PSoC4/MessageTimer_PM.c **** *  component operations in low power mode.
   8:.\Generated_Source\PSoC4/MessageTimer_PM.c **** *
   9:.\Generated_Source\PSoC4/MessageTimer_PM.c **** * Note:
  10:.\Generated_Source\PSoC4/MessageTimer_PM.c **** *  None
  11:.\Generated_Source\PSoC4/MessageTimer_PM.c **** *
  12:.\Generated_Source\PSoC4/MessageTimer_PM.c **** ********************************************************************************
  13:.\Generated_Source\PSoC4/MessageTimer_PM.c **** * Copyright 2013, Cypress Semiconductor Corporation.  All rights reserved.
  14:.\Generated_Source\PSoC4/MessageTimer_PM.c **** * You may use this file only in accordance with the license, terms, conditions,
  15:.\Generated_Source\PSoC4/MessageTimer_PM.c **** * disclaimers, and limitations in the end user license agreement accompanying
  16:.\Generated_Source\PSoC4/MessageTimer_PM.c **** * the software package with which this file was provided.
  17:.\Generated_Source\PSoC4/MessageTimer_PM.c **** *******************************************************************************/
  18:.\Generated_Source\PSoC4/MessageTimer_PM.c **** 
  19:.\Generated_Source\PSoC4/MessageTimer_PM.c **** #include "MessageTimer.h"
  20:.\Generated_Source\PSoC4/MessageTimer_PM.c **** 
  21:.\Generated_Source\PSoC4/MessageTimer_PM.c **** static MessageTimer_BACKUP_STRUCT MessageTimer_backup;
  22:.\Generated_Source\PSoC4/MessageTimer_PM.c **** 
  23:.\Generated_Source\PSoC4/MessageTimer_PM.c **** 
  24:.\Generated_Source\PSoC4/MessageTimer_PM.c **** /*******************************************************************************
  25:.\Generated_Source\PSoC4/MessageTimer_PM.c **** * Function Name: MessageTimer_SaveConfig
  26:.\Generated_Source\PSoC4/MessageTimer_PM.c **** ********************************************************************************
  27:.\Generated_Source\PSoC4/MessageTimer_PM.c **** *
  28:.\Generated_Source\PSoC4/MessageTimer_PM.c **** * Summary:
ARM GAS  C:\Users\Sam\AppData\Local\Temp\cc1W6NQn.s 			page 2


  29:.\Generated_Source\PSoC4/MessageTimer_PM.c **** *  All configuration registers are retention. Nothing to save here.
  30:.\Generated_Source\PSoC4/MessageTimer_PM.c **** *
  31:.\Generated_Source\PSoC4/MessageTimer_PM.c **** * Parameters:
  32:.\Generated_Source\PSoC4/MessageTimer_PM.c **** *  None
  33:.\Generated_Source\PSoC4/MessageTimer_PM.c **** *
  34:.\Generated_Source\PSoC4/MessageTimer_PM.c **** * Return:
  35:.\Generated_Source\PSoC4/MessageTimer_PM.c **** *  None
  36:.\Generated_Source\PSoC4/MessageTimer_PM.c **** *
  37:.\Generated_Source\PSoC4/MessageTimer_PM.c **** *******************************************************************************/
  38:.\Generated_Source\PSoC4/MessageTimer_PM.c **** void MessageTimer_SaveConfig(void)
  39:.\Generated_Source\PSoC4/MessageTimer_PM.c **** {
  30              		.loc 1 39 0
  31              		.cfi_startproc
  32 0000 80B5     		push	{r7, lr}
  33              	.LCFI0:
  34              		.cfi_def_cfa_offset 8
  35              		.cfi_offset 7, -8
  36              		.cfi_offset 14, -4
  37 0002 00AF     		add	r7, sp, #0
  38              	.LCFI1:
  39              		.cfi_def_cfa_register 7
  40:.\Generated_Source\PSoC4/MessageTimer_PM.c **** 
  41:.\Generated_Source\PSoC4/MessageTimer_PM.c **** }
  40              		.loc 1 41 0
  41 0004 BD46     		mov	sp, r7
  42              		@ sp needed for prologue
  43 0006 80BD     		pop	{r7, pc}
  44              		.cfi_endproc
  45              	.LFE0:
  46              		.size	MessageTimer_SaveConfig, .-MessageTimer_SaveConfig
  47              		.section	.text.MessageTimer_Sleep,"ax",%progbits
  48              		.align	2
  49              		.global	MessageTimer_Sleep
  50              		.code	16
  51              		.thumb_func
  52              		.type	MessageTimer_Sleep, %function
  53              	MessageTimer_Sleep:
  54              	.LFB1:
  42:.\Generated_Source\PSoC4/MessageTimer_PM.c **** 
  43:.\Generated_Source\PSoC4/MessageTimer_PM.c **** 
  44:.\Generated_Source\PSoC4/MessageTimer_PM.c **** /*******************************************************************************
  45:.\Generated_Source\PSoC4/MessageTimer_PM.c **** * Function Name: MessageTimer_Sleep
  46:.\Generated_Source\PSoC4/MessageTimer_PM.c **** ********************************************************************************
  47:.\Generated_Source\PSoC4/MessageTimer_PM.c **** *
  48:.\Generated_Source\PSoC4/MessageTimer_PM.c **** * Summary:
  49:.\Generated_Source\PSoC4/MessageTimer_PM.c **** *  Stops the component operation and saves the user configuration.
  50:.\Generated_Source\PSoC4/MessageTimer_PM.c **** *
  51:.\Generated_Source\PSoC4/MessageTimer_PM.c **** * Parameters:
  52:.\Generated_Source\PSoC4/MessageTimer_PM.c **** *  None
  53:.\Generated_Source\PSoC4/MessageTimer_PM.c **** *
  54:.\Generated_Source\PSoC4/MessageTimer_PM.c **** * Return:
  55:.\Generated_Source\PSoC4/MessageTimer_PM.c **** *  None
  56:.\Generated_Source\PSoC4/MessageTimer_PM.c **** *
  57:.\Generated_Source\PSoC4/MessageTimer_PM.c **** *******************************************************************************/
  58:.\Generated_Source\PSoC4/MessageTimer_PM.c **** void MessageTimer_Sleep(void)
  59:.\Generated_Source\PSoC4/MessageTimer_PM.c **** {
  55              		.loc 1 59 0
ARM GAS  C:\Users\Sam\AppData\Local\Temp\cc1W6NQn.s 			page 3


  56              		.cfi_startproc
  57 0000 80B5     		push	{r7, lr}
  58              	.LCFI2:
  59              		.cfi_def_cfa_offset 8
  60              		.cfi_offset 7, -8
  61              		.cfi_offset 14, -4
  62 0002 00AF     		add	r7, sp, #0
  63              	.LCFI3:
  64              		.cfi_def_cfa_register 7
  60:.\Generated_Source\PSoC4/MessageTimer_PM.c ****     if(0u != (MessageTimer_BLOCK_CONTROL_REG & MessageTimer_MASK))
  65              		.loc 1 60 0
  66 0004 084B     		ldr	r3, .L5
  67 0006 1A68     		ldr	r2, [r3]
  68 0008 0123     		mov	r3, #1
  69 000a 1340     		and	r3, r2
  70 000c 03D0     		beq	.L3
  61:.\Generated_Source\PSoC4/MessageTimer_PM.c ****     {
  62:.\Generated_Source\PSoC4/MessageTimer_PM.c ****         MessageTimer_backup.enableState = 1u;
  71              		.loc 1 62 0
  72 000e 074B     		ldr	r3, .L5+4
  73 0010 0122     		mov	r2, #1
  74 0012 1A70     		strb	r2, [r3]
  75 0014 02E0     		b	.L4
  76              	.L3:
  63:.\Generated_Source\PSoC4/MessageTimer_PM.c ****     }
  64:.\Generated_Source\PSoC4/MessageTimer_PM.c ****     else
  65:.\Generated_Source\PSoC4/MessageTimer_PM.c ****     {
  66:.\Generated_Source\PSoC4/MessageTimer_PM.c ****         MessageTimer_backup.enableState = 0u;
  77              		.loc 1 66 0
  78 0016 054B     		ldr	r3, .L5+4
  79 0018 0022     		mov	r2, #0
  80 001a 1A70     		strb	r2, [r3]
  81              	.L4:
  67:.\Generated_Source\PSoC4/MessageTimer_PM.c ****     }
  68:.\Generated_Source\PSoC4/MessageTimer_PM.c **** 
  69:.\Generated_Source\PSoC4/MessageTimer_PM.c ****     MessageTimer_Stop();
  82              		.loc 1 69 0
  83 001c FFF7FEFF 		bl	MessageTimer_Stop
  70:.\Generated_Source\PSoC4/MessageTimer_PM.c ****     MessageTimer_SaveConfig();
  84              		.loc 1 70 0
  85 0020 FFF7FEFF 		bl	MessageTimer_SaveConfig
  71:.\Generated_Source\PSoC4/MessageTimer_PM.c **** }
  86              		.loc 1 71 0
  87 0024 BD46     		mov	sp, r7
  88              		@ sp needed for prologue
  89 0026 80BD     		pop	{r7, pc}
  90              	.L6:
  91              		.align	2
  92              	.L5:
  93 0028 00000540 		.word	1074069504
  94 002c 00000000 		.word	MessageTimer_backup
  95              		.cfi_endproc
  96              	.LFE1:
  97              		.size	MessageTimer_Sleep, .-MessageTimer_Sleep
  98              		.section	.text.MessageTimer_RestoreConfig,"ax",%progbits
  99              		.align	2
 100              		.global	MessageTimer_RestoreConfig
ARM GAS  C:\Users\Sam\AppData\Local\Temp\cc1W6NQn.s 			page 4


 101              		.code	16
 102              		.thumb_func
 103              		.type	MessageTimer_RestoreConfig, %function
 104              	MessageTimer_RestoreConfig:
 105              	.LFB2:
  72:.\Generated_Source\PSoC4/MessageTimer_PM.c **** 
  73:.\Generated_Source\PSoC4/MessageTimer_PM.c **** 
  74:.\Generated_Source\PSoC4/MessageTimer_PM.c **** /*******************************************************************************
  75:.\Generated_Source\PSoC4/MessageTimer_PM.c **** * Function Name: MessageTimer_RestoreConfig
  76:.\Generated_Source\PSoC4/MessageTimer_PM.c **** ********************************************************************************
  77:.\Generated_Source\PSoC4/MessageTimer_PM.c **** *
  78:.\Generated_Source\PSoC4/MessageTimer_PM.c **** * Summary:
  79:.\Generated_Source\PSoC4/MessageTimer_PM.c **** *  All configuration registers are retention. Nothing to restore here.
  80:.\Generated_Source\PSoC4/MessageTimer_PM.c **** *
  81:.\Generated_Source\PSoC4/MessageTimer_PM.c **** * Parameters:
  82:.\Generated_Source\PSoC4/MessageTimer_PM.c **** *  None
  83:.\Generated_Source\PSoC4/MessageTimer_PM.c **** *
  84:.\Generated_Source\PSoC4/MessageTimer_PM.c **** * Return:
  85:.\Generated_Source\PSoC4/MessageTimer_PM.c **** *  None
  86:.\Generated_Source\PSoC4/MessageTimer_PM.c **** *
  87:.\Generated_Source\PSoC4/MessageTimer_PM.c **** *******************************************************************************/
  88:.\Generated_Source\PSoC4/MessageTimer_PM.c **** void MessageTimer_RestoreConfig(void)
  89:.\Generated_Source\PSoC4/MessageTimer_PM.c **** {
 106              		.loc 1 89 0
 107              		.cfi_startproc
 108 0000 80B5     		push	{r7, lr}
 109              	.LCFI4:
 110              		.cfi_def_cfa_offset 8
 111              		.cfi_offset 7, -8
 112              		.cfi_offset 14, -4
 113 0002 00AF     		add	r7, sp, #0
 114              	.LCFI5:
 115              		.cfi_def_cfa_register 7
  90:.\Generated_Source\PSoC4/MessageTimer_PM.c **** 
  91:.\Generated_Source\PSoC4/MessageTimer_PM.c **** }
 116              		.loc 1 91 0
 117 0004 BD46     		mov	sp, r7
 118              		@ sp needed for prologue
 119 0006 80BD     		pop	{r7, pc}
 120              		.cfi_endproc
 121              	.LFE2:
 122              		.size	MessageTimer_RestoreConfig, .-MessageTimer_RestoreConfig
 123              		.section	.text.MessageTimer_Wakeup,"ax",%progbits
 124              		.align	2
 125              		.global	MessageTimer_Wakeup
 126              		.code	16
 127              		.thumb_func
 128              		.type	MessageTimer_Wakeup, %function
 129              	MessageTimer_Wakeup:
 130              	.LFB3:
  92:.\Generated_Source\PSoC4/MessageTimer_PM.c **** 
  93:.\Generated_Source\PSoC4/MessageTimer_PM.c **** 
  94:.\Generated_Source\PSoC4/MessageTimer_PM.c **** /*******************************************************************************
  95:.\Generated_Source\PSoC4/MessageTimer_PM.c **** * Function Name: MessageTimer_Wakeup
  96:.\Generated_Source\PSoC4/MessageTimer_PM.c **** ********************************************************************************
  97:.\Generated_Source\PSoC4/MessageTimer_PM.c **** *
  98:.\Generated_Source\PSoC4/MessageTimer_PM.c **** * Summary:
ARM GAS  C:\Users\Sam\AppData\Local\Temp\cc1W6NQn.s 			page 5


  99:.\Generated_Source\PSoC4/MessageTimer_PM.c **** *  Restores the user configuration and restores the enable state.
 100:.\Generated_Source\PSoC4/MessageTimer_PM.c **** *
 101:.\Generated_Source\PSoC4/MessageTimer_PM.c **** * Parameters:
 102:.\Generated_Source\PSoC4/MessageTimer_PM.c **** *  None
 103:.\Generated_Source\PSoC4/MessageTimer_PM.c **** *
 104:.\Generated_Source\PSoC4/MessageTimer_PM.c **** * Return:
 105:.\Generated_Source\PSoC4/MessageTimer_PM.c **** *  None
 106:.\Generated_Source\PSoC4/MessageTimer_PM.c **** *
 107:.\Generated_Source\PSoC4/MessageTimer_PM.c **** *******************************************************************************/
 108:.\Generated_Source\PSoC4/MessageTimer_PM.c **** void MessageTimer_Wakeup(void)
 109:.\Generated_Source\PSoC4/MessageTimer_PM.c **** {
 131              		.loc 1 109 0
 132              		.cfi_startproc
 133 0000 80B5     		push	{r7, lr}
 134              	.LCFI6:
 135              		.cfi_def_cfa_offset 8
 136              		.cfi_offset 7, -8
 137              		.cfi_offset 14, -4
 138 0002 00AF     		add	r7, sp, #0
 139              	.LCFI7:
 140              		.cfi_def_cfa_register 7
 110:.\Generated_Source\PSoC4/MessageTimer_PM.c ****     MessageTimer_RestoreConfig();
 141              		.loc 1 110 0
 142 0004 FFF7FEFF 		bl	MessageTimer_RestoreConfig
 111:.\Generated_Source\PSoC4/MessageTimer_PM.c **** 
 112:.\Generated_Source\PSoC4/MessageTimer_PM.c ****     if(0u != MessageTimer_backup.enableState)
 143              		.loc 1 112 0
 144 0008 034B     		ldr	r3, .L10
 145 000a 1B78     		ldrb	r3, [r3]
 146 000c 002B     		cmp	r3, #0
 147 000e 01D0     		beq	.L8
 113:.\Generated_Source\PSoC4/MessageTimer_PM.c ****     {
 114:.\Generated_Source\PSoC4/MessageTimer_PM.c ****         MessageTimer_Enable();
 148              		.loc 1 114 0
 149 0010 FFF7FEFF 		bl	MessageTimer_Enable
 150              	.L8:
 115:.\Generated_Source\PSoC4/MessageTimer_PM.c ****     }
 116:.\Generated_Source\PSoC4/MessageTimer_PM.c **** }
 151              		.loc 1 116 0
 152 0014 BD46     		mov	sp, r7
 153              		@ sp needed for prologue
 154 0016 80BD     		pop	{r7, pc}
 155              	.L11:
 156              		.align	2
 157              	.L10:
 158 0018 00000000 		.word	MessageTimer_backup
 159              		.cfi_endproc
 160              	.LFE3:
 161              		.size	MessageTimer_Wakeup, .-MessageTimer_Wakeup
 162              		.text
 163              	.Letext0:
 164              		.file 2 ".\\Generated_Source\\PSoC4\\cytypes.h"
 165              		.file 3 ".\\Generated_Source\\PSoC4\\MessageTimer.h"
 166              		.section	.debug_info,"",%progbits
 167              	.Ldebug_info0:
 168 0000 32010000 		.4byte	0x132
 169 0004 0200     		.2byte	0x2
ARM GAS  C:\Users\Sam\AppData\Local\Temp\cc1W6NQn.s 			page 6


 170 0006 00000000 		.4byte	.Ldebug_abbrev0
 171 000a 04       		.byte	0x4
 172 000b 01       		.uleb128 0x1
 173 000c C2010000 		.4byte	.LASF20
 174 0010 01       		.byte	0x1
 175 0011 00000000 		.4byte	.LASF21
 176 0015 F2000000 		.4byte	.LASF22
 177 0019 00000000 		.4byte	.Ldebug_ranges0+0
 178 001d 00000000 		.4byte	0
 179 0021 00000000 		.4byte	0
 180 0025 00000000 		.4byte	.Ldebug_line0
 181 0029 02       		.uleb128 0x2
 182 002a 01       		.byte	0x1
 183 002b 06       		.byte	0x6
 184 002c 20020000 		.4byte	.LASF0
 185 0030 02       		.uleb128 0x2
 186 0031 01       		.byte	0x1
 187 0032 08       		.byte	0x8
 188 0033 8D000000 		.4byte	.LASF1
 189 0037 02       		.uleb128 0x2
 190 0038 02       		.byte	0x2
 191 0039 05       		.byte	0x5
 192 003a B2010000 		.4byte	.LASF2
 193 003e 02       		.uleb128 0x2
 194 003f 02       		.byte	0x2
 195 0040 07       		.byte	0x7
 196 0041 AD000000 		.4byte	.LASF3
 197 0045 02       		.uleb128 0x2
 198 0046 04       		.byte	0x4
 199 0047 05       		.byte	0x5
 200 0048 0B020000 		.4byte	.LASF4
 201 004c 02       		.uleb128 0x2
 202 004d 04       		.byte	0x4
 203 004e 07       		.byte	0x7
 204 004f 9B000000 		.4byte	.LASF5
 205 0053 02       		.uleb128 0x2
 206 0054 08       		.byte	0x8
 207 0055 05       		.byte	0x5
 208 0056 6C010000 		.4byte	.LASF6
 209 005a 02       		.uleb128 0x2
 210 005b 08       		.byte	0x8
 211 005c 07       		.byte	0x7
 212 005d DB000000 		.4byte	.LASF7
 213 0061 03       		.uleb128 0x3
 214 0062 04       		.byte	0x4
 215 0063 05       		.byte	0x5
 216 0064 696E7400 		.ascii	"int\000"
 217 0068 02       		.uleb128 0x2
 218 0069 04       		.byte	0x4
 219 006a 07       		.byte	0x7
 220 006b CE000000 		.4byte	.LASF8
 221 006f 04       		.uleb128 0x4
 222 0070 BC010000 		.4byte	.LASF9
 223 0074 02       		.byte	0x2
 224 0075 5B       		.byte	0x5b
 225 0076 30000000 		.4byte	0x30
 226 007a 04       		.uleb128 0x4
ARM GAS  C:\Users\Sam\AppData\Local\Temp\cc1W6NQn.s 			page 7


 227 007b C7000000 		.4byte	.LASF10
 228 007f 02       		.byte	0x2
 229 0080 5D       		.byte	0x5d
 230 0081 4C000000 		.4byte	0x4c
 231 0085 02       		.uleb128 0x2
 232 0086 04       		.byte	0x4
 233 0087 04       		.byte	0x4
 234 0088 87000000 		.4byte	.LASF11
 235 008c 02       		.uleb128 0x2
 236 008d 08       		.byte	0x8
 237 008e 04       		.byte	0x4
 238 008f C0000000 		.4byte	.LASF12
 239 0093 02       		.uleb128 0x2
 240 0094 01       		.byte	0x1
 241 0095 08       		.byte	0x8
 242 0096 95010000 		.4byte	.LASF13
 243 009a 04       		.uleb128 0x4
 244 009b 2B000000 		.4byte	.LASF14
 245 009f 02       		.byte	0x2
 246 00a0 F2       		.byte	0xf2
 247 00a1 A5000000 		.4byte	0xa5
 248 00a5 05       		.uleb128 0x5
 249 00a6 7A000000 		.4byte	0x7a
 250 00aa 06       		.uleb128 0x6
 251 00ab 01       		.byte	0x1
 252 00ac 03       		.byte	0x3
 253 00ad 1F       		.byte	0x1f
 254 00ae C1000000 		.4byte	0xc1
 255 00b2 07       		.uleb128 0x7
 256 00b3 14020000 		.4byte	.LASF23
 257 00b7 03       		.byte	0x3
 258 00b8 21       		.byte	0x21
 259 00b9 6F000000 		.4byte	0x6f
 260 00bd 02       		.byte	0x2
 261 00be 23       		.byte	0x23
 262 00bf 00       		.uleb128 0
 263 00c0 00       		.byte	0
 264 00c1 04       		.uleb128 0x4
 265 00c2 7A010000 		.4byte	.LASF15
 266 00c6 03       		.byte	0x3
 267 00c7 22       		.byte	0x22
 268 00c8 AA000000 		.4byte	0xaa
 269 00cc 08       		.uleb128 0x8
 270 00cd 01       		.byte	0x1
 271 00ce 9A010000 		.4byte	.LASF16
 272 00d2 01       		.byte	0x1
 273 00d3 26       		.byte	0x26
 274 00d4 01       		.byte	0x1
 275 00d5 00000000 		.4byte	.LFB0
 276 00d9 08000000 		.4byte	.LFE0
 277 00dd 00000000 		.4byte	.LLST0
 278 00e1 01       		.byte	0x1
 279 00e2 09       		.uleb128 0x9
 280 00e3 01       		.byte	0x1
 281 00e4 74000000 		.4byte	.LASF17
 282 00e8 01       		.byte	0x1
 283 00e9 3A       		.byte	0x3a
ARM GAS  C:\Users\Sam\AppData\Local\Temp\cc1W6NQn.s 			page 8


 284 00ea 01       		.byte	0x1
 285 00eb 00000000 		.4byte	.LFB1
 286 00ef 30000000 		.4byte	.LFE1
 287 00f3 2C000000 		.4byte	.LLST1
 288 00f7 01       		.byte	0x1
 289 00f8 08       		.uleb128 0x8
 290 00f9 01       		.byte	0x1
 291 00fa 45000000 		.4byte	.LASF18
 292 00fe 01       		.byte	0x1
 293 00ff 58       		.byte	0x58
 294 0100 01       		.byte	0x1
 295 0101 00000000 		.4byte	.LFB2
 296 0105 08000000 		.4byte	.LFE2
 297 0109 58000000 		.4byte	.LLST2
 298 010d 01       		.byte	0x1
 299 010e 09       		.uleb128 0x9
 300 010f 01       		.byte	0x1
 301 0110 60000000 		.4byte	.LASF19
 302 0114 01       		.byte	0x1
 303 0115 6C       		.byte	0x6c
 304 0116 01       		.byte	0x1
 305 0117 00000000 		.4byte	.LFB3
 306 011b 1C000000 		.4byte	.LFE3
 307 011f 84000000 		.4byte	.LLST3
 308 0123 01       		.byte	0x1
 309 0124 0A       		.uleb128 0xa
 310 0125 31000000 		.4byte	.LASF24
 311 0129 01       		.byte	0x1
 312 012a 15       		.byte	0x15
 313 012b C1000000 		.4byte	0xc1
 314 012f 05       		.byte	0x5
 315 0130 03       		.byte	0x3
 316 0131 00000000 		.4byte	MessageTimer_backup
 317 0135 00       		.byte	0
 318              		.section	.debug_abbrev,"",%progbits
 319              	.Ldebug_abbrev0:
 320 0000 01       		.uleb128 0x1
 321 0001 11       		.uleb128 0x11
 322 0002 01       		.byte	0x1
 323 0003 25       		.uleb128 0x25
 324 0004 0E       		.uleb128 0xe
 325 0005 13       		.uleb128 0x13
 326 0006 0B       		.uleb128 0xb
 327 0007 03       		.uleb128 0x3
 328 0008 0E       		.uleb128 0xe
 329 0009 1B       		.uleb128 0x1b
 330 000a 0E       		.uleb128 0xe
 331 000b 55       		.uleb128 0x55
 332 000c 06       		.uleb128 0x6
 333 000d 11       		.uleb128 0x11
 334 000e 01       		.uleb128 0x1
 335 000f 52       		.uleb128 0x52
 336 0010 01       		.uleb128 0x1
 337 0011 10       		.uleb128 0x10
 338 0012 06       		.uleb128 0x6
 339 0013 00       		.byte	0
 340 0014 00       		.byte	0
ARM GAS  C:\Users\Sam\AppData\Local\Temp\cc1W6NQn.s 			page 9


 341 0015 02       		.uleb128 0x2
 342 0016 24       		.uleb128 0x24
 343 0017 00       		.byte	0
 344 0018 0B       		.uleb128 0xb
 345 0019 0B       		.uleb128 0xb
 346 001a 3E       		.uleb128 0x3e
 347 001b 0B       		.uleb128 0xb
 348 001c 03       		.uleb128 0x3
 349 001d 0E       		.uleb128 0xe
 350 001e 00       		.byte	0
 351 001f 00       		.byte	0
 352 0020 03       		.uleb128 0x3
 353 0021 24       		.uleb128 0x24
 354 0022 00       		.byte	0
 355 0023 0B       		.uleb128 0xb
 356 0024 0B       		.uleb128 0xb
 357 0025 3E       		.uleb128 0x3e
 358 0026 0B       		.uleb128 0xb
 359 0027 03       		.uleb128 0x3
 360 0028 08       		.uleb128 0x8
 361 0029 00       		.byte	0
 362 002a 00       		.byte	0
 363 002b 04       		.uleb128 0x4
 364 002c 16       		.uleb128 0x16
 365 002d 00       		.byte	0
 366 002e 03       		.uleb128 0x3
 367 002f 0E       		.uleb128 0xe
 368 0030 3A       		.uleb128 0x3a
 369 0031 0B       		.uleb128 0xb
 370 0032 3B       		.uleb128 0x3b
 371 0033 0B       		.uleb128 0xb
 372 0034 49       		.uleb128 0x49
 373 0035 13       		.uleb128 0x13
 374 0036 00       		.byte	0
 375 0037 00       		.byte	0
 376 0038 05       		.uleb128 0x5
 377 0039 35       		.uleb128 0x35
 378 003a 00       		.byte	0
 379 003b 49       		.uleb128 0x49
 380 003c 13       		.uleb128 0x13
 381 003d 00       		.byte	0
 382 003e 00       		.byte	0
 383 003f 06       		.uleb128 0x6
 384 0040 13       		.uleb128 0x13
 385 0041 01       		.byte	0x1
 386 0042 0B       		.uleb128 0xb
 387 0043 0B       		.uleb128 0xb
 388 0044 3A       		.uleb128 0x3a
 389 0045 0B       		.uleb128 0xb
 390 0046 3B       		.uleb128 0x3b
 391 0047 0B       		.uleb128 0xb
 392 0048 01       		.uleb128 0x1
 393 0049 13       		.uleb128 0x13
 394 004a 00       		.byte	0
 395 004b 00       		.byte	0
 396 004c 07       		.uleb128 0x7
 397 004d 0D       		.uleb128 0xd
ARM GAS  C:\Users\Sam\AppData\Local\Temp\cc1W6NQn.s 			page 10


 398 004e 00       		.byte	0
 399 004f 03       		.uleb128 0x3
 400 0050 0E       		.uleb128 0xe
 401 0051 3A       		.uleb128 0x3a
 402 0052 0B       		.uleb128 0xb
 403 0053 3B       		.uleb128 0x3b
 404 0054 0B       		.uleb128 0xb
 405 0055 49       		.uleb128 0x49
 406 0056 13       		.uleb128 0x13
 407 0057 38       		.uleb128 0x38
 408 0058 0A       		.uleb128 0xa
 409 0059 00       		.byte	0
 410 005a 00       		.byte	0
 411 005b 08       		.uleb128 0x8
 412 005c 2E       		.uleb128 0x2e
 413 005d 00       		.byte	0
 414 005e 3F       		.uleb128 0x3f
 415 005f 0C       		.uleb128 0xc
 416 0060 03       		.uleb128 0x3
 417 0061 0E       		.uleb128 0xe
 418 0062 3A       		.uleb128 0x3a
 419 0063 0B       		.uleb128 0xb
 420 0064 3B       		.uleb128 0x3b
 421 0065 0B       		.uleb128 0xb
 422 0066 27       		.uleb128 0x27
 423 0067 0C       		.uleb128 0xc
 424 0068 11       		.uleb128 0x11
 425 0069 01       		.uleb128 0x1
 426 006a 12       		.uleb128 0x12
 427 006b 01       		.uleb128 0x1
 428 006c 40       		.uleb128 0x40
 429 006d 06       		.uleb128 0x6
 430 006e 9742     		.uleb128 0x2117
 431 0070 0C       		.uleb128 0xc
 432 0071 00       		.byte	0
 433 0072 00       		.byte	0
 434 0073 09       		.uleb128 0x9
 435 0074 2E       		.uleb128 0x2e
 436 0075 00       		.byte	0
 437 0076 3F       		.uleb128 0x3f
 438 0077 0C       		.uleb128 0xc
 439 0078 03       		.uleb128 0x3
 440 0079 0E       		.uleb128 0xe
 441 007a 3A       		.uleb128 0x3a
 442 007b 0B       		.uleb128 0xb
 443 007c 3B       		.uleb128 0x3b
 444 007d 0B       		.uleb128 0xb
 445 007e 27       		.uleb128 0x27
 446 007f 0C       		.uleb128 0xc
 447 0080 11       		.uleb128 0x11
 448 0081 01       		.uleb128 0x1
 449 0082 12       		.uleb128 0x12
 450 0083 01       		.uleb128 0x1
 451 0084 40       		.uleb128 0x40
 452 0085 06       		.uleb128 0x6
 453 0086 9642     		.uleb128 0x2116
 454 0088 0C       		.uleb128 0xc
ARM GAS  C:\Users\Sam\AppData\Local\Temp\cc1W6NQn.s 			page 11


 455 0089 00       		.byte	0
 456 008a 00       		.byte	0
 457 008b 0A       		.uleb128 0xa
 458 008c 34       		.uleb128 0x34
 459 008d 00       		.byte	0
 460 008e 03       		.uleb128 0x3
 461 008f 0E       		.uleb128 0xe
 462 0090 3A       		.uleb128 0x3a
 463 0091 0B       		.uleb128 0xb
 464 0092 3B       		.uleb128 0x3b
 465 0093 0B       		.uleb128 0xb
 466 0094 49       		.uleb128 0x49
 467 0095 13       		.uleb128 0x13
 468 0096 02       		.uleb128 0x2
 469 0097 0A       		.uleb128 0xa
 470 0098 00       		.byte	0
 471 0099 00       		.byte	0
 472 009a 00       		.byte	0
 473              		.section	.debug_loc,"",%progbits
 474              	.Ldebug_loc0:
 475              	.LLST0:
 476 0000 00000000 		.4byte	.LFB0
 477 0004 02000000 		.4byte	.LCFI0
 478 0008 0200     		.2byte	0x2
 479 000a 7D       		.byte	0x7d
 480 000b 00       		.sleb128 0
 481 000c 02000000 		.4byte	.LCFI0
 482 0010 04000000 		.4byte	.LCFI1
 483 0014 0200     		.2byte	0x2
 484 0016 7D       		.byte	0x7d
 485 0017 08       		.sleb128 8
 486 0018 04000000 		.4byte	.LCFI1
 487 001c 08000000 		.4byte	.LFE0
 488 0020 0200     		.2byte	0x2
 489 0022 77       		.byte	0x77
 490 0023 08       		.sleb128 8
 491 0024 00000000 		.4byte	0
 492 0028 00000000 		.4byte	0
 493              	.LLST1:
 494 002c 00000000 		.4byte	.LFB1
 495 0030 02000000 		.4byte	.LCFI2
 496 0034 0200     		.2byte	0x2
 497 0036 7D       		.byte	0x7d
 498 0037 00       		.sleb128 0
 499 0038 02000000 		.4byte	.LCFI2
 500 003c 04000000 		.4byte	.LCFI3
 501 0040 0200     		.2byte	0x2
 502 0042 7D       		.byte	0x7d
 503 0043 08       		.sleb128 8
 504 0044 04000000 		.4byte	.LCFI3
 505 0048 30000000 		.4byte	.LFE1
 506 004c 0200     		.2byte	0x2
 507 004e 77       		.byte	0x77
 508 004f 08       		.sleb128 8
 509 0050 00000000 		.4byte	0
 510 0054 00000000 		.4byte	0
 511              	.LLST2:
ARM GAS  C:\Users\Sam\AppData\Local\Temp\cc1W6NQn.s 			page 12


 512 0058 00000000 		.4byte	.LFB2
 513 005c 02000000 		.4byte	.LCFI4
 514 0060 0200     		.2byte	0x2
 515 0062 7D       		.byte	0x7d
 516 0063 00       		.sleb128 0
 517 0064 02000000 		.4byte	.LCFI4
 518 0068 04000000 		.4byte	.LCFI5
 519 006c 0200     		.2byte	0x2
 520 006e 7D       		.byte	0x7d
 521 006f 08       		.sleb128 8
 522 0070 04000000 		.4byte	.LCFI5
 523 0074 08000000 		.4byte	.LFE2
 524 0078 0200     		.2byte	0x2
 525 007a 77       		.byte	0x77
 526 007b 08       		.sleb128 8
 527 007c 00000000 		.4byte	0
 528 0080 00000000 		.4byte	0
 529              	.LLST3:
 530 0084 00000000 		.4byte	.LFB3
 531 0088 02000000 		.4byte	.LCFI6
 532 008c 0200     		.2byte	0x2
 533 008e 7D       		.byte	0x7d
 534 008f 00       		.sleb128 0
 535 0090 02000000 		.4byte	.LCFI6
 536 0094 04000000 		.4byte	.LCFI7
 537 0098 0200     		.2byte	0x2
 538 009a 7D       		.byte	0x7d
 539 009b 08       		.sleb128 8
 540 009c 04000000 		.4byte	.LCFI7
 541 00a0 1C000000 		.4byte	.LFE3
 542 00a4 0200     		.2byte	0x2
 543 00a6 77       		.byte	0x77
 544 00a7 08       		.sleb128 8
 545 00a8 00000000 		.4byte	0
 546 00ac 00000000 		.4byte	0
 547              		.section	.debug_aranges,"",%progbits
 548 0000 34000000 		.4byte	0x34
 549 0004 0200     		.2byte	0x2
 550 0006 00000000 		.4byte	.Ldebug_info0
 551 000a 04       		.byte	0x4
 552 000b 00       		.byte	0
 553 000c 0000     		.2byte	0
 554 000e 0000     		.2byte	0
 555 0010 00000000 		.4byte	.LFB0
 556 0014 08000000 		.4byte	.LFE0-.LFB0
 557 0018 00000000 		.4byte	.LFB1
 558 001c 30000000 		.4byte	.LFE1-.LFB1
 559 0020 00000000 		.4byte	.LFB2
 560 0024 08000000 		.4byte	.LFE2-.LFB2
 561 0028 00000000 		.4byte	.LFB3
 562 002c 1C000000 		.4byte	.LFE3-.LFB3
 563 0030 00000000 		.4byte	0
 564 0034 00000000 		.4byte	0
 565              		.section	.debug_ranges,"",%progbits
 566              	.Ldebug_ranges0:
 567 0000 00000000 		.4byte	.LFB0
 568 0004 08000000 		.4byte	.LFE0
ARM GAS  C:\Users\Sam\AppData\Local\Temp\cc1W6NQn.s 			page 13


 569 0008 00000000 		.4byte	.LFB1
 570 000c 30000000 		.4byte	.LFE1
 571 0010 00000000 		.4byte	.LFB2
 572 0014 08000000 		.4byte	.LFE2
 573 0018 00000000 		.4byte	.LFB3
 574 001c 1C000000 		.4byte	.LFE3
 575 0020 00000000 		.4byte	0
 576 0024 00000000 		.4byte	0
 577              		.section	.debug_line,"",%progbits
 578              	.Ldebug_line0:
 579 0000 B0000000 		.section	.debug_str,"MS",%progbits,1
 579      02006000 
 579      00000201 
 579      FB0E0D00 
 579      01010101 
 580              	.LASF21:
 581 0000 2E5C4765 		.ascii	".\\Generated_Source\\PSoC4\\MessageTimer_PM.c\000"
 581      6E657261 
 581      7465645F 
 581      536F7572 
 581      63655C50 
 582              	.LASF14:
 583 002b 72656733 		.ascii	"reg32\000"
 583      3200
 584              	.LASF24:
 585 0031 4D657373 		.ascii	"MessageTimer_backup\000"
 585      61676554 
 585      696D6572 
 585      5F626163 
 585      6B757000 
 586              	.LASF18:
 587 0045 4D657373 		.ascii	"MessageTimer_RestoreConfig\000"
 587      61676554 
 587      696D6572 
 587      5F526573 
 587      746F7265 
 588              	.LASF19:
 589 0060 4D657373 		.ascii	"MessageTimer_Wakeup\000"
 589      61676554 
 589      696D6572 
 589      5F57616B 
 589      65757000 
 590              	.LASF17:
 591 0074 4D657373 		.ascii	"MessageTimer_Sleep\000"
 591      61676554 
 591      696D6572 
 591      5F536C65 
 591      657000
 592              	.LASF11:
 593 0087 666C6F61 		.ascii	"float\000"
 593      7400
 594              	.LASF1:
 595 008d 756E7369 		.ascii	"unsigned char\000"
 595      676E6564 
 595      20636861 
 595      7200
 596              	.LASF5:
ARM GAS  C:\Users\Sam\AppData\Local\Temp\cc1W6NQn.s 			page 14


 597 009b 6C6F6E67 		.ascii	"long unsigned int\000"
 597      20756E73 
 597      69676E65 
 597      6420696E 
 597      7400
 598              	.LASF3:
 599 00ad 73686F72 		.ascii	"short unsigned int\000"
 599      7420756E 
 599      7369676E 
 599      65642069 
 599      6E7400
 600              	.LASF12:
 601 00c0 646F7562 		.ascii	"double\000"
 601      6C6500
 602              	.LASF10:
 603 00c7 75696E74 		.ascii	"uint32\000"
 603      333200
 604              	.LASF8:
 605 00ce 756E7369 		.ascii	"unsigned int\000"
 605      676E6564 
 605      20696E74 
 605      00
 606              	.LASF7:
 607 00db 6C6F6E67 		.ascii	"long long unsigned int\000"
 607      206C6F6E 
 607      6720756E 
 607      7369676E 
 607      65642069 
 608              	.LASF22:
 609 00f2 433A5C55 		.ascii	"C:\\Users\\Sam\\Dropbox\\Work\\2014\\PSoC 4 Modbus "
 609      73657273 
 609      5C53616D 
 609      5C44726F 
 609      70626F78 
 610 011f 536C6176 		.ascii	"Slave Software\\PSoC 4 Pioneer Modbus Slave\\PSoC 4"
 610      6520536F 
 610      66747761 
 610      72655C50 
 610      536F4320 
 611 0150 2050696F 		.ascii	" Pioneer Modbus Slave.cydsn\000"
 611      6E656572 
 611      204D6F64 
 611      62757320 
 611      536C6176 
 612              	.LASF6:
 613 016c 6C6F6E67 		.ascii	"long long int\000"
 613      206C6F6E 
 613      6720696E 
 613      7400
 614              	.LASF15:
 615 017a 4D657373 		.ascii	"MessageTimer_BACKUP_STRUCT\000"
 615      61676554 
 615      696D6572 
 615      5F424143 
 615      4B55505F 
 616              	.LASF13:
 617 0195 63686172 		.ascii	"char\000"
ARM GAS  C:\Users\Sam\AppData\Local\Temp\cc1W6NQn.s 			page 15


 617      00
 618              	.LASF16:
 619 019a 4D657373 		.ascii	"MessageTimer_SaveConfig\000"
 619      61676554 
 619      696D6572 
 619      5F536176 
 619      65436F6E 
 620              	.LASF2:
 621 01b2 73686F72 		.ascii	"short int\000"
 621      7420696E 
 621      7400
 622              	.LASF9:
 623 01bc 75696E74 		.ascii	"uint8\000"
 623      3800
 624              	.LASF20:
 625 01c2 474E5520 		.ascii	"GNU C 4.7.3 20130312 (release) [ARM/embedded-4_7-br"
 625      4320342E 
 625      372E3320 
 625      32303133 
 625      30333132 
 626 01f5 616E6368 		.ascii	"anch revision 196615]\000"
 626      20726576 
 626      6973696F 
 626      6E203139 
 626      36363135 
 627              	.LASF4:
 628 020b 6C6F6E67 		.ascii	"long int\000"
 628      20696E74 
 628      00
 629              	.LASF23:
 630 0214 656E6162 		.ascii	"enableState\000"
 630      6C655374 
 630      61746500 
 631              	.LASF0:
 632 0220 7369676E 		.ascii	"signed char\000"
 632      65642063 
 632      68617200 
 633              		.ident	"GCC: (GNU Tools for ARM Embedded Processors) 4.7.3 20130312 (release) [ARM/embedded-4_7-br
