ARM GAS  C:\Users\Sam\AppData\Local\Temp\ccPc0UXT.s 			page 1


   1              		.cpu cortex-m0
   2              		.fpu softvfp
   3              		.eabi_attribute 20, 1
   4              		.eabi_attribute 21, 1
   5              		.eabi_attribute 23, 3
   6              		.eabi_attribute 24, 1
   7              		.eabi_attribute 25, 1
   8              		.eabi_attribute 26, 1
   9              		.eabi_attribute 30, 6
  10              		.eabi_attribute 34, 0
  11              		.eabi_attribute 18, 4
  12              		.code	16
  13              		.file	"ModbusUART_UART.c"
  14              		.text
  15              	.Ltext0:
  16              		.cfi_sections	.debug_frame
  17              		.section	.text.ModbusUART_UartInit,"ax",%progbits
  18              		.align	2
  19              		.global	ModbusUART_UartInit
  20              		.code	16
  21              		.thumb_func
  22              		.type	ModbusUART_UartInit, %function
  23              	ModbusUART_UartInit:
  24              	.LFB0:
  25              		.file 1 ".\\Generated_Source\\PSoC4\\ModbusUART_UART.c"
   1:.\Generated_Source\PSoC4/ModbusUART_UART.c **** /*******************************************************************************
   2:.\Generated_Source\PSoC4/ModbusUART_UART.c **** * File Name: ModbusUART_UART.c
   3:.\Generated_Source\PSoC4/ModbusUART_UART.c **** * Version 1.10
   4:.\Generated_Source\PSoC4/ModbusUART_UART.c **** *
   5:.\Generated_Source\PSoC4/ModbusUART_UART.c **** * Description:
   6:.\Generated_Source\PSoC4/ModbusUART_UART.c **** *  This file provides the source code to the API for the SCB Component in
   7:.\Generated_Source\PSoC4/ModbusUART_UART.c **** *  UART mode.
   8:.\Generated_Source\PSoC4/ModbusUART_UART.c **** *
   9:.\Generated_Source\PSoC4/ModbusUART_UART.c **** * Note:
  10:.\Generated_Source\PSoC4/ModbusUART_UART.c **** *
  11:.\Generated_Source\PSoC4/ModbusUART_UART.c **** *******************************************************************************
  12:.\Generated_Source\PSoC4/ModbusUART_UART.c **** * Copyright 2013, Cypress Semiconductor Corporation.  All rights reserved.
  13:.\Generated_Source\PSoC4/ModbusUART_UART.c **** * You may use this file only in accordance with the license, terms, conditions,
  14:.\Generated_Source\PSoC4/ModbusUART_UART.c **** * disclaimers, and limitations in the end user license agreement accompanying
  15:.\Generated_Source\PSoC4/ModbusUART_UART.c **** * the software package with which this file was provided.
  16:.\Generated_Source\PSoC4/ModbusUART_UART.c **** *******************************************************************************/
  17:.\Generated_Source\PSoC4/ModbusUART_UART.c **** 
  18:.\Generated_Source\PSoC4/ModbusUART_UART.c **** #include "ModbusUART_PVT.h"
  19:.\Generated_Source\PSoC4/ModbusUART_UART.c **** #include "ModbusUART_SPI_UART_PVT.h"
  20:.\Generated_Source\PSoC4/ModbusUART_UART.c **** 
  21:.\Generated_Source\PSoC4/ModbusUART_UART.c **** 
  22:.\Generated_Source\PSoC4/ModbusUART_UART.c **** #if(ModbusUART_SCB_MODE_UNCONFIG_CONST_CFG)
  23:.\Generated_Source\PSoC4/ModbusUART_UART.c **** 
  24:.\Generated_Source\PSoC4/ModbusUART_UART.c ****     /***************************************
  25:.\Generated_Source\PSoC4/ModbusUART_UART.c ****     *  Config Structure Initialization
  26:.\Generated_Source\PSoC4/ModbusUART_UART.c ****     ***************************************/
  27:.\Generated_Source\PSoC4/ModbusUART_UART.c **** 
  28:.\Generated_Source\PSoC4/ModbusUART_UART.c ****     const ModbusUART_UART_INIT_STRUCT ModbusUART_configUart =
  29:.\Generated_Source\PSoC4/ModbusUART_UART.c ****     {
  30:.\Generated_Source\PSoC4/ModbusUART_UART.c ****         ModbusUART_UART_SUB_MODE,
  31:.\Generated_Source\PSoC4/ModbusUART_UART.c ****         ModbusUART_UART_DIRECTION,
  32:.\Generated_Source\PSoC4/ModbusUART_UART.c ****         ModbusUART_UART_DATA_BITS_NUM,
ARM GAS  C:\Users\Sam\AppData\Local\Temp\ccPc0UXT.s 			page 2


  33:.\Generated_Source\PSoC4/ModbusUART_UART.c ****         ModbusUART_UART_PARITY_TYPE,
  34:.\Generated_Source\PSoC4/ModbusUART_UART.c ****         ModbusUART_UART_STOP_BITS_NUM,
  35:.\Generated_Source\PSoC4/ModbusUART_UART.c ****         ModbusUART_UART_OVS_FACTOR,
  36:.\Generated_Source\PSoC4/ModbusUART_UART.c ****         ModbusUART_UART_IRDA_LOW_POWER,
  37:.\Generated_Source\PSoC4/ModbusUART_UART.c ****         ModbusUART_UART_MEDIAN_FILTER_ENABLE,
  38:.\Generated_Source\PSoC4/ModbusUART_UART.c ****         ModbusUART_UART_RETRY_ON_NACK,
  39:.\Generated_Source\PSoC4/ModbusUART_UART.c ****         ModbusUART_UART_IRDA_POLARITY,
  40:.\Generated_Source\PSoC4/ModbusUART_UART.c ****         ModbusUART_UART_DROP_ON_PARITY_ERR,
  41:.\Generated_Source\PSoC4/ModbusUART_UART.c ****         ModbusUART_UART_DROP_ON_FRAME_ERR,
  42:.\Generated_Source\PSoC4/ModbusUART_UART.c ****         ModbusUART_UART_WAKE_ENABLE,
  43:.\Generated_Source\PSoC4/ModbusUART_UART.c ****         0u,
  44:.\Generated_Source\PSoC4/ModbusUART_UART.c ****         NULL,
  45:.\Generated_Source\PSoC4/ModbusUART_UART.c ****         0u,
  46:.\Generated_Source\PSoC4/ModbusUART_UART.c ****         NULL,
  47:.\Generated_Source\PSoC4/ModbusUART_UART.c ****         ModbusUART_UART_MP_MODE_ENABLE,
  48:.\Generated_Source\PSoC4/ModbusUART_UART.c ****         ModbusUART_UART_MP_ACCEPT_ADDRESS,
  49:.\Generated_Source\PSoC4/ModbusUART_UART.c ****         ModbusUART_UART_MP_RX_ADDRESS,
  50:.\Generated_Source\PSoC4/ModbusUART_UART.c ****         ModbusUART_UART_MP_RX_ADDRESS_MASK,
  51:.\Generated_Source\PSoC4/ModbusUART_UART.c ****         ModbusUART_SCB_IRQ_INTERNAL,
  52:.\Generated_Source\PSoC4/ModbusUART_UART.c ****         ModbusUART_UART_INTR_RX_MASK,
  53:.\Generated_Source\PSoC4/ModbusUART_UART.c ****         ModbusUART_UART_RX_TRIGGER_LEVEL,
  54:.\Generated_Source\PSoC4/ModbusUART_UART.c ****         ModbusUART_UART_INTR_TX_MASK,
  55:.\Generated_Source\PSoC4/ModbusUART_UART.c ****         ModbusUART_UART_TX_TRIGGER_LEVEL
  56:.\Generated_Source\PSoC4/ModbusUART_UART.c ****     };
  57:.\Generated_Source\PSoC4/ModbusUART_UART.c **** 
  58:.\Generated_Source\PSoC4/ModbusUART_UART.c **** 
  59:.\Generated_Source\PSoC4/ModbusUART_UART.c ****     /*******************************************************************************
  60:.\Generated_Source\PSoC4/ModbusUART_UART.c ****     * Function Name: ModbusUART_UartInit
  61:.\Generated_Source\PSoC4/ModbusUART_UART.c ****     ********************************************************************************
  62:.\Generated_Source\PSoC4/ModbusUART_UART.c ****     *
  63:.\Generated_Source\PSoC4/ModbusUART_UART.c ****     * Summary:
  64:.\Generated_Source\PSoC4/ModbusUART_UART.c ****     *  Configures the SCB for SPI operation.
  65:.\Generated_Source\PSoC4/ModbusUART_UART.c ****     *
  66:.\Generated_Source\PSoC4/ModbusUART_UART.c ****     * Parameters:
  67:.\Generated_Source\PSoC4/ModbusUART_UART.c ****     *  config:  Pointer to a structure that contains the following ordered list of
  68:.\Generated_Source\PSoC4/ModbusUART_UART.c ****     *           fields. These fields match the selections available in the
  69:.\Generated_Source\PSoC4/ModbusUART_UART.c ****     *           customizer.
  70:.\Generated_Source\PSoC4/ModbusUART_UART.c ****     *
  71:.\Generated_Source\PSoC4/ModbusUART_UART.c ****     * Return:
  72:.\Generated_Source\PSoC4/ModbusUART_UART.c ****     *  None
  73:.\Generated_Source\PSoC4/ModbusUART_UART.c ****     *
  74:.\Generated_Source\PSoC4/ModbusUART_UART.c ****     *******************************************************************************/
  75:.\Generated_Source\PSoC4/ModbusUART_UART.c ****     void ModbusUART_UartInit(const ModbusUART_UART_INIT_STRUCT *config)
  76:.\Generated_Source\PSoC4/ModbusUART_UART.c ****     {
  77:.\Generated_Source\PSoC4/ModbusUART_UART.c ****         if(NULL == config)
  78:.\Generated_Source\PSoC4/ModbusUART_UART.c ****         {
  79:.\Generated_Source\PSoC4/ModbusUART_UART.c ****             CYASSERT(0u != 0u); /* Halt execution due bad fucntion parameter */
  80:.\Generated_Source\PSoC4/ModbusUART_UART.c ****         }
  81:.\Generated_Source\PSoC4/ModbusUART_UART.c ****         else
  82:.\Generated_Source\PSoC4/ModbusUART_UART.c ****         {
  83:.\Generated_Source\PSoC4/ModbusUART_UART.c ****             /* Configure pins */
  84:.\Generated_Source\PSoC4/ModbusUART_UART.c ****             ModbusUART_SetPins(ModbusUART_SCB_MODE_UART, config->mode, config->direction);
  85:.\Generated_Source\PSoC4/ModbusUART_UART.c **** 
  86:.\Generated_Source\PSoC4/ModbusUART_UART.c ****             /* Store internal configuration */
  87:.\Generated_Source\PSoC4/ModbusUART_UART.c ****             ModbusUART_scbMode       = (uint8) ModbusUART_SCB_MODE_UART;
  88:.\Generated_Source\PSoC4/ModbusUART_UART.c ****             ModbusUART_scbEnableWake = (uint8) config->enableWake;
  89:.\Generated_Source\PSoC4/ModbusUART_UART.c ****             ModbusUART_scbEnableIntr = (uint8) config->enableInterrupt;
ARM GAS  C:\Users\Sam\AppData\Local\Temp\ccPc0UXT.s 			page 3


  90:.\Generated_Source\PSoC4/ModbusUART_UART.c **** 
  91:.\Generated_Source\PSoC4/ModbusUART_UART.c ****             /* Set RX direction internal variables */
  92:.\Generated_Source\PSoC4/ModbusUART_UART.c ****             ModbusUART_rxBuffer      =         config->rxBuffer;
  93:.\Generated_Source\PSoC4/ModbusUART_UART.c ****             ModbusUART_rxDataBits    = (uint8) config->dataBits;
  94:.\Generated_Source\PSoC4/ModbusUART_UART.c ****             ModbusUART_rxBufferSize  = (uint8) config->rxBufferSize;
  95:.\Generated_Source\PSoC4/ModbusUART_UART.c **** 
  96:.\Generated_Source\PSoC4/ModbusUART_UART.c ****             /* Set TX direction internal variables */
  97:.\Generated_Source\PSoC4/ModbusUART_UART.c ****             ModbusUART_txBuffer      =         config->txBuffer;
  98:.\Generated_Source\PSoC4/ModbusUART_UART.c ****             ModbusUART_txDataBits    = (uint8) config->dataBits;
  99:.\Generated_Source\PSoC4/ModbusUART_UART.c ****             ModbusUART_txBufferSize  = (uint8) config->txBufferSize;
 100:.\Generated_Source\PSoC4/ModbusUART_UART.c **** 
 101:.\Generated_Source\PSoC4/ModbusUART_UART.c **** 
 102:.\Generated_Source\PSoC4/ModbusUART_UART.c ****             /* Configure UART interface */
 103:.\Generated_Source\PSoC4/ModbusUART_UART.c ****             if(ModbusUART_UART_MODE_IRDA == config->mode)
 104:.\Generated_Source\PSoC4/ModbusUART_UART.c ****             {
 105:.\Generated_Source\PSoC4/ModbusUART_UART.c ****                 /* OVS settigns: IrDA */
 106:.\Generated_Source\PSoC4/ModbusUART_UART.c ****                 ModbusUART_CTRL_REG  = ((0u != config->enableIrdaLowPower) ?
 107:.\Generated_Source\PSoC4/ModbusUART_UART.c ****                                                 (ModbusUART_UART_GET_CTRL_OVS_IRDA_LP(config->overs
 108:.\Generated_Source\PSoC4/ModbusUART_UART.c ****                                                 (ModbusUART_CTRL_OVS_IRDA_OVS16));
 109:.\Generated_Source\PSoC4/ModbusUART_UART.c ****             }
 110:.\Generated_Source\PSoC4/ModbusUART_UART.c ****             else
 111:.\Generated_Source\PSoC4/ModbusUART_UART.c ****             {
 112:.\Generated_Source\PSoC4/ModbusUART_UART.c ****                 /* OVS settigns: UART and SmartCard */
 113:.\Generated_Source\PSoC4/ModbusUART_UART.c ****                 ModbusUART_CTRL_REG  = ModbusUART_GET_CTRL_OVS(config->oversample);
 114:.\Generated_Source\PSoC4/ModbusUART_UART.c ****             }
 115:.\Generated_Source\PSoC4/ModbusUART_UART.c **** 
 116:.\Generated_Source\PSoC4/ModbusUART_UART.c ****             ModbusUART_CTRL_REG     |= ModbusUART_GET_CTRL_ADDR_ACCEPT(config->multiprocAcceptAddr)
 117:.\Generated_Source\PSoC4/ModbusUART_UART.c ****                                              ModbusUART_CTRL_UART;
 118:.\Generated_Source\PSoC4/ModbusUART_UART.c **** 
 119:.\Generated_Source\PSoC4/ModbusUART_UART.c ****             /* Confiuure submode: UART, SmartCard or IrDA */
 120:.\Generated_Source\PSoC4/ModbusUART_UART.c ****             ModbusUART_UART_CTRL_REG = ModbusUART_GET_UART_CTRL_MODE(config->mode);
 121:.\Generated_Source\PSoC4/ModbusUART_UART.c **** 
 122:.\Generated_Source\PSoC4/ModbusUART_UART.c ****             /* Configure RX direction */
 123:.\Generated_Source\PSoC4/ModbusUART_UART.c ****             ModbusUART_UART_RX_CTRL_REG = ModbusUART_GET_UART_RX_CTRL_MODE(config->stopBits)       
 124:.\Generated_Source\PSoC4/ModbusUART_UART.c ****                                         ModbusUART_GET_UART_RX_CTRL_POLARITY(config->enableInverted
 125:.\Generated_Source\PSoC4/ModbusUART_UART.c ****                                         ModbusUART_GET_UART_RX_CTRL_MP_MODE(config->enableMultiproc
 126:.\Generated_Source\PSoC4/ModbusUART_UART.c ****                                         ModbusUART_GET_UART_RX_CTRL_DROP_ON_PARITY_ERR(config->drop
 127:.\Generated_Source\PSoC4/ModbusUART_UART.c ****                                         ModbusUART_GET_UART_RX_CTRL_DROP_ON_FRAME_ERR(config->dropO
 128:.\Generated_Source\PSoC4/ModbusUART_UART.c **** 
 129:.\Generated_Source\PSoC4/ModbusUART_UART.c ****             if(ModbusUART_UART_PARITY_NONE != config->parity)
 130:.\Generated_Source\PSoC4/ModbusUART_UART.c ****             {
 131:.\Generated_Source\PSoC4/ModbusUART_UART.c ****                ModbusUART_UART_RX_CTRL_REG |= ModbusUART_GET_UART_RX_CTRL_PARITY(config->parity) |
 132:.\Generated_Source\PSoC4/ModbusUART_UART.c ****                                                     ModbusUART_UART_RX_CTRL_PARITY_ENABLED;
 133:.\Generated_Source\PSoC4/ModbusUART_UART.c ****             }
 134:.\Generated_Source\PSoC4/ModbusUART_UART.c **** 
 135:.\Generated_Source\PSoC4/ModbusUART_UART.c ****             ModbusUART_RX_CTRL_REG      = ModbusUART_GET_RX_CTRL_DATA_WIDTH(config->dataBits)      
 136:.\Generated_Source\PSoC4/ModbusUART_UART.c ****                                                 ModbusUART_GET_RX_CTRL_MEDIAN(config->enableMedianF
 137:.\Generated_Source\PSoC4/ModbusUART_UART.c ****                                                 ModbusUART_GET_UART_RX_CTRL_ENABLED(config->directi
 138:.\Generated_Source\PSoC4/ModbusUART_UART.c **** 
 139:.\Generated_Source\PSoC4/ModbusUART_UART.c ****             ModbusUART_RX_FIFO_CTRL_REG = ModbusUART_GET_RX_FIFO_CTRL_TRIGGER_LEVEL(config->rxTrigg
 140:.\Generated_Source\PSoC4/ModbusUART_UART.c **** 
 141:.\Generated_Source\PSoC4/ModbusUART_UART.c ****             /* Configure MP address */
 142:.\Generated_Source\PSoC4/ModbusUART_UART.c ****             ModbusUART_RX_MATCH_REG     = ModbusUART_GET_RX_MATCH_ADDR(config->multiprocAddr) |
 143:.\Generated_Source\PSoC4/ModbusUART_UART.c ****                                                 ModbusUART_GET_RX_MATCH_MASK(config->multiprocAddrM
 144:.\Generated_Source\PSoC4/ModbusUART_UART.c **** 
 145:.\Generated_Source\PSoC4/ModbusUART_UART.c ****             /* Configure RX direction */
 146:.\Generated_Source\PSoC4/ModbusUART_UART.c ****             ModbusUART_UART_TX_CTRL_REG = ModbusUART_GET_UART_TX_CTRL_MODE(config->stopBits) |
ARM GAS  C:\Users\Sam\AppData\Local\Temp\ccPc0UXT.s 			page 4


 147:.\Generated_Source\PSoC4/ModbusUART_UART.c ****                                                 ModbusUART_GET_UART_TX_CTRL_RETRY_NACK(config->enab
 148:.\Generated_Source\PSoC4/ModbusUART_UART.c **** 
 149:.\Generated_Source\PSoC4/ModbusUART_UART.c ****             if(ModbusUART_UART_PARITY_NONE != config->parity)
 150:.\Generated_Source\PSoC4/ModbusUART_UART.c ****             {
 151:.\Generated_Source\PSoC4/ModbusUART_UART.c ****                ModbusUART_UART_TX_CTRL_REG |= ModbusUART_GET_UART_TX_CTRL_PARITY(config->parity) |
 152:.\Generated_Source\PSoC4/ModbusUART_UART.c ****                                                     ModbusUART_UART_TX_CTRL_PARITY_ENABLED;
 153:.\Generated_Source\PSoC4/ModbusUART_UART.c ****             }
 154:.\Generated_Source\PSoC4/ModbusUART_UART.c **** 
 155:.\Generated_Source\PSoC4/ModbusUART_UART.c ****             ModbusUART_TX_CTRL_REG      = ModbusUART_GET_TX_CTRL_DATA_WIDTH(config->dataBits)    |
 156:.\Generated_Source\PSoC4/ModbusUART_UART.c ****                                                 ModbusUART_GET_UART_TX_CTRL_ENABLED(config->directi
 157:.\Generated_Source\PSoC4/ModbusUART_UART.c **** 
 158:.\Generated_Source\PSoC4/ModbusUART_UART.c ****             ModbusUART_TX_FIFO_CTRL_REG = ModbusUART_GET_TX_FIFO_CTRL_TRIGGER_LEVEL(config->txTrigg
 159:.\Generated_Source\PSoC4/ModbusUART_UART.c **** 
 160:.\Generated_Source\PSoC4/ModbusUART_UART.c **** 
 161:.\Generated_Source\PSoC4/ModbusUART_UART.c ****             /* Configure WAKE interrupt */
 162:.\Generated_Source\PSoC4/ModbusUART_UART.c ****             #if(ModbusUART_UART_RX_WAKEUP_IRQ)
 163:.\Generated_Source\PSoC4/ModbusUART_UART.c ****                 ModbusUART_RX_WAKEUP_IRQ_StartEx(&ModbusUART_UART_WAKEUP_ISR);
 164:.\Generated_Source\PSoC4/ModbusUART_UART.c ****                 ModbusUART_RX_WAKEUP_IRQ_Disable();
 165:.\Generated_Source\PSoC4/ModbusUART_UART.c ****             #endif /* (ModbusUART_UART_RX_WAKEUP_IRQ) */
 166:.\Generated_Source\PSoC4/ModbusUART_UART.c **** 
 167:.\Generated_Source\PSoC4/ModbusUART_UART.c ****             /* Configure interrupt with UART handler */
 168:.\Generated_Source\PSoC4/ModbusUART_UART.c ****             ModbusUART_SCB_IRQ_Disable();
 169:.\Generated_Source\PSoC4/ModbusUART_UART.c ****             ModbusUART_SCB_IRQ_SetVector(&ModbusUART_SPI_UART_ISR);
 170:.\Generated_Source\PSoC4/ModbusUART_UART.c ****             ModbusUART_SCB_IRQ_SetPriority((uint8)ModbusUART_SCB_IRQ_INTC_PRIOR_NUMBER);
 171:.\Generated_Source\PSoC4/ModbusUART_UART.c **** 
 172:.\Generated_Source\PSoC4/ModbusUART_UART.c ****             /* Configure interrupt sources */
 173:.\Generated_Source\PSoC4/ModbusUART_UART.c ****             ModbusUART_INTR_I2C_EC_MASK_REG = ModbusUART_NO_INTR_SOURCES;
 174:.\Generated_Source\PSoC4/ModbusUART_UART.c ****             ModbusUART_INTR_SPI_EC_MASK_REG = ModbusUART_NO_INTR_SOURCES;
 175:.\Generated_Source\PSoC4/ModbusUART_UART.c ****             ModbusUART_INTR_SLAVE_MASK_REG  = ModbusUART_NO_INTR_SOURCES;
 176:.\Generated_Source\PSoC4/ModbusUART_UART.c ****             ModbusUART_INTR_MASTER_MASK_REG = ModbusUART_NO_INTR_SOURCES;
 177:.\Generated_Source\PSoC4/ModbusUART_UART.c ****             ModbusUART_INTR_RX_MASK_REG     = config->rxInterruptMask;
 178:.\Generated_Source\PSoC4/ModbusUART_UART.c ****             ModbusUART_INTR_TX_MASK_REG     = config->txInterruptMask;
 179:.\Generated_Source\PSoC4/ModbusUART_UART.c **** 
 180:.\Generated_Source\PSoC4/ModbusUART_UART.c ****             /* Clear RX buffer indexes */
 181:.\Generated_Source\PSoC4/ModbusUART_UART.c ****             ModbusUART_rxBufferHead     = 0u;
 182:.\Generated_Source\PSoC4/ModbusUART_UART.c ****             ModbusUART_rxBufferTail     = 0u;
 183:.\Generated_Source\PSoC4/ModbusUART_UART.c ****             ModbusUART_rxBufferOverflow = 0u;
 184:.\Generated_Source\PSoC4/ModbusUART_UART.c **** 
 185:.\Generated_Source\PSoC4/ModbusUART_UART.c ****             /* Clrea TX buffer indexes */
 186:.\Generated_Source\PSoC4/ModbusUART_UART.c ****             ModbusUART_txBufferHead = 0u;
 187:.\Generated_Source\PSoC4/ModbusUART_UART.c ****             ModbusUART_txBufferTail = 0u;
 188:.\Generated_Source\PSoC4/ModbusUART_UART.c ****         }
 189:.\Generated_Source\PSoC4/ModbusUART_UART.c ****     }
 190:.\Generated_Source\PSoC4/ModbusUART_UART.c **** 
 191:.\Generated_Source\PSoC4/ModbusUART_UART.c **** #else
 192:.\Generated_Source\PSoC4/ModbusUART_UART.c **** 
 193:.\Generated_Source\PSoC4/ModbusUART_UART.c ****     /*******************************************************************************
 194:.\Generated_Source\PSoC4/ModbusUART_UART.c ****     * Function Name: ModbusUART_UartInit
 195:.\Generated_Source\PSoC4/ModbusUART_UART.c ****     ********************************************************************************
 196:.\Generated_Source\PSoC4/ModbusUART_UART.c ****     *
 197:.\Generated_Source\PSoC4/ModbusUART_UART.c ****     * Summary:
 198:.\Generated_Source\PSoC4/ModbusUART_UART.c ****     *  Configures the SCB for SPI operation.
 199:.\Generated_Source\PSoC4/ModbusUART_UART.c ****     *
 200:.\Generated_Source\PSoC4/ModbusUART_UART.c ****     * Parameters:
 201:.\Generated_Source\PSoC4/ModbusUART_UART.c ****     *  None
 202:.\Generated_Source\PSoC4/ModbusUART_UART.c ****     *
 203:.\Generated_Source\PSoC4/ModbusUART_UART.c ****     * Return:
ARM GAS  C:\Users\Sam\AppData\Local\Temp\ccPc0UXT.s 			page 5


 204:.\Generated_Source\PSoC4/ModbusUART_UART.c ****     *  None
 205:.\Generated_Source\PSoC4/ModbusUART_UART.c ****     *
 206:.\Generated_Source\PSoC4/ModbusUART_UART.c ****     *******************************************************************************/
 207:.\Generated_Source\PSoC4/ModbusUART_UART.c ****     void ModbusUART_UartInit(void)
 208:.\Generated_Source\PSoC4/ModbusUART_UART.c ****     {
  26              		.loc 1 208 0
  27              		.cfi_startproc
  28 0000 80B5     		push	{r7, lr}
  29              	.LCFI0:
  30              		.cfi_def_cfa_offset 8
  31              		.cfi_offset 7, -8
  32              		.cfi_offset 14, -4
  33 0002 00AF     		add	r7, sp, #0
  34              	.LCFI1:
  35              		.cfi_def_cfa_register 7
 209:.\Generated_Source\PSoC4/ModbusUART_UART.c ****         /* Configure UART interface */
 210:.\Generated_Source\PSoC4/ModbusUART_UART.c ****         ModbusUART_CTRL_REG = ModbusUART_UART_DEFAULT_CTRL;
  36              		.loc 1 210 0
  37 0004 174B     		ldr	r3, .L2
  38 0006 184A     		ldr	r2, .L2+4
  39 0008 1A60     		str	r2, [r3]
 211:.\Generated_Source\PSoC4/ModbusUART_UART.c **** 
 212:.\Generated_Source\PSoC4/ModbusUART_UART.c ****         /* Confiuure submode: UART, SmartCard or IrDA */
 213:.\Generated_Source\PSoC4/ModbusUART_UART.c ****         ModbusUART_UART_CTRL_REG = ModbusUART_UART_DEFAULT_UART_CTRL;
  40              		.loc 1 213 0
  41 000a 184B     		ldr	r3, .L2+8
  42 000c 0022     		mov	r2, #0
  43 000e 1A60     		str	r2, [r3]
 214:.\Generated_Source\PSoC4/ModbusUART_UART.c **** 
 215:.\Generated_Source\PSoC4/ModbusUART_UART.c ****         /* Configure RX direction */
 216:.\Generated_Source\PSoC4/ModbusUART_UART.c ****         ModbusUART_UART_RX_CTRL_REG = ModbusUART_UART_DEFAULT_UART_RX_CTRL;
  44              		.loc 1 216 0
  45 0010 174B     		ldr	r3, .L2+12
  46 0012 0122     		mov	r2, #1
  47 0014 1A60     		str	r2, [r3]
 217:.\Generated_Source\PSoC4/ModbusUART_UART.c ****         ModbusUART_RX_CTRL_REG      = ModbusUART_UART_DEFAULT_RX_CTRL;
  48              		.loc 1 217 0
  49 0016 174B     		ldr	r3, .L2+16
  50 0018 174A     		ldr	r2, .L2+20
  51 001a 1A60     		str	r2, [r3]
 218:.\Generated_Source\PSoC4/ModbusUART_UART.c ****         ModbusUART_RX_FIFO_CTRL_REG = ModbusUART_UART_DEFAULT_RX_FIFO_CTRL;
  52              		.loc 1 218 0
  53 001c 174B     		ldr	r3, .L2+24
  54 001e 0722     		mov	r2, #7
  55 0020 1A60     		str	r2, [r3]
 219:.\Generated_Source\PSoC4/ModbusUART_UART.c ****         ModbusUART_RX_MATCH_REG     = ModbusUART_UART_DEFAULT_RX_MATCH_REG;
  56              		.loc 1 219 0
  57 0022 174B     		ldr	r3, .L2+28
  58 0024 0022     		mov	r2, #0
  59 0026 1A60     		str	r2, [r3]
 220:.\Generated_Source\PSoC4/ModbusUART_UART.c **** 
 221:.\Generated_Source\PSoC4/ModbusUART_UART.c ****         /* Configure TX direction */
 222:.\Generated_Source\PSoC4/ModbusUART_UART.c ****         ModbusUART_UART_TX_CTRL_REG = ModbusUART_UART_DEFAULT_UART_TX_CTRL;
  60              		.loc 1 222 0
  61 0028 164B     		ldr	r3, .L2+32
  62 002a 0122     		mov	r2, #1
  63 002c 1A60     		str	r2, [r3]
ARM GAS  C:\Users\Sam\AppData\Local\Temp\ccPc0UXT.s 			page 6


 223:.\Generated_Source\PSoC4/ModbusUART_UART.c ****         ModbusUART_TX_CTRL_REG      = ModbusUART_UART_DEFAULT_TX_CTRL;
  64              		.loc 1 223 0
  65 002e 164B     		ldr	r3, .L2+36
  66 0030 164A     		ldr	r2, .L2+40
  67 0032 1A60     		str	r2, [r3]
 224:.\Generated_Source\PSoC4/ModbusUART_UART.c ****         ModbusUART_TX_FIFO_CTRL_REG = ModbusUART_UART_DEFAULT_TX_FIFO_CTRL;
  68              		.loc 1 224 0
  69 0034 164B     		ldr	r3, .L2+44
  70 0036 0022     		mov	r2, #0
  71 0038 1A60     		str	r2, [r3]
 225:.\Generated_Source\PSoC4/ModbusUART_UART.c **** 
 226:.\Generated_Source\PSoC4/ModbusUART_UART.c ****         /* Configure interrupt with UART handler */
 227:.\Generated_Source\PSoC4/ModbusUART_UART.c ****         #if(ModbusUART_SCB_IRQ_INTERNAL)
 228:.\Generated_Source\PSoC4/ModbusUART_UART.c ****             ModbusUART_SCB_IRQ_Disable();
 229:.\Generated_Source\PSoC4/ModbusUART_UART.c ****             ModbusUART_SCB_IRQ_SetVector(&ModbusUART_SPI_UART_ISR);
 230:.\Generated_Source\PSoC4/ModbusUART_UART.c ****             ModbusUART_SCB_IRQ_SetPriority((uint8)ModbusUART_SCB_IRQ_INTC_PRIOR_NUMBER);
 231:.\Generated_Source\PSoC4/ModbusUART_UART.c ****         #endif /* (ModbusUART_SCB_IRQ_INTERNAL) */
 232:.\Generated_Source\PSoC4/ModbusUART_UART.c **** 
 233:.\Generated_Source\PSoC4/ModbusUART_UART.c ****         /* Configure WAKE interrupt */
 234:.\Generated_Source\PSoC4/ModbusUART_UART.c ****         #if(ModbusUART_UART_RX_WAKEUP_IRQ)
 235:.\Generated_Source\PSoC4/ModbusUART_UART.c ****             ModbusUART_RX_WAKEUP_IRQ_StartEx(&ModbusUART_UART_WAKEUP_ISR);
 236:.\Generated_Source\PSoC4/ModbusUART_UART.c ****             ModbusUART_RX_WAKEUP_IRQ_Disable();
 237:.\Generated_Source\PSoC4/ModbusUART_UART.c ****         #endif /* (ModbusUART_UART_RX_WAKEUP_IRQ) */
 238:.\Generated_Source\PSoC4/ModbusUART_UART.c ****         
 239:.\Generated_Source\PSoC4/ModbusUART_UART.c ****         /* Configure interrupt sources */
 240:.\Generated_Source\PSoC4/ModbusUART_UART.c ****         ModbusUART_INTR_I2C_EC_MASK_REG = ModbusUART_UART_DEFAULT_INTR_I2C_EC_MASK;
  72              		.loc 1 240 0
  73 003a 164B     		ldr	r3, .L2+48
  74 003c 0022     		mov	r2, #0
  75 003e 1A60     		str	r2, [r3]
 241:.\Generated_Source\PSoC4/ModbusUART_UART.c ****         ModbusUART_INTR_SPI_EC_MASK_REG = ModbusUART_UART_DEFAULT_INTR_SPI_EC_MASK;
  76              		.loc 1 241 0
  77 0040 154B     		ldr	r3, .L2+52
  78 0042 0022     		mov	r2, #0
  79 0044 1A60     		str	r2, [r3]
 242:.\Generated_Source\PSoC4/ModbusUART_UART.c ****         ModbusUART_INTR_SLAVE_MASK_REG  = ModbusUART_UART_DEFAULT_INTR_SLAVE_MASK;
  80              		.loc 1 242 0
  81 0046 154B     		ldr	r3, .L2+56
  82 0048 0022     		mov	r2, #0
  83 004a 1A60     		str	r2, [r3]
 243:.\Generated_Source\PSoC4/ModbusUART_UART.c ****         ModbusUART_INTR_MASTER_MASK_REG = ModbusUART_UART_DEFAULT_INTR_MASTER_MASK;
  84              		.loc 1 243 0
  85 004c 144B     		ldr	r3, .L2+60
  86 004e 0022     		mov	r2, #0
  87 0050 1A60     		str	r2, [r3]
 244:.\Generated_Source\PSoC4/ModbusUART_UART.c ****         ModbusUART_INTR_RX_MASK_REG     = ModbusUART_UART_DEFAULT_INTR_RX_MASK;
  88              		.loc 1 244 0
  89 0052 144B     		ldr	r3, .L2+64
  90 0054 0422     		mov	r2, #4
  91 0056 1A60     		str	r2, [r3]
 245:.\Generated_Source\PSoC4/ModbusUART_UART.c ****         ModbusUART_INTR_TX_MASK_REG     = ModbusUART_UART_DEFAULT_INTR_TX_MASK;
  92              		.loc 1 245 0
  93 0058 134B     		ldr	r3, .L2+68
  94 005a 0022     		mov	r2, #0
  95 005c 1A60     		str	r2, [r3]
 246:.\Generated_Source\PSoC4/ModbusUART_UART.c **** 
 247:.\Generated_Source\PSoC4/ModbusUART_UART.c ****         #if(ModbusUART_INTERNAL_RX_SW_BUFFER_CONST)
ARM GAS  C:\Users\Sam\AppData\Local\Temp\ccPc0UXT.s 			page 7


 248:.\Generated_Source\PSoC4/ModbusUART_UART.c ****             ModbusUART_rxBufferHead     = 0u;
 249:.\Generated_Source\PSoC4/ModbusUART_UART.c ****             ModbusUART_rxBufferTail     = 0u;
 250:.\Generated_Source\PSoC4/ModbusUART_UART.c ****             ModbusUART_rxBufferOverflow = 0u;
 251:.\Generated_Source\PSoC4/ModbusUART_UART.c ****         #endif /* (ModbusUART_INTERNAL_RX_SW_BUFFER_CONST) */
 252:.\Generated_Source\PSoC4/ModbusUART_UART.c **** 
 253:.\Generated_Source\PSoC4/ModbusUART_UART.c ****         #if(ModbusUART_INTERNAL_TX_SW_BUFFER_CONST)
 254:.\Generated_Source\PSoC4/ModbusUART_UART.c ****             ModbusUART_txBufferHead = 0u;
 255:.\Generated_Source\PSoC4/ModbusUART_UART.c ****             ModbusUART_txBufferTail = 0u;
 256:.\Generated_Source\PSoC4/ModbusUART_UART.c ****         #endif /* (ModbusUART_INTERNAL_TX_SW_BUFFER_CONST) */
 257:.\Generated_Source\PSoC4/ModbusUART_UART.c ****     }
  96              		.loc 1 257 0
  97 005e BD46     		mov	sp, r7
  98              		@ sp needed for prologue
  99 0060 80BD     		pop	{r7, pc}
 100              	.L3:
 101 0062 C046     		.align	2
 102              	.L2:
 103 0064 00000740 		.word	1074200576
 104 0068 0F000002 		.word	33554447
 105 006c 40000740 		.word	1074200640
 106 0070 48000740 		.word	1074200648
 107 0074 00030740 		.word	1074201344
 108 0078 07020080 		.word	-2147483129
 109 007c 04030740 		.word	1074201348
 110 0080 10030740 		.word	1074201360
 111 0084 44000740 		.word	1074200644
 112 0088 00020740 		.word	1074201088
 113 008c 07000080 		.word	-2147483641
 114 0090 04020740 		.word	1074201092
 115 0094 880E0740 		.word	1074204296
 116 0098 C80E0740 		.word	1074204360
 117 009c 480F0740 		.word	1074204488
 118 00a0 080F0740 		.word	1074204424
 119 00a4 C80F0740 		.word	1074204616
 120 00a8 880F0740 		.word	1074204552
 121              		.cfi_endproc
 122              	.LFE0:
 123              		.size	ModbusUART_UartInit, .-ModbusUART_UartInit
 124              		.section	.text.ModbusUART_UartSetRxAddress,"ax",%progbits
 125              		.align	2
 126              		.global	ModbusUART_UartSetRxAddress
 127              		.code	16
 128              		.thumb_func
 129              		.type	ModbusUART_UartSetRxAddress, %function
 130              	ModbusUART_UartSetRxAddress:
 131              	.LFB1:
 258:.\Generated_Source\PSoC4/ModbusUART_UART.c **** 
 259:.\Generated_Source\PSoC4/ModbusUART_UART.c **** #endif /* (ModbusUART_SCB_MODE_UNCONFIG_CONST_CFG) */
 260:.\Generated_Source\PSoC4/ModbusUART_UART.c **** 
 261:.\Generated_Source\PSoC4/ModbusUART_UART.c **** 
 262:.\Generated_Source\PSoC4/ModbusUART_UART.c **** /*******************************************************************************
 263:.\Generated_Source\PSoC4/ModbusUART_UART.c **** * Function Name: ModbusUART_UartSetRxAddress
 264:.\Generated_Source\PSoC4/ModbusUART_UART.c **** ********************************************************************************
 265:.\Generated_Source\PSoC4/ModbusUART_UART.c **** *
 266:.\Generated_Source\PSoC4/ModbusUART_UART.c **** * Summary:
 267:.\Generated_Source\PSoC4/ModbusUART_UART.c **** *  Sets the hardware detectable receiver address for the UART in Multiprocessor
 268:.\Generated_Source\PSoC4/ModbusUART_UART.c **** *  mode.
ARM GAS  C:\Users\Sam\AppData\Local\Temp\ccPc0UXT.s 			page 8


 269:.\Generated_Source\PSoC4/ModbusUART_UART.c **** *
 270:.\Generated_Source\PSoC4/ModbusUART_UART.c **** * Parameters:
 271:.\Generated_Source\PSoC4/ModbusUART_UART.c **** *  address: Address for hardware address detection.
 272:.\Generated_Source\PSoC4/ModbusUART_UART.c **** *
 273:.\Generated_Source\PSoC4/ModbusUART_UART.c **** * Return:
 274:.\Generated_Source\PSoC4/ModbusUART_UART.c **** *  None
 275:.\Generated_Source\PSoC4/ModbusUART_UART.c **** *
 276:.\Generated_Source\PSoC4/ModbusUART_UART.c **** *******************************************************************************/
 277:.\Generated_Source\PSoC4/ModbusUART_UART.c **** void ModbusUART_UartSetRxAddress(uint32 address)
 278:.\Generated_Source\PSoC4/ModbusUART_UART.c **** {
 132              		.loc 1 278 0
 133              		.cfi_startproc
 134 0000 80B5     		push	{r7, lr}
 135              	.LCFI2:
 136              		.cfi_def_cfa_offset 8
 137              		.cfi_offset 7, -8
 138              		.cfi_offset 14, -4
 139 0002 84B0     		sub	sp, sp, #16
 140              	.LCFI3:
 141              		.cfi_def_cfa_offset 24
 142 0004 00AF     		add	r7, sp, #0
 143              	.LCFI4:
 144              		.cfi_def_cfa_register 7
 145 0006 7860     		str	r0, [r7, #4]
 279:.\Generated_Source\PSoC4/ModbusUART_UART.c ****      uint32 matchReg;
 280:.\Generated_Source\PSoC4/ModbusUART_UART.c **** 
 281:.\Generated_Source\PSoC4/ModbusUART_UART.c ****     matchReg = ModbusUART_RX_MATCH_REG;
 146              		.loc 1 281 0
 147 0008 094B     		ldr	r3, .L5
 148 000a 1B68     		ldr	r3, [r3]
 149 000c FB60     		str	r3, [r7, #12]
 282:.\Generated_Source\PSoC4/ModbusUART_UART.c **** 
 283:.\Generated_Source\PSoC4/ModbusUART_UART.c ****     matchReg &= ((uint32) ~ModbusUART_RX_MATCH_ADDR_MASK); /* Clear address bits */
 150              		.loc 1 283 0
 151 000e FB68     		ldr	r3, [r7, #12]
 152 0010 FF22     		mov	r2, #255
 153 0012 9343     		bic	r3, r2
 154 0014 FB60     		str	r3, [r7, #12]
 284:.\Generated_Source\PSoC4/ModbusUART_UART.c ****     matchReg |= ((uint32)  (address & ModbusUART_RX_MATCH_ADDR_MASK)); /* Set address  */
 155              		.loc 1 284 0
 156 0016 7A68     		ldr	r2, [r7, #4]
 157 0018 FF23     		mov	r3, #255
 158 001a 1340     		and	r3, r2
 159 001c FA68     		ldr	r2, [r7, #12]
 160 001e 1343     		orr	r3, r2
 161 0020 FB60     		str	r3, [r7, #12]
 285:.\Generated_Source\PSoC4/ModbusUART_UART.c **** 
 286:.\Generated_Source\PSoC4/ModbusUART_UART.c ****     ModbusUART_RX_MATCH_REG = matchReg;
 162              		.loc 1 286 0
 163 0022 034B     		ldr	r3, .L5
 164 0024 FA68     		ldr	r2, [r7, #12]
 165 0026 1A60     		str	r2, [r3]
 287:.\Generated_Source\PSoC4/ModbusUART_UART.c **** }
 166              		.loc 1 287 0
 167 0028 BD46     		mov	sp, r7
 168 002a 04B0     		add	sp, sp, #16
 169              		@ sp needed for prologue
ARM GAS  C:\Users\Sam\AppData\Local\Temp\ccPc0UXT.s 			page 9


 170 002c 80BD     		pop	{r7, pc}
 171              	.L6:
 172 002e C046     		.align	2
 173              	.L5:
 174 0030 10030740 		.word	1074201360
 175              		.cfi_endproc
 176              	.LFE1:
 177              		.size	ModbusUART_UartSetRxAddress, .-ModbusUART_UartSetRxAddress
 178              		.section	.text.ModbusUART_UartSetRxAddressMask,"ax",%progbits
 179              		.align	2
 180              		.global	ModbusUART_UartSetRxAddressMask
 181              		.code	16
 182              		.thumb_func
 183              		.type	ModbusUART_UartSetRxAddressMask, %function
 184              	ModbusUART_UartSetRxAddressMask:
 185              	.LFB2:
 288:.\Generated_Source\PSoC4/ModbusUART_UART.c **** 
 289:.\Generated_Source\PSoC4/ModbusUART_UART.c **** 
 290:.\Generated_Source\PSoC4/ModbusUART_UART.c **** /*******************************************************************************
 291:.\Generated_Source\PSoC4/ModbusUART_UART.c **** * Function Name: ModbusUART_UartSetRxAddressMask
 292:.\Generated_Source\PSoC4/ModbusUART_UART.c **** ********************************************************************************
 293:.\Generated_Source\PSoC4/ModbusUART_UART.c **** *
 294:.\Generated_Source\PSoC4/ModbusUART_UART.c **** * Summary:
 295:.\Generated_Source\PSoC4/ModbusUART_UART.c **** *  Sets the hardware address mask for the UART in Multiprocessor mode.
 296:.\Generated_Source\PSoC4/ModbusUART_UART.c **** *
 297:.\Generated_Source\PSoC4/ModbusUART_UART.c **** * Parameters:
 298:.\Generated_Source\PSoC4/ModbusUART_UART.c **** *  addressMask: Address mask.
 299:.\Generated_Source\PSoC4/ModbusUART_UART.c **** *   0 - address bit does not care while comparison.
 300:.\Generated_Source\PSoC4/ModbusUART_UART.c **** *   1 - address bit is significant while comparison.
 301:.\Generated_Source\PSoC4/ModbusUART_UART.c **** *
 302:.\Generated_Source\PSoC4/ModbusUART_UART.c **** * Return:
 303:.\Generated_Source\PSoC4/ModbusUART_UART.c **** *  None
 304:.\Generated_Source\PSoC4/ModbusUART_UART.c **** *
 305:.\Generated_Source\PSoC4/ModbusUART_UART.c **** *******************************************************************************/
 306:.\Generated_Source\PSoC4/ModbusUART_UART.c **** void ModbusUART_UartSetRxAddressMask(uint32 addressMask)
 307:.\Generated_Source\PSoC4/ModbusUART_UART.c **** {
 186              		.loc 1 307 0
 187              		.cfi_startproc
 188 0000 80B5     		push	{r7, lr}
 189              	.LCFI5:
 190              		.cfi_def_cfa_offset 8
 191              		.cfi_offset 7, -8
 192              		.cfi_offset 14, -4
 193 0002 84B0     		sub	sp, sp, #16
 194              	.LCFI6:
 195              		.cfi_def_cfa_offset 24
 196 0004 00AF     		add	r7, sp, #0
 197              	.LCFI7:
 198              		.cfi_def_cfa_register 7
 199 0006 7860     		str	r0, [r7, #4]
 308:.\Generated_Source\PSoC4/ModbusUART_UART.c ****     uint32 matchReg;
 309:.\Generated_Source\PSoC4/ModbusUART_UART.c **** 
 310:.\Generated_Source\PSoC4/ModbusUART_UART.c ****     matchReg = ModbusUART_RX_MATCH_REG;
 200              		.loc 1 310 0
 201 0008 084B     		ldr	r3, .L8
 202 000a 1B68     		ldr	r3, [r3]
 203 000c FB60     		str	r3, [r7, #12]
ARM GAS  C:\Users\Sam\AppData\Local\Temp\ccPc0UXT.s 			page 10


 311:.\Generated_Source\PSoC4/ModbusUART_UART.c **** 
 312:.\Generated_Source\PSoC4/ModbusUART_UART.c ****     matchReg &= ((uint32) ~ModbusUART_RX_MATCH_MASK_MASK); /* Clear address mask bits */
 204              		.loc 1 312 0
 205 000e FA68     		ldr	r2, [r7, #12]
 206 0010 074B     		ldr	r3, .L8+4
 207 0012 1340     		and	r3, r2
 208 0014 FB60     		str	r3, [r7, #12]
 313:.\Generated_Source\PSoC4/ModbusUART_UART.c ****     matchReg |= ((uint32) (addressMask << ModbusUART_RX_MATCH_MASK_POS));
 209              		.loc 1 313 0
 210 0016 7B68     		ldr	r3, [r7, #4]
 211 0018 1B04     		lsl	r3, r3, #16
 212 001a FA68     		ldr	r2, [r7, #12]
 213 001c 1343     		orr	r3, r2
 214 001e FB60     		str	r3, [r7, #12]
 314:.\Generated_Source\PSoC4/ModbusUART_UART.c **** 
 315:.\Generated_Source\PSoC4/ModbusUART_UART.c ****     ModbusUART_RX_MATCH_REG = matchReg;
 215              		.loc 1 315 0
 216 0020 024B     		ldr	r3, .L8
 217 0022 FA68     		ldr	r2, [r7, #12]
 218 0024 1A60     		str	r2, [r3]
 316:.\Generated_Source\PSoC4/ModbusUART_UART.c **** }
 219              		.loc 1 316 0
 220 0026 BD46     		mov	sp, r7
 221 0028 04B0     		add	sp, sp, #16
 222              		@ sp needed for prologue
 223 002a 80BD     		pop	{r7, pc}
 224              	.L9:
 225              		.align	2
 226              	.L8:
 227 002c 10030740 		.word	1074201360
 228 0030 FFFF00FF 		.word	-16711681
 229              		.cfi_endproc
 230              	.LFE2:
 231              		.size	ModbusUART_UartSetRxAddressMask, .-ModbusUART_UartSetRxAddressMask
 232              		.section	.text.ModbusUART_UartGetChar,"ax",%progbits
 233              		.align	2
 234              		.global	ModbusUART_UartGetChar
 235              		.code	16
 236              		.thumb_func
 237              		.type	ModbusUART_UartGetChar, %function
 238              	ModbusUART_UartGetChar:
 239              	.LFB3:
 317:.\Generated_Source\PSoC4/ModbusUART_UART.c **** 
 318:.\Generated_Source\PSoC4/ModbusUART_UART.c **** 
 319:.\Generated_Source\PSoC4/ModbusUART_UART.c **** #if(ModbusUART_UART_RX_DIRECTION)
 320:.\Generated_Source\PSoC4/ModbusUART_UART.c ****     /*******************************************************************************
 321:.\Generated_Source\PSoC4/ModbusUART_UART.c ****     * Function Name: ModbusUART_UartGetChar
 322:.\Generated_Source\PSoC4/ModbusUART_UART.c ****     ********************************************************************************
 323:.\Generated_Source\PSoC4/ModbusUART_UART.c ****     *
 324:.\Generated_Source\PSoC4/ModbusUART_UART.c ****     * Summary:
 325:.\Generated_Source\PSoC4/ModbusUART_UART.c ****     *  Retrieves next data element from receive buffer.
 326:.\Generated_Source\PSoC4/ModbusUART_UART.c ****     *  This function is designed for ASCII characters and returns a char
 327:.\Generated_Source\PSoC4/ModbusUART_UART.c ****     *  where 1 to 255 is valid characters and 0 indicates an error occurred or
 328:.\Generated_Source\PSoC4/ModbusUART_UART.c ****     *  no data is present.
 329:.\Generated_Source\PSoC4/ModbusUART_UART.c ****     *  RX software buffer disabled: returns data element retrieved from RX FIFO.
 330:.\Generated_Source\PSoC4/ModbusUART_UART.c ****     *  Undefined data will be returned if the RX FIFO is empty.
 331:.\Generated_Source\PSoC4/ModbusUART_UART.c ****     *  RX software buffer enabled: Returns data element from the software receive
ARM GAS  C:\Users\Sam\AppData\Local\Temp\ccPc0UXT.s 			page 11


 332:.\Generated_Source\PSoC4/ModbusUART_UART.c ****     *  buffer.
 333:.\Generated_Source\PSoC4/ModbusUART_UART.c ****     *
 334:.\Generated_Source\PSoC4/ModbusUART_UART.c ****     * Parameters:
 335:.\Generated_Source\PSoC4/ModbusUART_UART.c ****     *  None
 336:.\Generated_Source\PSoC4/ModbusUART_UART.c ****     *
 337:.\Generated_Source\PSoC4/ModbusUART_UART.c ****     * Return:
 338:.\Generated_Source\PSoC4/ModbusUART_UART.c ****     *  Next data element from the receive buffer.
 339:.\Generated_Source\PSoC4/ModbusUART_UART.c ****     *  ASCII character values from 1 to 255 are valid.
 340:.\Generated_Source\PSoC4/ModbusUART_UART.c ****     *  A returned zero signifies an error condition or no data available.
 341:.\Generated_Source\PSoC4/ModbusUART_UART.c ****     *
 342:.\Generated_Source\PSoC4/ModbusUART_UART.c ****     *******************************************************************************/
 343:.\Generated_Source\PSoC4/ModbusUART_UART.c ****     uint32 ModbusUART_UartGetChar(void)
 344:.\Generated_Source\PSoC4/ModbusUART_UART.c ****     {
 240              		.loc 1 344 0
 241              		.cfi_startproc
 242 0000 80B5     		push	{r7, lr}
 243              	.LCFI8:
 244              		.cfi_def_cfa_offset 8
 245              		.cfi_offset 7, -8
 246              		.cfi_offset 14, -4
 247 0002 82B0     		sub	sp, sp, #8
 248              	.LCFI9:
 249              		.cfi_def_cfa_offset 16
 250 0004 00AF     		add	r7, sp, #0
 251              	.LCFI10:
 252              		.cfi_def_cfa_register 7
 345:.\Generated_Source\PSoC4/ModbusUART_UART.c ****         uint32 rxData = 0u;
 253              		.loc 1 345 0
 254 0006 0023     		mov	r3, #0
 255 0008 7B60     		str	r3, [r7, #4]
 346:.\Generated_Source\PSoC4/ModbusUART_UART.c **** 
 347:.\Generated_Source\PSoC4/ModbusUART_UART.c ****         /* Read data only if there is data to read */
 348:.\Generated_Source\PSoC4/ModbusUART_UART.c ****         if(0u != ModbusUART_SpiUartGetRxBufferSize())
 256              		.loc 1 348 0
 257 000a FFF7FEFF 		bl	ModbusUART_SpiUartGetRxBufferSize
 258 000e 031C     		mov	r3, r0
 259 0010 002B     		cmp	r3, #0
 260 0012 03D0     		beq	.L11
 349:.\Generated_Source\PSoC4/ModbusUART_UART.c ****         {
 350:.\Generated_Source\PSoC4/ModbusUART_UART.c ****             rxData = ModbusUART_SpiUartReadRxData();
 261              		.loc 1 350 0
 262 0014 FFF7FEFF 		bl	ModbusUART_SpiUartReadRxData
 263 0018 031C     		mov	r3, r0
 264 001a 7B60     		str	r3, [r7, #4]
 265              	.L11:
 351:.\Generated_Source\PSoC4/ModbusUART_UART.c ****         }
 352:.\Generated_Source\PSoC4/ModbusUART_UART.c **** 
 353:.\Generated_Source\PSoC4/ModbusUART_UART.c ****         if(ModbusUART_CHECK_INTR_RX(ModbusUART_INTR_RX_ERR))
 266              		.loc 1 353 0
 267 001c 084B     		ldr	r3, .L14
 268 001e 1A68     		ldr	r2, [r3]
 269 0020 D823     		mov	r3, #216
 270 0022 9B00     		lsl	r3, r3, #2
 271 0024 1340     		and	r3, r2
 272 0026 05D0     		beq	.L12
 354:.\Generated_Source\PSoC4/ModbusUART_UART.c ****         {
 355:.\Generated_Source\PSoC4/ModbusUART_UART.c ****             rxData = 0u; /* Error occured: return zero */
ARM GAS  C:\Users\Sam\AppData\Local\Temp\ccPc0UXT.s 			page 12


 273              		.loc 1 355 0
 274 0028 0023     		mov	r3, #0
 275 002a 7B60     		str	r3, [r7, #4]
 356:.\Generated_Source\PSoC4/ModbusUART_UART.c ****             ModbusUART_ClearRxInterruptSource(ModbusUART_INTR_RX_ERR);
 276              		.loc 1 356 0
 277 002c 044B     		ldr	r3, .L14
 278 002e D822     		mov	r2, #216
 279 0030 9200     		lsl	r2, r2, #2
 280 0032 1A60     		str	r2, [r3]
 281              	.L12:
 357:.\Generated_Source\PSoC4/ModbusUART_UART.c ****         }
 358:.\Generated_Source\PSoC4/ModbusUART_UART.c **** 
 359:.\Generated_Source\PSoC4/ModbusUART_UART.c ****         return(rxData);
 282              		.loc 1 359 0
 283 0034 7B68     		ldr	r3, [r7, #4]
 360:.\Generated_Source\PSoC4/ModbusUART_UART.c ****     }
 284              		.loc 1 360 0
 285 0036 181C     		mov	r0, r3
 286 0038 BD46     		mov	sp, r7
 287 003a 02B0     		add	sp, sp, #8
 288              		@ sp needed for prologue
 289 003c 80BD     		pop	{r7, pc}
 290              	.L15:
 291 003e C046     		.align	2
 292              	.L14:
 293 0040 C00F0740 		.word	1074204608
 294              		.cfi_endproc
 295              	.LFE3:
 296              		.size	ModbusUART_UartGetChar, .-ModbusUART_UartGetChar
 297              		.section	.text.ModbusUART_UartGetByte,"ax",%progbits
 298              		.align	2
 299              		.global	ModbusUART_UartGetByte
 300              		.code	16
 301              		.thumb_func
 302              		.type	ModbusUART_UartGetByte, %function
 303              	ModbusUART_UartGetByte:
 304              	.LFB4:
 361:.\Generated_Source\PSoC4/ModbusUART_UART.c **** 
 362:.\Generated_Source\PSoC4/ModbusUART_UART.c **** 
 363:.\Generated_Source\PSoC4/ModbusUART_UART.c ****     /*******************************************************************************
 364:.\Generated_Source\PSoC4/ModbusUART_UART.c ****     * Function Name: ModbusUART_UartGetByte
 365:.\Generated_Source\PSoC4/ModbusUART_UART.c ****     ********************************************************************************
 366:.\Generated_Source\PSoC4/ModbusUART_UART.c ****     *
 367:.\Generated_Source\PSoC4/ModbusUART_UART.c ****     * Summary:
 368:.\Generated_Source\PSoC4/ModbusUART_UART.c ****     *  Retrieves next data element from the receive buffer, returns received byte
 369:.\Generated_Source\PSoC4/ModbusUART_UART.c ****     *  and error condition.
 370:.\Generated_Source\PSoC4/ModbusUART_UART.c ****     *  RX software buffer disabled: Returns data element retrieved from RX FIFO.
 371:.\Generated_Source\PSoC4/ModbusUART_UART.c ****     *  Undefined data will be returned if the RX FIFO is empty.
 372:.\Generated_Source\PSoC4/ModbusUART_UART.c ****     *  RX software buffer enabled: Returns data element from the software receive
 373:.\Generated_Source\PSoC4/ModbusUART_UART.c ****     *  buffer.
 374:.\Generated_Source\PSoC4/ModbusUART_UART.c ****     *
 375:.\Generated_Source\PSoC4/ModbusUART_UART.c ****     * Parameters:
 376:.\Generated_Source\PSoC4/ModbusUART_UART.c ****     *  None
 377:.\Generated_Source\PSoC4/ModbusUART_UART.c ****     *
 378:.\Generated_Source\PSoC4/ModbusUART_UART.c ****     * Return:
 379:.\Generated_Source\PSoC4/ModbusUART_UART.c ****     *  Bits 15-8 contains status and bits 7-0 contains the next data element from
 380:.\Generated_Source\PSoC4/ModbusUART_UART.c ****     *  receive buffer. If the bits 15-8 are nonzero, an error has occurred.
ARM GAS  C:\Users\Sam\AppData\Local\Temp\ccPc0UXT.s 			page 13


 381:.\Generated_Source\PSoC4/ModbusUART_UART.c ****     *
 382:.\Generated_Source\PSoC4/ModbusUART_UART.c ****     *******************************************************************************/
 383:.\Generated_Source\PSoC4/ModbusUART_UART.c ****     uint32 ModbusUART_UartGetByte(void)
 384:.\Generated_Source\PSoC4/ModbusUART_UART.c ****     {
 305              		.loc 1 384 0
 306              		.cfi_startproc
 307 0000 80B5     		push	{r7, lr}
 308              	.LCFI11:
 309              		.cfi_def_cfa_offset 8
 310              		.cfi_offset 7, -8
 311              		.cfi_offset 14, -4
 312 0002 84B0     		sub	sp, sp, #16
 313              	.LCFI12:
 314              		.cfi_def_cfa_offset 24
 315 0004 00AF     		add	r7, sp, #0
 316              	.LCFI13:
 317              		.cfi_def_cfa_register 7
 385:.\Generated_Source\PSoC4/ModbusUART_UART.c ****         uint32 rxData;
 386:.\Generated_Source\PSoC4/ModbusUART_UART.c ****         uint32 tmpStatus;
 387:.\Generated_Source\PSoC4/ModbusUART_UART.c ****         uint32 intSourceMask;
 388:.\Generated_Source\PSoC4/ModbusUART_UART.c **** 
 389:.\Generated_Source\PSoC4/ModbusUART_UART.c ****         intSourceMask = ModbusUART_SpiUartDisableIntRx();
 318              		.loc 1 389 0
 319 0006 FFF7FEFF 		bl	ModbusUART_SpiUartDisableIntRx
 320 000a 031C     		mov	r3, r0
 321 000c BB60     		str	r3, [r7, #8]
 390:.\Generated_Source\PSoC4/ModbusUART_UART.c **** 
 391:.\Generated_Source\PSoC4/ModbusUART_UART.c ****         if(0u != ModbusUART_SpiUartGetRxBufferSize())
 322              		.loc 1 391 0
 323 000e FFF7FEFF 		bl	ModbusUART_SpiUartGetRxBufferSize
 324 0012 031C     		mov	r3, r0
 325 0014 002B     		cmp	r3, #0
 326 0016 07D0     		beq	.L17
 392:.\Generated_Source\PSoC4/ModbusUART_UART.c ****         {
 393:.\Generated_Source\PSoC4/ModbusUART_UART.c ****              /*
 394:.\Generated_Source\PSoC4/ModbusUART_UART.c ****              * Enable interrupt to receive more bytes: at least one byte is in
 395:.\Generated_Source\PSoC4/ModbusUART_UART.c ****              * buffer.
 396:.\Generated_Source\PSoC4/ModbusUART_UART.c ****              */
 397:.\Generated_Source\PSoC4/ModbusUART_UART.c ****             ModbusUART_SpiUartEnableIntRx(intSourceMask);
 327              		.loc 1 397 0
 328 0018 104B     		ldr	r3, .L20
 329 001a BA68     		ldr	r2, [r7, #8]
 330 001c 1A60     		str	r2, [r3]
 398:.\Generated_Source\PSoC4/ModbusUART_UART.c **** 
 399:.\Generated_Source\PSoC4/ModbusUART_UART.c ****             /* Get received byte */
 400:.\Generated_Source\PSoC4/ModbusUART_UART.c ****             rxData = ModbusUART_SpiUartReadRxData();
 331              		.loc 1 400 0
 332 001e FFF7FEFF 		bl	ModbusUART_SpiUartReadRxData
 333 0022 031C     		mov	r3, r0
 334 0024 FB60     		str	r3, [r7, #12]
 335 0026 05E0     		b	.L18
 336              	.L17:
 401:.\Generated_Source\PSoC4/ModbusUART_UART.c ****         }
 402:.\Generated_Source\PSoC4/ModbusUART_UART.c ****         else
 403:.\Generated_Source\PSoC4/ModbusUART_UART.c ****         {
 404:.\Generated_Source\PSoC4/ModbusUART_UART.c ****             /*
 405:.\Generated_Source\PSoC4/ModbusUART_UART.c ****             * Read byte directly from RX FIFO: the underflow is raised in case
ARM GAS  C:\Users\Sam\AppData\Local\Temp\ccPc0UXT.s 			page 14


 406:.\Generated_Source\PSoC4/ModbusUART_UART.c ****             * of empty. In other case the first received byte will be read.
 407:.\Generated_Source\PSoC4/ModbusUART_UART.c ****             */
 408:.\Generated_Source\PSoC4/ModbusUART_UART.c ****             rxData = ModbusUART_RX_FIFO_RD_REG;
 337              		.loc 1 408 0
 338 0028 0D4B     		ldr	r3, .L20+4
 339 002a 1B68     		ldr	r3, [r3]
 340 002c FB60     		str	r3, [r7, #12]
 409:.\Generated_Source\PSoC4/ModbusUART_UART.c **** 
 410:.\Generated_Source\PSoC4/ModbusUART_UART.c ****             /*
 411:.\Generated_Source\PSoC4/ModbusUART_UART.c ****             * Enable interrupt to receive more bytes.
 412:.\Generated_Source\PSoC4/ModbusUART_UART.c ****             * The RX_NOT_EMPTY interrupt is cleared by interrupt routine in case
 413:.\Generated_Source\PSoC4/ModbusUART_UART.c ****             * byte was received and read above.
 414:.\Generated_Source\PSoC4/ModbusUART_UART.c ****             */
 415:.\Generated_Source\PSoC4/ModbusUART_UART.c ****             ModbusUART_SpiUartEnableIntRx(intSourceMask);
 341              		.loc 1 415 0
 342 002e 0B4B     		ldr	r3, .L20
 343 0030 BA68     		ldr	r2, [r7, #8]
 344 0032 1A60     		str	r2, [r3]
 345              	.L18:
 416:.\Generated_Source\PSoC4/ModbusUART_UART.c ****         }
 417:.\Generated_Source\PSoC4/ModbusUART_UART.c **** 
 418:.\Generated_Source\PSoC4/ModbusUART_UART.c ****         /* Get and clear RX error mask */
 419:.\Generated_Source\PSoC4/ModbusUART_UART.c ****         tmpStatus = (ModbusUART_GetRxInterruptSource() & ModbusUART_INTR_RX_ERR);
 346              		.loc 1 419 0
 347 0034 0B4B     		ldr	r3, .L20+8
 348 0036 1A68     		ldr	r2, [r3]
 349 0038 D823     		mov	r3, #216
 350 003a 9B00     		lsl	r3, r3, #2
 351 003c 1340     		and	r3, r2
 352 003e 7B60     		str	r3, [r7, #4]
 420:.\Generated_Source\PSoC4/ModbusUART_UART.c ****         ModbusUART_ClearRxInterruptSource(ModbusUART_INTR_RX_ERR);
 353              		.loc 1 420 0
 354 0040 084B     		ldr	r3, .L20+8
 355 0042 D822     		mov	r2, #216
 356 0044 9200     		lsl	r2, r2, #2
 357 0046 1A60     		str	r2, [r3]
 421:.\Generated_Source\PSoC4/ModbusUART_UART.c **** 
 422:.\Generated_Source\PSoC4/ModbusUART_UART.c ****         /*
 423:.\Generated_Source\PSoC4/ModbusUART_UART.c ****         * Put together data and error status:
 424:.\Generated_Source\PSoC4/ModbusUART_UART.c ****         * MP mode and accept address: the 9th bit is set to notify mark.
 425:.\Generated_Source\PSoC4/ModbusUART_UART.c ****         */
 426:.\Generated_Source\PSoC4/ModbusUART_UART.c ****         rxData |= ((uint32) (tmpStatus << 8u));
 358              		.loc 1 426 0
 359 0048 7B68     		ldr	r3, [r7, #4]
 360 004a 1B02     		lsl	r3, r3, #8
 361 004c FA68     		ldr	r2, [r7, #12]
 362 004e 1343     		orr	r3, r2
 363 0050 FB60     		str	r3, [r7, #12]
 427:.\Generated_Source\PSoC4/ModbusUART_UART.c **** 
 428:.\Generated_Source\PSoC4/ModbusUART_UART.c ****         return(rxData);
 364              		.loc 1 428 0
 365 0052 FB68     		ldr	r3, [r7, #12]
 429:.\Generated_Source\PSoC4/ModbusUART_UART.c ****     }
 366              		.loc 1 429 0
 367 0054 181C     		mov	r0, r3
 368 0056 BD46     		mov	sp, r7
 369 0058 04B0     		add	sp, sp, #16
ARM GAS  C:\Users\Sam\AppData\Local\Temp\ccPc0UXT.s 			page 15


 370              		@ sp needed for prologue
 371 005a 80BD     		pop	{r7, pc}
 372              	.L21:
 373              		.align	2
 374              	.L20:
 375 005c C80F0740 		.word	1074204616
 376 0060 40030740 		.word	1074201408
 377 0064 C00F0740 		.word	1074204608
 378              		.cfi_endproc
 379              	.LFE4:
 380              		.size	ModbusUART_UartGetByte, .-ModbusUART_UartGetByte
 381              		.section	.text.ModbusUART_UartPutString,"ax",%progbits
 382              		.align	2
 383              		.global	ModbusUART_UartPutString
 384              		.code	16
 385              		.thumb_func
 386              		.type	ModbusUART_UartPutString, %function
 387              	ModbusUART_UartPutString:
 388              	.LFB5:
 430:.\Generated_Source\PSoC4/ModbusUART_UART.c **** 
 431:.\Generated_Source\PSoC4/ModbusUART_UART.c **** #endif /* (ModbusUART_UART_RX_DIRECTION) */
 432:.\Generated_Source\PSoC4/ModbusUART_UART.c **** 
 433:.\Generated_Source\PSoC4/ModbusUART_UART.c **** 
 434:.\Generated_Source\PSoC4/ModbusUART_UART.c **** #if(ModbusUART_UART_TX_DIRECTION)
 435:.\Generated_Source\PSoC4/ModbusUART_UART.c ****     /*******************************************************************************
 436:.\Generated_Source\PSoC4/ModbusUART_UART.c ****     * Function Name: ModbusUART_UartPutString
 437:.\Generated_Source\PSoC4/ModbusUART_UART.c ****     ********************************************************************************
 438:.\Generated_Source\PSoC4/ModbusUART_UART.c ****     *
 439:.\Generated_Source\PSoC4/ModbusUART_UART.c ****     * Summary:
 440:.\Generated_Source\PSoC4/ModbusUART_UART.c ****     *  Places a NULL terminated string in the transmit buffer to be sent at the
 441:.\Generated_Source\PSoC4/ModbusUART_UART.c ****     *  next available bus time.
 442:.\Generated_Source\PSoC4/ModbusUART_UART.c ****     *  This function is blocking and waits until there is a space available to put
 443:.\Generated_Source\PSoC4/ModbusUART_UART.c ****     *  all requested data in transmit buffer.
 444:.\Generated_Source\PSoC4/ModbusUART_UART.c ****     *
 445:.\Generated_Source\PSoC4/ModbusUART_UART.c ****     * Parameters:
 446:.\Generated_Source\PSoC4/ModbusUART_UART.c ****     *  string: pointer to the null terminated string array to be placed in the
 447:.\Generated_Source\PSoC4/ModbusUART_UART.c ****     *          transmit buffer.
 448:.\Generated_Source\PSoC4/ModbusUART_UART.c ****     *
 449:.\Generated_Source\PSoC4/ModbusUART_UART.c ****     * Return:
 450:.\Generated_Source\PSoC4/ModbusUART_UART.c ****     *  None
 451:.\Generated_Source\PSoC4/ModbusUART_UART.c ****     *
 452:.\Generated_Source\PSoC4/ModbusUART_UART.c ****     *******************************************************************************/
 453:.\Generated_Source\PSoC4/ModbusUART_UART.c ****     void ModbusUART_UartPutString(const char8 string[])
 454:.\Generated_Source\PSoC4/ModbusUART_UART.c ****     {
 389              		.loc 1 454 0
 390              		.cfi_startproc
 391 0000 80B5     		push	{r7, lr}
 392              	.LCFI14:
 393              		.cfi_def_cfa_offset 8
 394              		.cfi_offset 7, -8
 395              		.cfi_offset 14, -4
 396 0002 84B0     		sub	sp, sp, #16
 397              	.LCFI15:
 398              		.cfi_def_cfa_offset 24
 399 0004 00AF     		add	r7, sp, #0
 400              	.LCFI16:
 401              		.cfi_def_cfa_register 7
ARM GAS  C:\Users\Sam\AppData\Local\Temp\ccPc0UXT.s 			page 16


 402 0006 7860     		str	r0, [r7, #4]
 455:.\Generated_Source\PSoC4/ModbusUART_UART.c ****         uint32 bufIndex;
 456:.\Generated_Source\PSoC4/ModbusUART_UART.c **** 
 457:.\Generated_Source\PSoC4/ModbusUART_UART.c ****         bufIndex = 0u;
 403              		.loc 1 457 0
 404 0008 0023     		mov	r3, #0
 405 000a FB60     		str	r3, [r7, #12]
 458:.\Generated_Source\PSoC4/ModbusUART_UART.c **** 
 459:.\Generated_Source\PSoC4/ModbusUART_UART.c ****         /* Blocks the control flow until all data will be sent */
 460:.\Generated_Source\PSoC4/ModbusUART_UART.c ****         while(string[bufIndex] != ((char8) 0))
 406              		.loc 1 460 0
 407 000c 09E0     		b	.L23
 408              	.L24:
 461:.\Generated_Source\PSoC4/ModbusUART_UART.c ****         {
 462:.\Generated_Source\PSoC4/ModbusUART_UART.c ****             ModbusUART_UartPutChar((uint32) string[bufIndex]);
 409              		.loc 1 462 0
 410 000e 7A68     		ldr	r2, [r7, #4]
 411 0010 FB68     		ldr	r3, [r7, #12]
 412 0012 D318     		add	r3, r2, r3
 413 0014 1B78     		ldrb	r3, [r3]
 414 0016 181C     		mov	r0, r3
 415 0018 FFF7FEFF 		bl	ModbusUART_SpiUartWriteTxData
 463:.\Generated_Source\PSoC4/ModbusUART_UART.c ****             bufIndex++;
 416              		.loc 1 463 0
 417 001c FB68     		ldr	r3, [r7, #12]
 418 001e 0133     		add	r3, r3, #1
 419 0020 FB60     		str	r3, [r7, #12]
 420              	.L23:
 460:.\Generated_Source\PSoC4/ModbusUART_UART.c ****         while(string[bufIndex] != ((char8) 0))
 421              		.loc 1 460 0 discriminator 1
 422 0022 7A68     		ldr	r2, [r7, #4]
 423 0024 FB68     		ldr	r3, [r7, #12]
 424 0026 D318     		add	r3, r2, r3
 425 0028 1B78     		ldrb	r3, [r3]
 426 002a 002B     		cmp	r3, #0
 427 002c EFD1     		bne	.L24
 464:.\Generated_Source\PSoC4/ModbusUART_UART.c ****         }
 465:.\Generated_Source\PSoC4/ModbusUART_UART.c ****     }
 428              		.loc 1 465 0
 429 002e BD46     		mov	sp, r7
 430 0030 04B0     		add	sp, sp, #16
 431              		@ sp needed for prologue
 432 0032 80BD     		pop	{r7, pc}
 433              		.cfi_endproc
 434              	.LFE5:
 435              		.size	ModbusUART_UartPutString, .-ModbusUART_UartPutString
 436              		.section	.text.ModbusUART_UartPutCRLF,"ax",%progbits
 437              		.align	2
 438              		.global	ModbusUART_UartPutCRLF
 439              		.code	16
 440              		.thumb_func
 441              		.type	ModbusUART_UartPutCRLF, %function
 442              	ModbusUART_UartPutCRLF:
 443              	.LFB6:
 466:.\Generated_Source\PSoC4/ModbusUART_UART.c **** 
 467:.\Generated_Source\PSoC4/ModbusUART_UART.c **** 
 468:.\Generated_Source\PSoC4/ModbusUART_UART.c ****     /*******************************************************************************
ARM GAS  C:\Users\Sam\AppData\Local\Temp\ccPc0UXT.s 			page 17


 469:.\Generated_Source\PSoC4/ModbusUART_UART.c ****     * Function Name: ModbusUART_UartPutCRLF
 470:.\Generated_Source\PSoC4/ModbusUART_UART.c ****     ********************************************************************************
 471:.\Generated_Source\PSoC4/ModbusUART_UART.c ****     *
 472:.\Generated_Source\PSoC4/ModbusUART_UART.c ****     * Summary:
 473:.\Generated_Source\PSoC4/ModbusUART_UART.c ****     *  Places byte of data followed by a carriage return (0x0D) and line feed (0x0A)
 474:.\Generated_Source\PSoC4/ModbusUART_UART.c ****     *  to the transmit buffer.
 475:.\Generated_Source\PSoC4/ModbusUART_UART.c ****     *  This function is blocking and waits until there is a space available to put
 476:.\Generated_Source\PSoC4/ModbusUART_UART.c ****     *  all requested data in transmit buffer.
 477:.\Generated_Source\PSoC4/ModbusUART_UART.c ****     *
 478:.\Generated_Source\PSoC4/ModbusUART_UART.c ****     * Parameters:
 479:.\Generated_Source\PSoC4/ModbusUART_UART.c ****     *  txDataByte : the data to be transmitted.
 480:.\Generated_Source\PSoC4/ModbusUART_UART.c ****     *
 481:.\Generated_Source\PSoC4/ModbusUART_UART.c ****     * Return:
 482:.\Generated_Source\PSoC4/ModbusUART_UART.c ****     *  None
 483:.\Generated_Source\PSoC4/ModbusUART_UART.c ****     *
 484:.\Generated_Source\PSoC4/ModbusUART_UART.c ****     *******************************************************************************/
 485:.\Generated_Source\PSoC4/ModbusUART_UART.c ****     void ModbusUART_UartPutCRLF(uint32 txDataByte)
 486:.\Generated_Source\PSoC4/ModbusUART_UART.c ****     {
 444              		.loc 1 486 0
 445              		.cfi_startproc
 446 0000 80B5     		push	{r7, lr}
 447              	.LCFI17:
 448              		.cfi_def_cfa_offset 8
 449              		.cfi_offset 7, -8
 450              		.cfi_offset 14, -4
 451 0002 82B0     		sub	sp, sp, #8
 452              	.LCFI18:
 453              		.cfi_def_cfa_offset 16
 454 0004 00AF     		add	r7, sp, #0
 455              	.LCFI19:
 456              		.cfi_def_cfa_register 7
 457 0006 7860     		str	r0, [r7, #4]
 487:.\Generated_Source\PSoC4/ModbusUART_UART.c ****         ModbusUART_UartPutChar(txDataByte);  /* Blocks the control flow until all data will be sent
 458              		.loc 1 487 0
 459 0008 7B68     		ldr	r3, [r7, #4]
 460 000a 181C     		mov	r0, r3
 461 000c FFF7FEFF 		bl	ModbusUART_SpiUartWriteTxData
 488:.\Generated_Source\PSoC4/ModbusUART_UART.c ****         ModbusUART_UartPutChar(0x0Du);       /* Blocks the control flow until all data will be sent
 462              		.loc 1 488 0
 463 0010 0D20     		mov	r0, #13
 464 0012 FFF7FEFF 		bl	ModbusUART_SpiUartWriteTxData
 489:.\Generated_Source\PSoC4/ModbusUART_UART.c ****         ModbusUART_UartPutChar(0x0Au);       /* Blocks the control flow until all data will be sent
 465              		.loc 1 489 0
 466 0016 0A20     		mov	r0, #10
 467 0018 FFF7FEFF 		bl	ModbusUART_SpiUartWriteTxData
 490:.\Generated_Source\PSoC4/ModbusUART_UART.c ****     }
 468              		.loc 1 490 0
 469 001c BD46     		mov	sp, r7
 470 001e 02B0     		add	sp, sp, #8
 471              		@ sp needed for prologue
 472 0020 80BD     		pop	{r7, pc}
 473              		.cfi_endproc
 474              	.LFE6:
 475              		.size	ModbusUART_UartPutCRLF, .-ModbusUART_UartPutCRLF
 476 0022 C046     		.text
 477              	.Letext0:
 478              		.file 2 ".\\Generated_Source\\PSoC4\\cytypes.h"
ARM GAS  C:\Users\Sam\AppData\Local\Temp\ccPc0UXT.s 			page 18


 479              		.section	.debug_info,"",%progbits
 480              	.Ldebug_info0:
 481 0000 20020000 		.4byte	0x220
 482 0004 0200     		.2byte	0x2
 483 0006 00000000 		.4byte	.Ldebug_abbrev0
 484 000a 04       		.byte	0x4
 485 000b 01       		.uleb128 0x1
 486 000c 34020000 		.4byte	.LASF30
 487 0010 01       		.byte	0x1
 488 0011 5E000000 		.4byte	.LASF31
 489 0015 6A010000 		.4byte	.LASF32
 490 0019 00000000 		.4byte	.Ldebug_ranges0+0
 491 001d 00000000 		.4byte	0
 492 0021 00000000 		.4byte	0
 493 0025 00000000 		.4byte	.Ldebug_line0
 494 0029 02       		.uleb128 0x2
 495 002a 01       		.byte	0x1
 496 002b 06       		.byte	0x6
 497 002c 99020000 		.4byte	.LASF0
 498 0030 02       		.uleb128 0x2
 499 0031 01       		.byte	0x1
 500 0032 08       		.byte	0x8
 501 0033 89000000 		.4byte	.LASF1
 502 0037 02       		.uleb128 0x2
 503 0038 02       		.byte	0x2
 504 0039 05       		.byte	0x5
 505 003a F8000000 		.4byte	.LASF2
 506 003e 02       		.uleb128 0x2
 507 003f 02       		.byte	0x2
 508 0040 07       		.byte	0x7
 509 0041 CB000000 		.4byte	.LASF3
 510 0045 02       		.uleb128 0x2
 511 0046 04       		.byte	0x4
 512 0047 05       		.byte	0x5
 513 0048 7D020000 		.4byte	.LASF4
 514 004c 02       		.uleb128 0x2
 515 004d 04       		.byte	0x4
 516 004e 07       		.byte	0x7
 517 004f B9000000 		.4byte	.LASF5
 518 0053 02       		.uleb128 0x2
 519 0054 08       		.byte	0x8
 520 0055 05       		.byte	0x5
 521 0056 00000000 		.4byte	.LASF6
 522 005a 02       		.uleb128 0x2
 523 005b 08       		.byte	0x8
 524 005c 07       		.byte	0x7
 525 005d 36010000 		.4byte	.LASF7
 526 0061 03       		.uleb128 0x3
 527 0062 04       		.byte	0x4
 528 0063 05       		.byte	0x5
 529 0064 696E7400 		.ascii	"int\000"
 530 0068 02       		.uleb128 0x2
 531 0069 04       		.byte	0x4
 532 006a 07       		.byte	0x7
 533 006b 44000000 		.4byte	.LASF8
 534 006f 04       		.uleb128 0x4
 535 0070 19010000 		.4byte	.LASF11
ARM GAS  C:\Users\Sam\AppData\Local\Temp\ccPc0UXT.s 			page 19


 536 0074 02       		.byte	0x2
 537 0075 5D       		.byte	0x5d
 538 0076 4C000000 		.4byte	0x4c
 539 007a 02       		.uleb128 0x2
 540 007b 04       		.byte	0x4
 541 007c 04       		.byte	0x4
 542 007d 58000000 		.4byte	.LASF9
 543 0081 02       		.uleb128 0x2
 544 0082 08       		.byte	0x8
 545 0083 04       		.byte	0x4
 546 0084 F1000000 		.4byte	.LASF10
 547 0088 04       		.uleb128 0x4
 548 0089 97000000 		.4byte	.LASF12
 549 008d 02       		.byte	0x2
 550 008e 6C       		.byte	0x6c
 551 008f 93000000 		.4byte	0x93
 552 0093 02       		.uleb128 0x2
 553 0094 01       		.byte	0x1
 554 0095 08       		.byte	0x8
 555 0096 0F020000 		.4byte	.LASF13
 556 009a 04       		.uleb128 0x4
 557 009b 0E000000 		.4byte	.LASF14
 558 009f 02       		.byte	0x2
 559 00a0 F2       		.byte	0xf2
 560 00a1 A5000000 		.4byte	0xa5
 561 00a5 05       		.uleb128 0x5
 562 00a6 6F000000 		.4byte	0x6f
 563 00aa 02       		.uleb128 0x2
 564 00ab 04       		.byte	0x4
 565 00ac 07       		.byte	0x7
 566 00ad E4010000 		.4byte	.LASF15
 567 00b1 06       		.uleb128 0x6
 568 00b2 01       		.byte	0x1
 569 00b3 56010000 		.4byte	.LASF33
 570 00b7 01       		.byte	0x1
 571 00b8 CF       		.byte	0xcf
 572 00b9 01       		.byte	0x1
 573 00ba 00000000 		.4byte	.LFB0
 574 00be AC000000 		.4byte	.LFE0
 575 00c2 00000000 		.4byte	.LLST0
 576 00c6 01       		.byte	0x1
 577 00c7 07       		.uleb128 0x7
 578 00c8 01       		.byte	0x1
 579 00c9 9D000000 		.4byte	.LASF16
 580 00cd 01       		.byte	0x1
 581 00ce 1501     		.2byte	0x115
 582 00d0 01       		.byte	0x1
 583 00d1 00000000 		.4byte	.LFB1
 584 00d5 34000000 		.4byte	.LFE1
 585 00d9 2C000000 		.4byte	.LLST1
 586 00dd 01       		.byte	0x1
 587 00de 01010000 		.4byte	0x101
 588 00e2 08       		.uleb128 0x8
 589 00e3 2E010000 		.4byte	.LASF18
 590 00e7 01       		.byte	0x1
 591 00e8 1501     		.2byte	0x115
 592 00ea 6F000000 		.4byte	0x6f
ARM GAS  C:\Users\Sam\AppData\Local\Temp\ccPc0UXT.s 			page 20


 593 00ee 02       		.byte	0x2
 594 00ef 91       		.byte	0x91
 595 00f0 6C       		.sleb128 -20
 596 00f1 09       		.uleb128 0x9
 597 00f2 90020000 		.4byte	.LASF20
 598 00f6 01       		.byte	0x1
 599 00f7 1701     		.2byte	0x117
 600 00f9 6F000000 		.4byte	0x6f
 601 00fd 02       		.byte	0x2
 602 00fe 91       		.byte	0x91
 603 00ff 74       		.sleb128 -12
 604 0100 00       		.byte	0
 605 0101 07       		.uleb128 0x7
 606 0102 01       		.byte	0x1
 607 0103 14020000 		.4byte	.LASF17
 608 0107 01       		.byte	0x1
 609 0108 3201     		.2byte	0x132
 610 010a 01       		.byte	0x1
 611 010b 00000000 		.4byte	.LFB2
 612 010f 34000000 		.4byte	.LFE2
 613 0113 64000000 		.4byte	.LLST2
 614 0117 01       		.byte	0x1
 615 0118 3B010000 		.4byte	0x13b
 616 011c 08       		.uleb128 0x8
 617 011d E5000000 		.4byte	.LASF19
 618 0121 01       		.byte	0x1
 619 0122 3201     		.2byte	0x132
 620 0124 6F000000 		.4byte	0x6f
 621 0128 02       		.byte	0x2
 622 0129 91       		.byte	0x91
 623 012a 6C       		.sleb128 -20
 624 012b 09       		.uleb128 0x9
 625 012c 90020000 		.4byte	.LASF20
 626 0130 01       		.byte	0x1
 627 0131 3401     		.2byte	0x134
 628 0133 6F000000 		.4byte	0x6f
 629 0137 02       		.byte	0x2
 630 0138 91       		.byte	0x91
 631 0139 74       		.sleb128 -12
 632 013a 00       		.byte	0
 633 013b 0A       		.uleb128 0xa
 634 013c 01       		.byte	0x1
 635 013d 02010000 		.4byte	.LASF22
 636 0141 01       		.byte	0x1
 637 0142 5701     		.2byte	0x157
 638 0144 01       		.byte	0x1
 639 0145 6F000000 		.4byte	0x6f
 640 0149 00000000 		.4byte	.LFB3
 641 014d 44000000 		.4byte	.LFE3
 642 0151 9C000000 		.4byte	.LLST3
 643 0155 01       		.byte	0x1
 644 0156 6A010000 		.4byte	0x16a
 645 015a 09       		.uleb128 0x9
 646 015b DE000000 		.4byte	.LASF21
 647 015f 01       		.byte	0x1
 648 0160 5901     		.2byte	0x159
 649 0162 6F000000 		.4byte	0x6f
ARM GAS  C:\Users\Sam\AppData\Local\Temp\ccPc0UXT.s 			page 21


 650 0166 02       		.byte	0x2
 651 0167 91       		.byte	0x91
 652 0168 74       		.sleb128 -12
 653 0169 00       		.byte	0
 654 016a 0A       		.uleb128 0xa
 655 016b 01       		.byte	0x1
 656 016c 14000000 		.4byte	.LASF23
 657 0170 01       		.byte	0x1
 658 0171 7F01     		.2byte	0x17f
 659 0173 01       		.byte	0x1
 660 0174 6F000000 		.4byte	0x6f
 661 0178 00000000 		.4byte	.LFB4
 662 017c 68000000 		.4byte	.LFE4
 663 0180 D4000000 		.4byte	.LLST4
 664 0184 01       		.byte	0x1
 665 0185 B7010000 		.4byte	0x1b7
 666 0189 09       		.uleb128 0x9
 667 018a DE000000 		.4byte	.LASF21
 668 018e 01       		.byte	0x1
 669 018f 8101     		.2byte	0x181
 670 0191 6F000000 		.4byte	0x6f
 671 0195 02       		.byte	0x2
 672 0196 91       		.byte	0x91
 673 0197 74       		.sleb128 -12
 674 0198 09       		.uleb128 0x9
 675 0199 86020000 		.4byte	.LASF24
 676 019d 01       		.byte	0x1
 677 019e 8201     		.2byte	0x182
 678 01a0 6F000000 		.4byte	0x6f
 679 01a4 02       		.byte	0x2
 680 01a5 91       		.byte	0x91
 681 01a6 6C       		.sleb128 -20
 682 01a7 09       		.uleb128 0x9
 683 01a8 20010000 		.4byte	.LASF25
 684 01ac 01       		.byte	0x1
 685 01ad 8301     		.2byte	0x183
 686 01af 6F000000 		.4byte	0x6f
 687 01b3 02       		.byte	0x2
 688 01b4 91       		.byte	0x91
 689 01b5 70       		.sleb128 -16
 690 01b6 00       		.byte	0
 691 01b7 0B       		.uleb128 0xb
 692 01b8 01       		.byte	0x1
 693 01b9 2B000000 		.4byte	.LASF26
 694 01bd 01       		.byte	0x1
 695 01be C501     		.2byte	0x1c5
 696 01c0 01       		.byte	0x1
 697 01c1 00000000 		.4byte	.LFB5
 698 01c5 34000000 		.4byte	.LFE5
 699 01c9 0C010000 		.4byte	.LLST5
 700 01cd 01       		.byte	0x1
 701 01ce F1010000 		.4byte	0x1f1
 702 01d2 08       		.uleb128 0x8
 703 01d3 51000000 		.4byte	.LASF27
 704 01d7 01       		.byte	0x1
 705 01d8 C501     		.2byte	0x1c5
 706 01da F1010000 		.4byte	0x1f1
ARM GAS  C:\Users\Sam\AppData\Local\Temp\ccPc0UXT.s 			page 22


 707 01de 02       		.byte	0x2
 708 01df 91       		.byte	0x91
 709 01e0 6C       		.sleb128 -20
 710 01e1 09       		.uleb128 0x9
 711 01e2 4D010000 		.4byte	.LASF28
 712 01e6 01       		.byte	0x1
 713 01e7 C701     		.2byte	0x1c7
 714 01e9 6F000000 		.4byte	0x6f
 715 01ed 02       		.byte	0x2
 716 01ee 91       		.byte	0x91
 717 01ef 74       		.sleb128 -12
 718 01f0 00       		.byte	0
 719 01f1 0C       		.uleb128 0xc
 720 01f2 04       		.byte	0x4
 721 01f3 F7010000 		.4byte	0x1f7
 722 01f7 0D       		.uleb128 0xd
 723 01f8 88000000 		.4byte	0x88
 724 01fc 0E       		.uleb128 0xe
 725 01fd 01       		.byte	0x1
 726 01fe ED010000 		.4byte	.LASF34
 727 0202 01       		.byte	0x1
 728 0203 E501     		.2byte	0x1e5
 729 0205 01       		.byte	0x1
 730 0206 00000000 		.4byte	.LFB6
 731 020a 22000000 		.4byte	.LFE6
 732 020e 44010000 		.4byte	.LLST6
 733 0212 01       		.byte	0x1
 734 0213 08       		.uleb128 0x8
 735 0214 04020000 		.4byte	.LASF29
 736 0218 01       		.byte	0x1
 737 0219 E501     		.2byte	0x1e5
 738 021b 6F000000 		.4byte	0x6f
 739 021f 02       		.byte	0x2
 740 0220 91       		.byte	0x91
 741 0221 74       		.sleb128 -12
 742 0222 00       		.byte	0
 743 0223 00       		.byte	0
 744              		.section	.debug_abbrev,"",%progbits
 745              	.Ldebug_abbrev0:
 746 0000 01       		.uleb128 0x1
 747 0001 11       		.uleb128 0x11
 748 0002 01       		.byte	0x1
 749 0003 25       		.uleb128 0x25
 750 0004 0E       		.uleb128 0xe
 751 0005 13       		.uleb128 0x13
 752 0006 0B       		.uleb128 0xb
 753 0007 03       		.uleb128 0x3
 754 0008 0E       		.uleb128 0xe
 755 0009 1B       		.uleb128 0x1b
 756 000a 0E       		.uleb128 0xe
 757 000b 55       		.uleb128 0x55
 758 000c 06       		.uleb128 0x6
 759 000d 11       		.uleb128 0x11
 760 000e 01       		.uleb128 0x1
 761 000f 52       		.uleb128 0x52
 762 0010 01       		.uleb128 0x1
 763 0011 10       		.uleb128 0x10
ARM GAS  C:\Users\Sam\AppData\Local\Temp\ccPc0UXT.s 			page 23


 764 0012 06       		.uleb128 0x6
 765 0013 00       		.byte	0
 766 0014 00       		.byte	0
 767 0015 02       		.uleb128 0x2
 768 0016 24       		.uleb128 0x24
 769 0017 00       		.byte	0
 770 0018 0B       		.uleb128 0xb
 771 0019 0B       		.uleb128 0xb
 772 001a 3E       		.uleb128 0x3e
 773 001b 0B       		.uleb128 0xb
 774 001c 03       		.uleb128 0x3
 775 001d 0E       		.uleb128 0xe
 776 001e 00       		.byte	0
 777 001f 00       		.byte	0
 778 0020 03       		.uleb128 0x3
 779 0021 24       		.uleb128 0x24
 780 0022 00       		.byte	0
 781 0023 0B       		.uleb128 0xb
 782 0024 0B       		.uleb128 0xb
 783 0025 3E       		.uleb128 0x3e
 784 0026 0B       		.uleb128 0xb
 785 0027 03       		.uleb128 0x3
 786 0028 08       		.uleb128 0x8
 787 0029 00       		.byte	0
 788 002a 00       		.byte	0
 789 002b 04       		.uleb128 0x4
 790 002c 16       		.uleb128 0x16
 791 002d 00       		.byte	0
 792 002e 03       		.uleb128 0x3
 793 002f 0E       		.uleb128 0xe
 794 0030 3A       		.uleb128 0x3a
 795 0031 0B       		.uleb128 0xb
 796 0032 3B       		.uleb128 0x3b
 797 0033 0B       		.uleb128 0xb
 798 0034 49       		.uleb128 0x49
 799 0035 13       		.uleb128 0x13
 800 0036 00       		.byte	0
 801 0037 00       		.byte	0
 802 0038 05       		.uleb128 0x5
 803 0039 35       		.uleb128 0x35
 804 003a 00       		.byte	0
 805 003b 49       		.uleb128 0x49
 806 003c 13       		.uleb128 0x13
 807 003d 00       		.byte	0
 808 003e 00       		.byte	0
 809 003f 06       		.uleb128 0x6
 810 0040 2E       		.uleb128 0x2e
 811 0041 00       		.byte	0
 812 0042 3F       		.uleb128 0x3f
 813 0043 0C       		.uleb128 0xc
 814 0044 03       		.uleb128 0x3
 815 0045 0E       		.uleb128 0xe
 816 0046 3A       		.uleb128 0x3a
 817 0047 0B       		.uleb128 0xb
 818 0048 3B       		.uleb128 0x3b
 819 0049 0B       		.uleb128 0xb
 820 004a 27       		.uleb128 0x27
ARM GAS  C:\Users\Sam\AppData\Local\Temp\ccPc0UXT.s 			page 24


 821 004b 0C       		.uleb128 0xc
 822 004c 11       		.uleb128 0x11
 823 004d 01       		.uleb128 0x1
 824 004e 12       		.uleb128 0x12
 825 004f 01       		.uleb128 0x1
 826 0050 40       		.uleb128 0x40
 827 0051 06       		.uleb128 0x6
 828 0052 9742     		.uleb128 0x2117
 829 0054 0C       		.uleb128 0xc
 830 0055 00       		.byte	0
 831 0056 00       		.byte	0
 832 0057 07       		.uleb128 0x7
 833 0058 2E       		.uleb128 0x2e
 834 0059 01       		.byte	0x1
 835 005a 3F       		.uleb128 0x3f
 836 005b 0C       		.uleb128 0xc
 837 005c 03       		.uleb128 0x3
 838 005d 0E       		.uleb128 0xe
 839 005e 3A       		.uleb128 0x3a
 840 005f 0B       		.uleb128 0xb
 841 0060 3B       		.uleb128 0x3b
 842 0061 05       		.uleb128 0x5
 843 0062 27       		.uleb128 0x27
 844 0063 0C       		.uleb128 0xc
 845 0064 11       		.uleb128 0x11
 846 0065 01       		.uleb128 0x1
 847 0066 12       		.uleb128 0x12
 848 0067 01       		.uleb128 0x1
 849 0068 40       		.uleb128 0x40
 850 0069 06       		.uleb128 0x6
 851 006a 9742     		.uleb128 0x2117
 852 006c 0C       		.uleb128 0xc
 853 006d 01       		.uleb128 0x1
 854 006e 13       		.uleb128 0x13
 855 006f 00       		.byte	0
 856 0070 00       		.byte	0
 857 0071 08       		.uleb128 0x8
 858 0072 05       		.uleb128 0x5
 859 0073 00       		.byte	0
 860 0074 03       		.uleb128 0x3
 861 0075 0E       		.uleb128 0xe
 862 0076 3A       		.uleb128 0x3a
 863 0077 0B       		.uleb128 0xb
 864 0078 3B       		.uleb128 0x3b
 865 0079 05       		.uleb128 0x5
 866 007a 49       		.uleb128 0x49
 867 007b 13       		.uleb128 0x13
 868 007c 02       		.uleb128 0x2
 869 007d 0A       		.uleb128 0xa
 870 007e 00       		.byte	0
 871 007f 00       		.byte	0
 872 0080 09       		.uleb128 0x9
 873 0081 34       		.uleb128 0x34
 874 0082 00       		.byte	0
 875 0083 03       		.uleb128 0x3
 876 0084 0E       		.uleb128 0xe
 877 0085 3A       		.uleb128 0x3a
ARM GAS  C:\Users\Sam\AppData\Local\Temp\ccPc0UXT.s 			page 25


 878 0086 0B       		.uleb128 0xb
 879 0087 3B       		.uleb128 0x3b
 880 0088 05       		.uleb128 0x5
 881 0089 49       		.uleb128 0x49
 882 008a 13       		.uleb128 0x13
 883 008b 02       		.uleb128 0x2
 884 008c 0A       		.uleb128 0xa
 885 008d 00       		.byte	0
 886 008e 00       		.byte	0
 887 008f 0A       		.uleb128 0xa
 888 0090 2E       		.uleb128 0x2e
 889 0091 01       		.byte	0x1
 890 0092 3F       		.uleb128 0x3f
 891 0093 0C       		.uleb128 0xc
 892 0094 03       		.uleb128 0x3
 893 0095 0E       		.uleb128 0xe
 894 0096 3A       		.uleb128 0x3a
 895 0097 0B       		.uleb128 0xb
 896 0098 3B       		.uleb128 0x3b
 897 0099 05       		.uleb128 0x5
 898 009a 27       		.uleb128 0x27
 899 009b 0C       		.uleb128 0xc
 900 009c 49       		.uleb128 0x49
 901 009d 13       		.uleb128 0x13
 902 009e 11       		.uleb128 0x11
 903 009f 01       		.uleb128 0x1
 904 00a0 12       		.uleb128 0x12
 905 00a1 01       		.uleb128 0x1
 906 00a2 40       		.uleb128 0x40
 907 00a3 06       		.uleb128 0x6
 908 00a4 9642     		.uleb128 0x2116
 909 00a6 0C       		.uleb128 0xc
 910 00a7 01       		.uleb128 0x1
 911 00a8 13       		.uleb128 0x13
 912 00a9 00       		.byte	0
 913 00aa 00       		.byte	0
 914 00ab 0B       		.uleb128 0xb
 915 00ac 2E       		.uleb128 0x2e
 916 00ad 01       		.byte	0x1
 917 00ae 3F       		.uleb128 0x3f
 918 00af 0C       		.uleb128 0xc
 919 00b0 03       		.uleb128 0x3
 920 00b1 0E       		.uleb128 0xe
 921 00b2 3A       		.uleb128 0x3a
 922 00b3 0B       		.uleb128 0xb
 923 00b4 3B       		.uleb128 0x3b
 924 00b5 05       		.uleb128 0x5
 925 00b6 27       		.uleb128 0x27
 926 00b7 0C       		.uleb128 0xc
 927 00b8 11       		.uleb128 0x11
 928 00b9 01       		.uleb128 0x1
 929 00ba 12       		.uleb128 0x12
 930 00bb 01       		.uleb128 0x1
 931 00bc 40       		.uleb128 0x40
 932 00bd 06       		.uleb128 0x6
 933 00be 9642     		.uleb128 0x2116
 934 00c0 0C       		.uleb128 0xc
ARM GAS  C:\Users\Sam\AppData\Local\Temp\ccPc0UXT.s 			page 26


 935 00c1 01       		.uleb128 0x1
 936 00c2 13       		.uleb128 0x13
 937 00c3 00       		.byte	0
 938 00c4 00       		.byte	0
 939 00c5 0C       		.uleb128 0xc
 940 00c6 0F       		.uleb128 0xf
 941 00c7 00       		.byte	0
 942 00c8 0B       		.uleb128 0xb
 943 00c9 0B       		.uleb128 0xb
 944 00ca 49       		.uleb128 0x49
 945 00cb 13       		.uleb128 0x13
 946 00cc 00       		.byte	0
 947 00cd 00       		.byte	0
 948 00ce 0D       		.uleb128 0xd
 949 00cf 26       		.uleb128 0x26
 950 00d0 00       		.byte	0
 951 00d1 49       		.uleb128 0x49
 952 00d2 13       		.uleb128 0x13
 953 00d3 00       		.byte	0
 954 00d4 00       		.byte	0
 955 00d5 0E       		.uleb128 0xe
 956 00d6 2E       		.uleb128 0x2e
 957 00d7 01       		.byte	0x1
 958 00d8 3F       		.uleb128 0x3f
 959 00d9 0C       		.uleb128 0xc
 960 00da 03       		.uleb128 0x3
 961 00db 0E       		.uleb128 0xe
 962 00dc 3A       		.uleb128 0x3a
 963 00dd 0B       		.uleb128 0xb
 964 00de 3B       		.uleb128 0x3b
 965 00df 05       		.uleb128 0x5
 966 00e0 27       		.uleb128 0x27
 967 00e1 0C       		.uleb128 0xc
 968 00e2 11       		.uleb128 0x11
 969 00e3 01       		.uleb128 0x1
 970 00e4 12       		.uleb128 0x12
 971 00e5 01       		.uleb128 0x1
 972 00e6 40       		.uleb128 0x40
 973 00e7 06       		.uleb128 0x6
 974 00e8 9642     		.uleb128 0x2116
 975 00ea 0C       		.uleb128 0xc
 976 00eb 00       		.byte	0
 977 00ec 00       		.byte	0
 978 00ed 00       		.byte	0
 979              		.section	.debug_loc,"",%progbits
 980              	.Ldebug_loc0:
 981              	.LLST0:
 982 0000 00000000 		.4byte	.LFB0
 983 0004 02000000 		.4byte	.LCFI0
 984 0008 0200     		.2byte	0x2
 985 000a 7D       		.byte	0x7d
 986 000b 00       		.sleb128 0
 987 000c 02000000 		.4byte	.LCFI0
 988 0010 04000000 		.4byte	.LCFI1
 989 0014 0200     		.2byte	0x2
 990 0016 7D       		.byte	0x7d
 991 0017 08       		.sleb128 8
ARM GAS  C:\Users\Sam\AppData\Local\Temp\ccPc0UXT.s 			page 27


 992 0018 04000000 		.4byte	.LCFI1
 993 001c AC000000 		.4byte	.LFE0
 994 0020 0200     		.2byte	0x2
 995 0022 77       		.byte	0x77
 996 0023 08       		.sleb128 8
 997 0024 00000000 		.4byte	0
 998 0028 00000000 		.4byte	0
 999              	.LLST1:
 1000 002c 00000000 		.4byte	.LFB1
 1001 0030 02000000 		.4byte	.LCFI2
 1002 0034 0200     		.2byte	0x2
 1003 0036 7D       		.byte	0x7d
 1004 0037 00       		.sleb128 0
 1005 0038 02000000 		.4byte	.LCFI2
 1006 003c 04000000 		.4byte	.LCFI3
 1007 0040 0200     		.2byte	0x2
 1008 0042 7D       		.byte	0x7d
 1009 0043 08       		.sleb128 8
 1010 0044 04000000 		.4byte	.LCFI3
 1011 0048 06000000 		.4byte	.LCFI4
 1012 004c 0200     		.2byte	0x2
 1013 004e 7D       		.byte	0x7d
 1014 004f 18       		.sleb128 24
 1015 0050 06000000 		.4byte	.LCFI4
 1016 0054 34000000 		.4byte	.LFE1
 1017 0058 0200     		.2byte	0x2
 1018 005a 77       		.byte	0x77
 1019 005b 18       		.sleb128 24
 1020 005c 00000000 		.4byte	0
 1021 0060 00000000 		.4byte	0
 1022              	.LLST2:
 1023 0064 00000000 		.4byte	.LFB2
 1024 0068 02000000 		.4byte	.LCFI5
 1025 006c 0200     		.2byte	0x2
 1026 006e 7D       		.byte	0x7d
 1027 006f 00       		.sleb128 0
 1028 0070 02000000 		.4byte	.LCFI5
 1029 0074 04000000 		.4byte	.LCFI6
 1030 0078 0200     		.2byte	0x2
 1031 007a 7D       		.byte	0x7d
 1032 007b 08       		.sleb128 8
 1033 007c 04000000 		.4byte	.LCFI6
 1034 0080 06000000 		.4byte	.LCFI7
 1035 0084 0200     		.2byte	0x2
 1036 0086 7D       		.byte	0x7d
 1037 0087 18       		.sleb128 24
 1038 0088 06000000 		.4byte	.LCFI7
 1039 008c 34000000 		.4byte	.LFE2
 1040 0090 0200     		.2byte	0x2
 1041 0092 77       		.byte	0x77
 1042 0093 18       		.sleb128 24
 1043 0094 00000000 		.4byte	0
 1044 0098 00000000 		.4byte	0
 1045              	.LLST3:
 1046 009c 00000000 		.4byte	.LFB3
 1047 00a0 02000000 		.4byte	.LCFI8
 1048 00a4 0200     		.2byte	0x2
ARM GAS  C:\Users\Sam\AppData\Local\Temp\ccPc0UXT.s 			page 28


 1049 00a6 7D       		.byte	0x7d
 1050 00a7 00       		.sleb128 0
 1051 00a8 02000000 		.4byte	.LCFI8
 1052 00ac 04000000 		.4byte	.LCFI9
 1053 00b0 0200     		.2byte	0x2
 1054 00b2 7D       		.byte	0x7d
 1055 00b3 08       		.sleb128 8
 1056 00b4 04000000 		.4byte	.LCFI9
 1057 00b8 06000000 		.4byte	.LCFI10
 1058 00bc 0200     		.2byte	0x2
 1059 00be 7D       		.byte	0x7d
 1060 00bf 10       		.sleb128 16
 1061 00c0 06000000 		.4byte	.LCFI10
 1062 00c4 44000000 		.4byte	.LFE3
 1063 00c8 0200     		.2byte	0x2
 1064 00ca 77       		.byte	0x77
 1065 00cb 10       		.sleb128 16
 1066 00cc 00000000 		.4byte	0
 1067 00d0 00000000 		.4byte	0
 1068              	.LLST4:
 1069 00d4 00000000 		.4byte	.LFB4
 1070 00d8 02000000 		.4byte	.LCFI11
 1071 00dc 0200     		.2byte	0x2
 1072 00de 7D       		.byte	0x7d
 1073 00df 00       		.sleb128 0
 1074 00e0 02000000 		.4byte	.LCFI11
 1075 00e4 04000000 		.4byte	.LCFI12
 1076 00e8 0200     		.2byte	0x2
 1077 00ea 7D       		.byte	0x7d
 1078 00eb 08       		.sleb128 8
 1079 00ec 04000000 		.4byte	.LCFI12
 1080 00f0 06000000 		.4byte	.LCFI13
 1081 00f4 0200     		.2byte	0x2
 1082 00f6 7D       		.byte	0x7d
 1083 00f7 18       		.sleb128 24
 1084 00f8 06000000 		.4byte	.LCFI13
 1085 00fc 68000000 		.4byte	.LFE4
 1086 0100 0200     		.2byte	0x2
 1087 0102 77       		.byte	0x77
 1088 0103 18       		.sleb128 24
 1089 0104 00000000 		.4byte	0
 1090 0108 00000000 		.4byte	0
 1091              	.LLST5:
 1092 010c 00000000 		.4byte	.LFB5
 1093 0110 02000000 		.4byte	.LCFI14
 1094 0114 0200     		.2byte	0x2
 1095 0116 7D       		.byte	0x7d
 1096 0117 00       		.sleb128 0
 1097 0118 02000000 		.4byte	.LCFI14
 1098 011c 04000000 		.4byte	.LCFI15
 1099 0120 0200     		.2byte	0x2
 1100 0122 7D       		.byte	0x7d
 1101 0123 08       		.sleb128 8
 1102 0124 04000000 		.4byte	.LCFI15
 1103 0128 06000000 		.4byte	.LCFI16
 1104 012c 0200     		.2byte	0x2
 1105 012e 7D       		.byte	0x7d
ARM GAS  C:\Users\Sam\AppData\Local\Temp\ccPc0UXT.s 			page 29


 1106 012f 18       		.sleb128 24
 1107 0130 06000000 		.4byte	.LCFI16
 1108 0134 34000000 		.4byte	.LFE5
 1109 0138 0200     		.2byte	0x2
 1110 013a 77       		.byte	0x77
 1111 013b 18       		.sleb128 24
 1112 013c 00000000 		.4byte	0
 1113 0140 00000000 		.4byte	0
 1114              	.LLST6:
 1115 0144 00000000 		.4byte	.LFB6
 1116 0148 02000000 		.4byte	.LCFI17
 1117 014c 0200     		.2byte	0x2
 1118 014e 7D       		.byte	0x7d
 1119 014f 00       		.sleb128 0
 1120 0150 02000000 		.4byte	.LCFI17
 1121 0154 04000000 		.4byte	.LCFI18
 1122 0158 0200     		.2byte	0x2
 1123 015a 7D       		.byte	0x7d
 1124 015b 08       		.sleb128 8
 1125 015c 04000000 		.4byte	.LCFI18
 1126 0160 06000000 		.4byte	.LCFI19
 1127 0164 0200     		.2byte	0x2
 1128 0166 7D       		.byte	0x7d
 1129 0167 10       		.sleb128 16
 1130 0168 06000000 		.4byte	.LCFI19
 1131 016c 22000000 		.4byte	.LFE6
 1132 0170 0200     		.2byte	0x2
 1133 0172 77       		.byte	0x77
 1134 0173 10       		.sleb128 16
 1135 0174 00000000 		.4byte	0
 1136 0178 00000000 		.4byte	0
 1137              		.section	.debug_aranges,"",%progbits
 1138 0000 4C000000 		.4byte	0x4c
 1139 0004 0200     		.2byte	0x2
 1140 0006 00000000 		.4byte	.Ldebug_info0
 1141 000a 04       		.byte	0x4
 1142 000b 00       		.byte	0
 1143 000c 0000     		.2byte	0
 1144 000e 0000     		.2byte	0
 1145 0010 00000000 		.4byte	.LFB0
 1146 0014 AC000000 		.4byte	.LFE0-.LFB0
 1147 0018 00000000 		.4byte	.LFB1
 1148 001c 34000000 		.4byte	.LFE1-.LFB1
 1149 0020 00000000 		.4byte	.LFB2
 1150 0024 34000000 		.4byte	.LFE2-.LFB2
 1151 0028 00000000 		.4byte	.LFB3
 1152 002c 44000000 		.4byte	.LFE3-.LFB3
 1153 0030 00000000 		.4byte	.LFB4
 1154 0034 68000000 		.4byte	.LFE4-.LFB4
 1155 0038 00000000 		.4byte	.LFB5
 1156 003c 34000000 		.4byte	.LFE5-.LFB5
 1157 0040 00000000 		.4byte	.LFB6
 1158 0044 22000000 		.4byte	.LFE6-.LFB6
 1159 0048 00000000 		.4byte	0
 1160 004c 00000000 		.4byte	0
 1161              		.section	.debug_ranges,"",%progbits
 1162              	.Ldebug_ranges0:
ARM GAS  C:\Users\Sam\AppData\Local\Temp\ccPc0UXT.s 			page 30


 1163 0000 00000000 		.4byte	.LFB0
 1164 0004 AC000000 		.4byte	.LFE0
 1165 0008 00000000 		.4byte	.LFB1
 1166 000c 34000000 		.4byte	.LFE1
 1167 0010 00000000 		.4byte	.LFB2
 1168 0014 34000000 		.4byte	.LFE2
 1169 0018 00000000 		.4byte	.LFB3
 1170 001c 44000000 		.4byte	.LFE3
 1171 0020 00000000 		.4byte	.LFB4
 1172 0024 68000000 		.4byte	.LFE4
 1173 0028 00000000 		.4byte	.LFB5
 1174 002c 34000000 		.4byte	.LFE5
 1175 0030 00000000 		.4byte	.LFB6
 1176 0034 22000000 		.4byte	.LFE6
 1177 0038 00000000 		.4byte	0
 1178 003c 00000000 		.4byte	0
 1179              		.section	.debug_line,"",%progbits
 1180              	.Ldebug_line0:
 1181 0000 03010000 		.section	.debug_str,"MS",%progbits,1
 1181      02004E00 
 1181      00000201 
 1181      FB0E0D00 
 1181      01010101 
 1182              	.LASF6:
 1183 0000 6C6F6E67 		.ascii	"long long int\000"
 1183      206C6F6E 
 1183      6720696E 
 1183      7400
 1184              	.LASF14:
 1185 000e 72656733 		.ascii	"reg32\000"
 1185      3200
 1186              	.LASF23:
 1187 0014 4D6F6462 		.ascii	"ModbusUART_UartGetByte\000"
 1187      75735541 
 1187      52545F55 
 1187      61727447 
 1187      65744279 
 1188              	.LASF26:
 1189 002b 4D6F6462 		.ascii	"ModbusUART_UartPutString\000"
 1189      75735541 
 1189      52545F55 
 1189      61727450 
 1189      75745374 
 1190              	.LASF8:
 1191 0044 756E7369 		.ascii	"unsigned int\000"
 1191      676E6564 
 1191      20696E74 
 1191      00
 1192              	.LASF27:
 1193 0051 73747269 		.ascii	"string\000"
 1193      6E6700
 1194              	.LASF9:
 1195 0058 666C6F61 		.ascii	"float\000"
 1195      7400
 1196              	.LASF31:
 1197 005e 2E5C4765 		.ascii	".\\Generated_Source\\PSoC4\\ModbusUART_UART.c\000"
 1197      6E657261 
ARM GAS  C:\Users\Sam\AppData\Local\Temp\ccPc0UXT.s 			page 31


 1197      7465645F 
 1197      536F7572 
 1197      63655C50 
 1198              	.LASF1:
 1199 0089 756E7369 		.ascii	"unsigned char\000"
 1199      676E6564 
 1199      20636861 
 1199      7200
 1200              	.LASF12:
 1201 0097 63686172 		.ascii	"char8\000"
 1201      3800
 1202              	.LASF16:
 1203 009d 4D6F6462 		.ascii	"ModbusUART_UartSetRxAddress\000"
 1203      75735541 
 1203      52545F55 
 1203      61727453 
 1203      65745278 
 1204              	.LASF5:
 1205 00b9 6C6F6E67 		.ascii	"long unsigned int\000"
 1205      20756E73 
 1205      69676E65 
 1205      6420696E 
 1205      7400
 1206              	.LASF3:
 1207 00cb 73686F72 		.ascii	"short unsigned int\000"
 1207      7420756E 
 1207      7369676E 
 1207      65642069 
 1207      6E7400
 1208              	.LASF21:
 1209 00de 72784461 		.ascii	"rxData\000"
 1209      746100
 1210              	.LASF19:
 1211 00e5 61646472 		.ascii	"addressMask\000"
 1211      6573734D 
 1211      61736B00 
 1212              	.LASF10:
 1213 00f1 646F7562 		.ascii	"double\000"
 1213      6C6500
 1214              	.LASF2:
 1215 00f8 73686F72 		.ascii	"short int\000"
 1215      7420696E 
 1215      7400
 1216              	.LASF22:
 1217 0102 4D6F6462 		.ascii	"ModbusUART_UartGetChar\000"
 1217      75735541 
 1217      52545F55 
 1217      61727447 
 1217      65744368 
 1218              	.LASF11:
 1219 0119 75696E74 		.ascii	"uint32\000"
 1219      333200
 1220              	.LASF25:
 1221 0120 696E7453 		.ascii	"intSourceMask\000"
 1221      6F757263 
 1221      654D6173 
 1221      6B00
ARM GAS  C:\Users\Sam\AppData\Local\Temp\ccPc0UXT.s 			page 32


 1222              	.LASF18:
 1223 012e 61646472 		.ascii	"address\000"
 1223      65737300 
 1224              	.LASF7:
 1225 0136 6C6F6E67 		.ascii	"long long unsigned int\000"
 1225      206C6F6E 
 1225      6720756E 
 1225      7369676E 
 1225      65642069 
 1226              	.LASF28:
 1227 014d 62756649 		.ascii	"bufIndex\000"
 1227      6E646578 
 1227      00
 1228              	.LASF33:
 1229 0156 4D6F6462 		.ascii	"ModbusUART_UartInit\000"
 1229      75735541 
 1229      52545F55 
 1229      61727449 
 1229      6E697400 
 1230              	.LASF32:
 1231 016a 433A5C55 		.ascii	"C:\\Users\\Sam\\Dropbox\\Work\\2014\\PSoC 4 Modbus "
 1231      73657273 
 1231      5C53616D 
 1231      5C44726F 
 1231      70626F78 
 1232 0197 536C6176 		.ascii	"Slave Software\\PSoC 4 Pioneer Modbus Slave\\PSoC 4"
 1232      6520536F 
 1232      66747761 
 1232      72655C50 
 1232      536F4320 
 1233 01c8 2050696F 		.ascii	" Pioneer Modbus Slave.cydsn\000"
 1233      6E656572 
 1233      204D6F64 
 1233      62757320 
 1233      536C6176 
 1234              	.LASF15:
 1235 01e4 73697A65 		.ascii	"sizetype\000"
 1235      74797065 
 1235      00
 1236              	.LASF34:
 1237 01ed 4D6F6462 		.ascii	"ModbusUART_UartPutCRLF\000"
 1237      75735541 
 1237      52545F55 
 1237      61727450 
 1237      75744352 
 1238              	.LASF29:
 1239 0204 74784461 		.ascii	"txDataByte\000"
 1239      74614279 
 1239      746500
 1240              	.LASF13:
 1241 020f 63686172 		.ascii	"char\000"
 1241      00
 1242              	.LASF17:
 1243 0214 4D6F6462 		.ascii	"ModbusUART_UartSetRxAddressMask\000"
 1243      75735541 
 1243      52545F55 
 1243      61727453 
ARM GAS  C:\Users\Sam\AppData\Local\Temp\ccPc0UXT.s 			page 33


 1243      65745278 
 1244              	.LASF30:
 1245 0234 474E5520 		.ascii	"GNU C 4.7.3 20130312 (release) [ARM/embedded-4_7-br"
 1245      4320342E 
 1245      372E3320 
 1245      32303133 
 1245      30333132 
 1246 0267 616E6368 		.ascii	"anch revision 196615]\000"
 1246      20726576 
 1246      6973696F 
 1246      6E203139 
 1246      36363135 
 1247              	.LASF4:
 1248 027d 6C6F6E67 		.ascii	"long int\000"
 1248      20696E74 
 1248      00
 1249              	.LASF24:
 1250 0286 746D7053 		.ascii	"tmpStatus\000"
 1250      74617475 
 1250      7300
 1251              	.LASF20:
 1252 0290 6D617463 		.ascii	"matchReg\000"
 1252      68526567 
 1252      00
 1253              	.LASF0:
 1254 0299 7369676E 		.ascii	"signed char\000"
 1254      65642063 
 1254      68617200 
 1255              		.ident	"GCC: (GNU Tools for ARM Embedded Processors) 4.7.3 20130312 (release) [ARM/embedded-4_7-br
