Archive member included because of file (symbol)

.\CortexM0\ARM_GCC_473\Debug\PSoC 4 Pioneer Modbus Slave.a(cyfitter_cfg.o)
                              .\CortexM0\ARM_GCC_473\Debug\Cm0Start.o (cyfitter_cfg)
.\CortexM0\ARM_GCC_473\Debug\PSoC 4 Pioneer Modbus Slave.a(CyBootAsmGnu.o)
                              .\CortexM0\ARM_GCC_473\Debug\PSoC 4 Pioneer Modbus Slave.a(cyfitter_cfg.o) (CyDelayCycles)
.\CortexM0\ARM_GCC_473\Debug\PSoC 4 Pioneer Modbus Slave.a(CyLib.o)
                              .\CortexM0\ARM_GCC_473\Debug\PSoC 4 Pioneer Modbus Slave.a(cyfitter_cfg.o) (CyDelayUs)
.\CortexM0\ARM_GCC_473\Debug\PSoC 4 Pioneer Modbus Slave.a(MessageTimer.o)
                              .\CortexM0\ARM_GCC_473\Debug\Modbus.o (MessageTimer_Start)
.\CortexM0\ARM_GCC_473\Debug\PSoC 4 Pioneer Modbus Slave.a(ModbusUART.o)
                              .\CortexM0\ARM_GCC_473\Debug\main.o (ModbusUART_Start)
.\CortexM0\ARM_GCC_473\Debug\PSoC 4 Pioneer Modbus Slave.a(ModbusUART_SPI_UART.o)
                              .\CortexM0\ARM_GCC_473\Debug\Modbus.o (ModbusUART_SpiUartWriteTxData)
.\CortexM0\ARM_GCC_473\Debug\PSoC 4 Pioneer Modbus Slave.a(ModbusUART_UART.o)
                              .\CortexM0\ARM_GCC_473\Debug\PSoC 4 Pioneer Modbus Slave.a(ModbusUART.o) (ModbusUART_UartInit)
.\CortexM0\ARM_GCC_473\Debug\PSoC 4 Pioneer Modbus Slave.a(MessageReceived.o)
                              .\CortexM0\ARM_GCC_473\Debug\main.o (MessageReceived_StartEx)
.\CortexM0\ARM_GCC_473\Debug\PSoC 4 Pioneer Modbus Slave.a(EndOfMessage.o)
                              .\CortexM0\ARM_GCC_473\Debug\Modbus.o (EndOfMessage_StartEx)
.\CortexM0\ARM_GCC_473\Debug\PSoC 4 Pioneer Modbus Slave.a(writeEnable.o)
                              .\CortexM0\ARM_GCC_473\Debug\main.o (writeEnable_Write)
c:/program files (x86)/cypress/psoc creator/3.0/psoc creator/import/gnu_cs/arm/4.7.3/bin/../lib/gcc/arm-none-eabi/4.7.3/armv6-m\libgcc.a(_udivsi3.o)
                              .\CortexM0\ARM_GCC_473\Debug\PSoC 4 Pioneer Modbus Slave.a(CyLib.o) (__aeabi_uidiv)
c:/program files (x86)/cypress/psoc creator/3.0/psoc creator/import/gnu_cs/arm/4.7.3/bin/../lib/gcc/arm-none-eabi/4.7.3/armv6-m\libgcc.a(_divsi3.o)
                              .\CortexM0\ARM_GCC_473\Debug\Cm0Start.o (__aeabi_idiv)
c:/program files (x86)/cypress/psoc creator/3.0/psoc creator/import/gnu_cs/arm/4.7.3/bin/../lib/gcc/arm-none-eabi/4.7.3/armv6-m\libgcc.a(_dvmd_tls.o)
                              c:/program files (x86)/cypress/psoc creator/3.0/psoc creator/import/gnu_cs/arm/4.7.3/bin/../lib/gcc/arm-none-eabi/4.7.3/armv6-m\libgcc.a(_udivsi3.o) (__aeabi_idiv0)
c:/program files (x86)/cypress/psoc creator/3.0/psoc creator/import/gnu_cs/arm/4.7.3/bin/../lib/gcc/arm-none-eabi/4.7.3/../../../../arm-none-eabi/lib/armv6-m\libc_s.a(lib_a-__atexit2.o)
                              c:/program files (x86)/cypress/psoc creator/3.0/psoc creator/import/gnu_cs/arm/4.7.3/bin/../lib/gcc/arm-none-eabi/4.7.3/../../../../arm-none-eabi/lib/armv6-m/crt0.o (__register_exitproc)
c:/program files (x86)/cypress/psoc creator/3.0/psoc creator/import/gnu_cs/arm/4.7.3/bin/../lib/gcc/arm-none-eabi/4.7.3/../../../../arm-none-eabi/lib/armv6-m\libc_s.a(lib_a-exit.o)
                              c:/program files (x86)/cypress/psoc creator/3.0/psoc creator/import/gnu_cs/arm/4.7.3/bin/../lib/gcc/arm-none-eabi/4.7.3/../../../../arm-none-eabi/lib/armv6-m/crt0.o (exit)
c:/program files (x86)/cypress/psoc creator/3.0/psoc creator/import/gnu_cs/arm/4.7.3/bin/../lib/gcc/arm-none-eabi/4.7.3/../../../../arm-none-eabi/lib/armv6-m\libc_s.a(lib_a-fini.o)
                              c:/program files (x86)/cypress/psoc creator/3.0/psoc creator/import/gnu_cs/arm/4.7.3/bin/../lib/gcc/arm-none-eabi/4.7.3/../../../../arm-none-eabi/lib/armv6-m/crt0.o (__libc_fini_array)
c:/program files (x86)/cypress/psoc creator/3.0/psoc creator/import/gnu_cs/arm/4.7.3/bin/../lib/gcc/arm-none-eabi/4.7.3/../../../../arm-none-eabi/lib/armv6-m\libc_s.a(lib_a-impure.o)
                              c:/program files (x86)/cypress/psoc creator/3.0/psoc creator/import/gnu_cs/arm/4.7.3/bin/../lib/gcc/arm-none-eabi/4.7.3/../../../../arm-none-eabi/lib/armv6-m\libc_s.a(lib_a-exit.o) (_global_impure_ptr)
c:/program files (x86)/cypress/psoc creator/3.0/psoc creator/import/gnu_cs/arm/4.7.3/bin/../lib/gcc/arm-none-eabi/4.7.3/../../../../arm-none-eabi/lib/armv6-m\libc_s.a(lib_a-init.o)
                              c:/program files (x86)/cypress/psoc creator/3.0/psoc creator/import/gnu_cs/arm/4.7.3/bin/../lib/gcc/arm-none-eabi/4.7.3/../../../../arm-none-eabi/lib/armv6-m/crt0.o (__libc_init_array)
c:/program files (x86)/cypress/psoc creator/3.0/psoc creator/import/gnu_cs/arm/4.7.3/bin/../lib/gcc/arm-none-eabi/4.7.3/../../../../arm-none-eabi/lib/armv6-m\libc_s.a(lib_a-memcpy.o)
                              .\CortexM0\ARM_GCC_473\Debug\PSoC 4 Pioneer Modbus Slave.a(cyfitter_cfg.o) (memcpy)
c:/program files (x86)/cypress/psoc creator/3.0/psoc creator/import/gnu_cs/arm/4.7.3/bin/../lib/gcc/arm-none-eabi/4.7.3/../../../../arm-none-eabi/lib/armv6-m\libc_s.a(lib_a-memset.o)
                              c:/program files (x86)/cypress/psoc creator/3.0/psoc creator/import/gnu_cs/arm/4.7.3/bin/../lib/gcc/arm-none-eabi/4.7.3/../../../../arm-none-eabi/lib/armv6-m/crt0.o (memset)

Allocating common symbols
Common symbol       size              file

response            0x7d              .\CortexM0\ARM_GCC_473\Debug\Modbus.o
coils               0x32              .\CortexM0\ARM_GCC_473\Debug\Modbus.o
messageTimerFlag    0x1               .\CortexM0\ARM_GCC_473\Debug\interrupts.o
holdingReg          0xc8              .\CortexM0\ARM_GCC_473\Debug\Modbus.o
messageReceivedFlag
                    0x1               .\CortexM0\ARM_GCC_473\Debug\interrupts.o
received            0x7d              .\CortexM0\ARM_GCC_473\Debug\Modbus.o

Discarded input sections

 .text          0x00000000        0x0 c:/program files (x86)/cypress/psoc creator/3.0/psoc creator/import/gnu_cs/arm/4.7.3/bin/../lib/gcc/arm-none-eabi/4.7.3/armv6-m/crti.o
 .data          0x00000000        0x0 c:/program files (x86)/cypress/psoc creator/3.0/psoc creator/import/gnu_cs/arm/4.7.3/bin/../lib/gcc/arm-none-eabi/4.7.3/armv6-m/crti.o
 .bss           0x00000000        0x0 c:/program files (x86)/cypress/psoc creator/3.0/psoc creator/import/gnu_cs/arm/4.7.3/bin/../lib/gcc/arm-none-eabi/4.7.3/armv6-m/crti.o
 .data          0x00000000        0x4 c:/program files (x86)/cypress/psoc creator/3.0/psoc creator/import/gnu_cs/arm/4.7.3/bin/../lib/gcc/arm-none-eabi/4.7.3/armv6-m/crtbegin.o
 .text          0x00000000       0x74 c:/program files (x86)/cypress/psoc creator/3.0/psoc creator/import/gnu_cs/arm/4.7.3/bin/../lib/gcc/arm-none-eabi/4.7.3/../../../../arm-none-eabi/lib/armv6-m/crt0.o
 .data          0x00000000        0x0 c:/program files (x86)/cypress/psoc creator/3.0/psoc creator/import/gnu_cs/arm/4.7.3/bin/../lib/gcc/arm-none-eabi/4.7.3/../../../../arm-none-eabi/lib/armv6-m/crt0.o
 .bss           0x00000000        0x0 c:/program files (x86)/cypress/psoc creator/3.0/psoc creator/import/gnu_cs/arm/4.7.3/bin/../lib/gcc/arm-none-eabi/4.7.3/../../../../arm-none-eabi/lib/armv6-m/crt0.o
 .ARM.extab     0x00000000        0x0 c:/program files (x86)/cypress/psoc creator/3.0/psoc creator/import/gnu_cs/arm/4.7.3/bin/../lib/gcc/arm-none-eabi/4.7.3/../../../../arm-none-eabi/lib/armv6-m/crt0.o
 .ARM.exidx     0x00000000        0x8 c:/program files (x86)/cypress/psoc creator/3.0/psoc creator/import/gnu_cs/arm/4.7.3/bin/../lib/gcc/arm-none-eabi/4.7.3/../../../../arm-none-eabi/lib/armv6-m/crt0.o
 .text          0x00000000        0x0 .\CortexM0\ARM_GCC_473\Debug\main.o
 .data          0x00000000        0x0 .\CortexM0\ARM_GCC_473\Debug\main.o
 .bss           0x00000000        0x0 .\CortexM0\ARM_GCC_473\Debug\main.o
 .text          0x00000000        0x0 .\CortexM0\ARM_GCC_473\Debug\interrupts.o
 .data          0x00000000        0x0 .\CortexM0\ARM_GCC_473\Debug\interrupts.o
 .bss           0x00000000        0x0 .\CortexM0\ARM_GCC_473\Debug\interrupts.o
 .text          0x00000000        0x0 .\CortexM0\ARM_GCC_473\Debug\Modbus.o
 .text          0x00000000        0x0 .\CortexM0\ARM_GCC_473\Debug\cymetadata.o
 .data          0x00000000        0x0 .\CortexM0\ARM_GCC_473\Debug\cymetadata.o
 .bss           0x00000000        0x0 .\CortexM0\ARM_GCC_473\Debug\cymetadata.o
 .text          0x00000000        0x0 .\CortexM0\ARM_GCC_473\Debug\Cm0Start.o
 .data          0x00000000        0x0 .\CortexM0\ARM_GCC_473\Debug\Cm0Start.o
 .bss           0x00000000        0x0 .\CortexM0\ARM_GCC_473\Debug\Cm0Start.o
 .text._exit    0x00000000       0x28 .\CortexM0\ARM_GCC_473\Debug\Cm0Start.o
 .text          0x00000000        0x0 .\CortexM0\ARM_GCC_473\Debug\PSoC 4 Pioneer Modbus Slave.a(cyfitter_cfg.o)
 .bss           0x00000000        0x0 .\CortexM0\ARM_GCC_473\Debug\PSoC 4 Pioneer Modbus Slave.a(cyfitter_cfg.o)
 .text.CYCONFIGCPY
                0x00000000       0x24 .\CortexM0\ARM_GCC_473\Debug\PSoC 4 Pioneer Modbus Slave.a(cyfitter_cfg.o)
 .text.CYCONFIGCPYCODE
                0x00000000       0x24 .\CortexM0\ARM_GCC_473\Debug\PSoC 4 Pioneer Modbus Slave.a(cyfitter_cfg.o)
 .data          0x00000000        0x0 .\CortexM0\ARM_GCC_473\Debug\PSoC 4 Pioneer Modbus Slave.a(CyBootAsmGnu.o)
 .bss           0x00000000        0x0 .\CortexM0\ARM_GCC_473\Debug\PSoC 4 Pioneer Modbus Slave.a(CyBootAsmGnu.o)
 .text          0x00000000        0x0 .\CortexM0\ARM_GCC_473\Debug\PSoC 4 Pioneer Modbus Slave.a(CyLib.o)
 .bss           0x00000000        0x0 .\CortexM0\ARM_GCC_473\Debug\PSoC 4 Pioneer Modbus Slave.a(CyLib.o)
 .text.CySysClkImoStart
                0x00000000       0x1c .\CortexM0\ARM_GCC_473\Debug\PSoC 4 Pioneer Modbus Slave.a(CyLib.o)
 .text.CySysClkImoStop
                0x00000000       0x18 .\CortexM0\ARM_GCC_473\Debug\PSoC 4 Pioneer Modbus Slave.a(CyLib.o)
 .text.CySysClkIloStart
                0x00000000       0x1c .\CortexM0\ARM_GCC_473\Debug\PSoC 4 Pioneer Modbus Slave.a(CyLib.o)
 .text.CySysClkIloStop
                0x00000000       0x18 .\CortexM0\ARM_GCC_473\Debug\PSoC 4 Pioneer Modbus Slave.a(CyLib.o)
 .text.CySysClkWriteHfclkDirect
                0x00000000       0x2c .\CortexM0\ARM_GCC_473\Debug\PSoC 4 Pioneer Modbus Slave.a(CyLib.o)
 .text.CySysClkWriteSysclkDiv
                0x00000000       0x2c .\CortexM0\ARM_GCC_473\Debug\PSoC 4 Pioneer Modbus Slave.a(CyLib.o)
 .text.CySysClkWriteImoFreq
                0x00000000      0x200 .\CortexM0\ARM_GCC_473\Debug\PSoC 4 Pioneer Modbus Slave.a(CyLib.o)
 .text.CySysWdtLock
                0x00000000       0x44 .\CortexM0\ARM_GCC_473\Debug\PSoC 4 Pioneer Modbus Slave.a(CyLib.o)
 .text.CySysWdtUnlock
                0x00000000       0x5c .\CortexM0\ARM_GCC_473\Debug\PSoC 4 Pioneer Modbus Slave.a(CyLib.o)
 .text.CySysWdtReadEnabledStatus
                0x00000000       0x30 .\CortexM0\ARM_GCC_473\Debug\PSoC 4 Pioneer Modbus Slave.a(CyLib.o)
 .text.CySysWdtWriteMode
                0x00000000       0x70 .\CortexM0\ARM_GCC_473\Debug\PSoC 4 Pioneer Modbus Slave.a(CyLib.o)
 .text.CySysWdtReadMode
                0x00000000       0x24 .\CortexM0\ARM_GCC_473\Debug\PSoC 4 Pioneer Modbus Slave.a(CyLib.o)
 .text.CySysWdtWriteClearOnMatch
                0x00000000       0x68 .\CortexM0\ARM_GCC_473\Debug\PSoC 4 Pioneer Modbus Slave.a(CyLib.o)
 .text.CySysWdtReadClearOnMatch
                0x00000000       0x40 .\CortexM0\ARM_GCC_473\Debug\PSoC 4 Pioneer Modbus Slave.a(CyLib.o)
 .text.CySysWdtEnable
                0x00000000       0x30 .\CortexM0\ARM_GCC_473\Debug\PSoC 4 Pioneer Modbus Slave.a(CyLib.o)
 .text.CySysWdtDisable
                0x00000000       0x30 .\CortexM0\ARM_GCC_473\Debug\PSoC 4 Pioneer Modbus Slave.a(CyLib.o)
 .text.CySysWdtWriteCascade
                0x00000000       0x68 .\CortexM0\ARM_GCC_473\Debug\PSoC 4 Pioneer Modbus Slave.a(CyLib.o)
 .text.CySysWdtReadCascade
                0x00000000       0x1c .\CortexM0\ARM_GCC_473\Debug\PSoC 4 Pioneer Modbus Slave.a(CyLib.o)
 .text.CySysWdtWriteMatch
                0x00000000       0x74 .\CortexM0\ARM_GCC_473\Debug\PSoC 4 Pioneer Modbus Slave.a(CyLib.o)
 .text.CySysWdtWriteToggleBit
                0x00000000       0x54 .\CortexM0\ARM_GCC_473\Debug\PSoC 4 Pioneer Modbus Slave.a(CyLib.o)
 .text.CySysWdtReadToggleBit
                0x00000000       0x18 .\CortexM0\ARM_GCC_473\Debug\PSoC 4 Pioneer Modbus Slave.a(CyLib.o)
 .text.CySysWdtReadMatch
                0x00000000       0x44 .\CortexM0\ARM_GCC_473\Debug\PSoC 4 Pioneer Modbus Slave.a(CyLib.o)
 .text.CySysWdtReadCount
                0x00000000       0x54 .\CortexM0\ARM_GCC_473\Debug\PSoC 4 Pioneer Modbus Slave.a(CyLib.o)
 .text.CySysWdtGetInterruptSource
                0x00000000       0x1c .\CortexM0\ARM_GCC_473\Debug\PSoC 4 Pioneer Modbus Slave.a(CyLib.o)
 .text.CySysWdtClearInterrupt
                0x00000000       0xac .\CortexM0\ARM_GCC_473\Debug\PSoC 4 Pioneer Modbus Slave.a(CyLib.o)
 .text.CySysWdtResetCounters
                0x00000000       0x38 .\CortexM0\ARM_GCC_473\Debug\PSoC 4 Pioneer Modbus Slave.a(CyLib.o)
 .text.CySysLvdEnable
                0x00000000       0x48 .\CortexM0\ARM_GCC_473\Debug\PSoC 4 Pioneer Modbus Slave.a(CyLib.o)
 .text.CySysLvdDisable
                0x00000000       0x28 .\CortexM0\ARM_GCC_473\Debug\PSoC 4 Pioneer Modbus Slave.a(CyLib.o)
 .text.CySysLvdGetInterruptSource
                0x00000000       0x18 .\CortexM0\ARM_GCC_473\Debug\PSoC 4 Pioneer Modbus Slave.a(CyLib.o)
 .text.CySysLvdClearInterrupt
                0x00000000       0x14 .\CortexM0\ARM_GCC_473\Debug\PSoC 4 Pioneer Modbus Slave.a(CyLib.o)
 .text.CyDisableInts
                0x00000000       0x24 .\CortexM0\ARM_GCC_473\Debug\PSoC 4 Pioneer Modbus Slave.a(CyLib.o)
 .text.CyEnableInts
                0x00000000       0x18 .\CortexM0\ARM_GCC_473\Debug\PSoC 4 Pioneer Modbus Slave.a(CyLib.o)
 .text.CyIntSetSysVector
                0x00000000       0x48 .\CortexM0\ARM_GCC_473\Debug\PSoC 4 Pioneer Modbus Slave.a(CyLib.o)
 .text.CyIntGetSysVector
                0x00000000       0x34 .\CortexM0\ARM_GCC_473\Debug\PSoC 4 Pioneer Modbus Slave.a(CyLib.o)
 .text.CyIntSetVector
                0x00000000       0x4c .\CortexM0\ARM_GCC_473\Debug\PSoC 4 Pioneer Modbus Slave.a(CyLib.o)
 .text.CyIntGetVector
                0x00000000       0x38 .\CortexM0\ARM_GCC_473\Debug\PSoC 4 Pioneer Modbus Slave.a(CyLib.o)
 .text.CyIntSetPriority
                0x00000000       0xa8 .\CortexM0\ARM_GCC_473\Debug\PSoC 4 Pioneer Modbus Slave.a(CyLib.o)
 .text.CyIntGetPriority
                0x00000000       0x58 .\CortexM0\ARM_GCC_473\Debug\PSoC 4 Pioneer Modbus Slave.a(CyLib.o)
 .text.CyIntEnable
                0x00000000       0x2c .\CortexM0\ARM_GCC_473\Debug\PSoC 4 Pioneer Modbus Slave.a(CyLib.o)
 .text.CyIntGetState
                0x00000000       0x34 .\CortexM0\ARM_GCC_473\Debug\PSoC 4 Pioneer Modbus Slave.a(CyLib.o)
 .text.CyIntDisable
                0x00000000       0x2c .\CortexM0\ARM_GCC_473\Debug\PSoC 4 Pioneer Modbus Slave.a(CyLib.o)
 .text.CyIntSetPending
                0x00000000       0x2c .\CortexM0\ARM_GCC_473\Debug\PSoC 4 Pioneer Modbus Slave.a(CyLib.o)
 .text.CyIntClearPending
                0x00000000       0x2c .\CortexM0\ARM_GCC_473\Debug\PSoC 4 Pioneer Modbus Slave.a(CyLib.o)
 .text.CyHalt   0x00000000       0x14 .\CortexM0\ARM_GCC_473\Debug\PSoC 4 Pioneer Modbus Slave.a(CyLib.o)
 .text.CySoftwareReset
                0x00000000       0x20 .\CortexM0\ARM_GCC_473\Debug\PSoC 4 Pioneer Modbus Slave.a(CyLib.o)
 .text.CyDelay  0x00000000       0x48 .\CortexM0\ARM_GCC_473\Debug\PSoC 4 Pioneer Modbus Slave.a(CyLib.o)
 .text.CyDelayFreq
                0x00000000       0x80 .\CortexM0\ARM_GCC_473\Debug\PSoC 4 Pioneer Modbus Slave.a(CyLib.o)
 .rodata        0x00000000       0x30 .\CortexM0\ARM_GCC_473\Debug\PSoC 4 Pioneer Modbus Slave.a(CyLib.o)
 .text          0x00000000        0x0 .\CortexM0\ARM_GCC_473\Debug\PSoC 4 Pioneer Modbus Slave.a(MessageTimer.o)
 .data          0x00000000        0x0 .\CortexM0\ARM_GCC_473\Debug\PSoC 4 Pioneer Modbus Slave.a(MessageTimer.o)
 .text.MessageTimer_SetMode
                0x00000000       0x48 .\CortexM0\ARM_GCC_473\Debug\PSoC 4 Pioneer Modbus Slave.a(MessageTimer.o)
 .text.MessageTimer_SetQDMode
                0x00000000       0x48 .\CortexM0\ARM_GCC_473\Debug\PSoC 4 Pioneer Modbus Slave.a(MessageTimer.o)
 .text.MessageTimer_SetPrescaler
                0x00000000       0x48 .\CortexM0\ARM_GCC_473\Debug\PSoC 4 Pioneer Modbus Slave.a(MessageTimer.o)
 .text.MessageTimer_SetOneShot
                0x00000000       0x4c .\CortexM0\ARM_GCC_473\Debug\PSoC 4 Pioneer Modbus Slave.a(MessageTimer.o)
 .text.MessageTimer_SetPWMMode
                0x00000000       0x1c .\CortexM0\ARM_GCC_473\Debug\PSoC 4 Pioneer Modbus Slave.a(MessageTimer.o)
 .text.MessageTimer_SetPWMSyncKill
                0x00000000       0x48 .\CortexM0\ARM_GCC_473\Debug\PSoC 4 Pioneer Modbus Slave.a(MessageTimer.o)
 .text.MessageTimer_SetPWMStopOnKill
                0x00000000       0x48 .\CortexM0\ARM_GCC_473\Debug\PSoC 4 Pioneer Modbus Slave.a(MessageTimer.o)
 .text.MessageTimer_SetPWMDeadTime
                0x00000000       0x4c .\CortexM0\ARM_GCC_473\Debug\PSoC 4 Pioneer Modbus Slave.a(MessageTimer.o)
 .text.MessageTimer_SetPWMInvert
                0x00000000       0x48 .\CortexM0\ARM_GCC_473\Debug\PSoC 4 Pioneer Modbus Slave.a(MessageTimer.o)
 .text.MessageTimer_WriteCounter
                0x00000000       0x1c .\CortexM0\ARM_GCC_473\Debug\PSoC 4 Pioneer Modbus Slave.a(MessageTimer.o)
 .text.MessageTimer_ReadCounter
                0x00000000       0x18 .\CortexM0\ARM_GCC_473\Debug\PSoC 4 Pioneer Modbus Slave.a(MessageTimer.o)
 .text.MessageTimer_SetCounterMode
                0x00000000       0x48 .\CortexM0\ARM_GCC_473\Debug\PSoC 4 Pioneer Modbus Slave.a(MessageTimer.o)
 .text.MessageTimer_ReadPeriod
                0x00000000       0x18 .\CortexM0\ARM_GCC_473\Debug\PSoC 4 Pioneer Modbus Slave.a(MessageTimer.o)
 .text.MessageTimer_SetCompareSwap
                0x00000000       0x48 .\CortexM0\ARM_GCC_473\Debug\PSoC 4 Pioneer Modbus Slave.a(MessageTimer.o)
 .text.MessageTimer_WritePeriodBuf
                0x00000000       0x1c .\CortexM0\ARM_GCC_473\Debug\PSoC 4 Pioneer Modbus Slave.a(MessageTimer.o)
 .text.MessageTimer_ReadPeriodBuf
                0x00000000       0x18 .\CortexM0\ARM_GCC_473\Debug\PSoC 4 Pioneer Modbus Slave.a(MessageTimer.o)
 .text.MessageTimer_SetPeriodSwap
                0x00000000       0x48 .\CortexM0\ARM_GCC_473\Debug\PSoC 4 Pioneer Modbus Slave.a(MessageTimer.o)
 .text.MessageTimer_WriteCompare
                0x00000000       0x1c .\CortexM0\ARM_GCC_473\Debug\PSoC 4 Pioneer Modbus Slave.a(MessageTimer.o)
 .text.MessageTimer_ReadCompare
                0x00000000       0x18 .\CortexM0\ARM_GCC_473\Debug\PSoC 4 Pioneer Modbus Slave.a(MessageTimer.o)
 .text.MessageTimer_WriteCompareBuf
                0x00000000       0x1c .\CortexM0\ARM_GCC_473\Debug\PSoC 4 Pioneer Modbus Slave.a(MessageTimer.o)
 .text.MessageTimer_ReadCompareBuf
                0x00000000       0x18 .\CortexM0\ARM_GCC_473\Debug\PSoC 4 Pioneer Modbus Slave.a(MessageTimer.o)
 .text.MessageTimer_ReadCapture
                0x00000000       0x18 .\CortexM0\ARM_GCC_473\Debug\PSoC 4 Pioneer Modbus Slave.a(MessageTimer.o)
 .text.MessageTimer_ReadCaptureBuf
                0x00000000       0x18 .\CortexM0\ARM_GCC_473\Debug\PSoC 4 Pioneer Modbus Slave.a(MessageTimer.o)
 .text.MessageTimer_SetCaptureMode
                0x00000000       0x44 .\CortexM0\ARM_GCC_473\Debug\PSoC 4 Pioneer Modbus Slave.a(MessageTimer.o)
 .text.MessageTimer_SetReloadMode
                0x00000000       0x44 .\CortexM0\ARM_GCC_473\Debug\PSoC 4 Pioneer Modbus Slave.a(MessageTimer.o)
 .text.MessageTimer_SetStartMode
                0x00000000       0x48 .\CortexM0\ARM_GCC_473\Debug\PSoC 4 Pioneer Modbus Slave.a(MessageTimer.o)
 .text.MessageTimer_SetStopMode
                0x00000000       0x44 .\CortexM0\ARM_GCC_473\Debug\PSoC 4 Pioneer Modbus Slave.a(MessageTimer.o)
 .text.MessageTimer_SetCountMode
                0x00000000       0x44 .\CortexM0\ARM_GCC_473\Debug\PSoC 4 Pioneer Modbus Slave.a(MessageTimer.o)
 .text.MessageTimer_ReadStatus
                0x00000000       0x20 .\CortexM0\ARM_GCC_473\Debug\PSoC 4 Pioneer Modbus Slave.a(MessageTimer.o)
 .text.MessageTimer_GetInterruptSourceMasked
                0x00000000       0x14 .\CortexM0\ARM_GCC_473\Debug\PSoC 4 Pioneer Modbus Slave.a(MessageTimer.o)
 .text.MessageTimer_SetInterrupt
                0x00000000       0x18 .\CortexM0\ARM_GCC_473\Debug\PSoC 4 Pioneer Modbus Slave.a(MessageTimer.o)
 .text          0x00000000        0x0 .\CortexM0\ARM_GCC_473\Debug\PSoC 4 Pioneer Modbus Slave.a(ModbusUART.o)
 .data          0x00000000        0x0 .\CortexM0\ARM_GCC_473\Debug\PSoC 4 Pioneer Modbus Slave.a(ModbusUART.o)
 .text.ModbusUART_Stop
                0x00000000       0x1c .\CortexM0\ARM_GCC_473\Debug\PSoC 4 Pioneer Modbus Slave.a(ModbusUART.o)
 .text.ModbusUART_SetCustomInterruptHandler
                0x00000000       0x18 .\CortexM0\ARM_GCC_473\Debug\PSoC 4 Pioneer Modbus Slave.a(ModbusUART.o)
 .text.ModbusUART_ScbModeStop
                0x00000000        0x8 .\CortexM0\ARM_GCC_473\Debug\PSoC 4 Pioneer Modbus Slave.a(ModbusUART.o)
 .text          0x00000000        0x0 .\CortexM0\ARM_GCC_473\Debug\PSoC 4 Pioneer Modbus Slave.a(ModbusUART_SPI_UART.o)
 .data          0x00000000        0x0 .\CortexM0\ARM_GCC_473\Debug\PSoC 4 Pioneer Modbus Slave.a(ModbusUART_SPI_UART.o)
 .bss           0x00000000        0x0 .\CortexM0\ARM_GCC_473\Debug\PSoC 4 Pioneer Modbus Slave.a(ModbusUART_SPI_UART.o)
 .text.ModbusUART_SpiUartClearRxBuffer
                0x00000000       0x2c .\CortexM0\ARM_GCC_473\Debug\PSoC 4 Pioneer Modbus Slave.a(ModbusUART_SPI_UART.o)
 .text.ModbusUART_SpiUartPutArray
                0x00000000       0x34 .\CortexM0\ARM_GCC_473\Debug\PSoC 4 Pioneer Modbus Slave.a(ModbusUART_SPI_UART.o)
 .text.ModbusUART_SpiUartGetTxBufferSize
                0x00000000       0x20 .\CortexM0\ARM_GCC_473\Debug\PSoC 4 Pioneer Modbus Slave.a(ModbusUART_SPI_UART.o)
 .text.ModbusUART_SpiUartClearTxBuffer
                0x00000000       0x2c .\CortexM0\ARM_GCC_473\Debug\PSoC 4 Pioneer Modbus Slave.a(ModbusUART_SPI_UART.o)
 .text.ModbusUART_SpiUartDisableIntRx
                0x00000000       0x20 .\CortexM0\ARM_GCC_473\Debug\PSoC 4 Pioneer Modbus Slave.a(ModbusUART_SPI_UART.o)
 .text.ModbusUART_SpiUartDisableIntTx
                0x00000000       0x20 .\CortexM0\ARM_GCC_473\Debug\PSoC 4 Pioneer Modbus Slave.a(ModbusUART_SPI_UART.o)
 .text          0x00000000        0x0 .\CortexM0\ARM_GCC_473\Debug\PSoC 4 Pioneer Modbus Slave.a(ModbusUART_UART.o)
 .data          0x00000000        0x0 .\CortexM0\ARM_GCC_473\Debug\PSoC 4 Pioneer Modbus Slave.a(ModbusUART_UART.o)
 .bss           0x00000000        0x0 .\CortexM0\ARM_GCC_473\Debug\PSoC 4 Pioneer Modbus Slave.a(ModbusUART_UART.o)
 .text.ModbusUART_UartSetRxAddress
                0x00000000       0x34 .\CortexM0\ARM_GCC_473\Debug\PSoC 4 Pioneer Modbus Slave.a(ModbusUART_UART.o)
 .text.ModbusUART_UartSetRxAddressMask
                0x00000000       0x34 .\CortexM0\ARM_GCC_473\Debug\PSoC 4 Pioneer Modbus Slave.a(ModbusUART_UART.o)
 .text.ModbusUART_UartGetByte
                0x00000000       0x68 .\CortexM0\ARM_GCC_473\Debug\PSoC 4 Pioneer Modbus Slave.a(ModbusUART_UART.o)
 .text.ModbusUART_UartPutString
                0x00000000       0x34 .\CortexM0\ARM_GCC_473\Debug\PSoC 4 Pioneer Modbus Slave.a(ModbusUART_UART.o)
 .text.ModbusUART_UartPutCRLF
                0x00000000       0x24 .\CortexM0\ARM_GCC_473\Debug\PSoC 4 Pioneer Modbus Slave.a(ModbusUART_UART.o)
 .text          0x00000000        0x0 .\CortexM0\ARM_GCC_473\Debug\PSoC 4 Pioneer Modbus Slave.a(MessageReceived.o)
 .data          0x00000000        0x0 .\CortexM0\ARM_GCC_473\Debug\PSoC 4 Pioneer Modbus Slave.a(MessageReceived.o)
 .bss           0x00000000        0x0 .\CortexM0\ARM_GCC_473\Debug\PSoC 4 Pioneer Modbus Slave.a(MessageReceived.o)
 .text.MessageReceived_Start
                0x00000000       0x24 .\CortexM0\ARM_GCC_473\Debug\PSoC 4 Pioneer Modbus Slave.a(MessageReceived.o)
 .text.MessageReceived_Stop
                0x00000000       0x18 .\CortexM0\ARM_GCC_473\Debug\PSoC 4 Pioneer Modbus Slave.a(MessageReceived.o)
 .text.MessageReceived_Interrupt
                0x00000000        0x8 .\CortexM0\ARM_GCC_473\Debug\PSoC 4 Pioneer Modbus Slave.a(MessageReceived.o)
 .text.MessageReceived_GetVector
                0x00000000       0x14 .\CortexM0\ARM_GCC_473\Debug\PSoC 4 Pioneer Modbus Slave.a(MessageReceived.o)
 .text.MessageReceived_GetPriority
                0x00000000       0x2c .\CortexM0\ARM_GCC_473\Debug\PSoC 4 Pioneer Modbus Slave.a(MessageReceived.o)
 .text.MessageReceived_GetState
                0x00000000       0x20 .\CortexM0\ARM_GCC_473\Debug\PSoC 4 Pioneer Modbus Slave.a(MessageReceived.o)
 .text.MessageReceived_SetPending
                0x00000000       0x14 .\CortexM0\ARM_GCC_473\Debug\PSoC 4 Pioneer Modbus Slave.a(MessageReceived.o)
 .text.MessageReceived_ClearPending
                0x00000000       0x14 .\CortexM0\ARM_GCC_473\Debug\PSoC 4 Pioneer Modbus Slave.a(MessageReceived.o)
 .text          0x00000000        0x0 .\CortexM0\ARM_GCC_473\Debug\PSoC 4 Pioneer Modbus Slave.a(EndOfMessage.o)
 .data          0x00000000        0x0 .\CortexM0\ARM_GCC_473\Debug\PSoC 4 Pioneer Modbus Slave.a(EndOfMessage.o)
 .bss           0x00000000        0x0 .\CortexM0\ARM_GCC_473\Debug\PSoC 4 Pioneer Modbus Slave.a(EndOfMessage.o)
 .text.EndOfMessage_Start
                0x00000000       0x24 .\CortexM0\ARM_GCC_473\Debug\PSoC 4 Pioneer Modbus Slave.a(EndOfMessage.o)
 .text.EndOfMessage_Interrupt
                0x00000000        0x8 .\CortexM0\ARM_GCC_473\Debug\PSoC 4 Pioneer Modbus Slave.a(EndOfMessage.o)
 .text.EndOfMessage_GetVector
                0x00000000       0x14 .\CortexM0\ARM_GCC_473\Debug\PSoC 4 Pioneer Modbus Slave.a(EndOfMessage.o)
 .text.EndOfMessage_GetPriority
                0x00000000       0x2c .\CortexM0\ARM_GCC_473\Debug\PSoC 4 Pioneer Modbus Slave.a(EndOfMessage.o)
 .text.EndOfMessage_GetState
                0x00000000       0x20 .\CortexM0\ARM_GCC_473\Debug\PSoC 4 Pioneer Modbus Slave.a(EndOfMessage.o)
 .text.EndOfMessage_SetPending
                0x00000000       0x14 .\CortexM0\ARM_GCC_473\Debug\PSoC 4 Pioneer Modbus Slave.a(EndOfMessage.o)
 .text.EndOfMessage_ClearPending
                0x00000000       0x14 .\CortexM0\ARM_GCC_473\Debug\PSoC 4 Pioneer Modbus Slave.a(EndOfMessage.o)
 .text          0x00000000        0x0 .\CortexM0\ARM_GCC_473\Debug\PSoC 4 Pioneer Modbus Slave.a(writeEnable.o)
 .data          0x00000000        0x0 .\CortexM0\ARM_GCC_473\Debug\PSoC 4 Pioneer Modbus Slave.a(writeEnable.o)
 .bss           0x00000000        0x0 .\CortexM0\ARM_GCC_473\Debug\PSoC 4 Pioneer Modbus Slave.a(writeEnable.o)
 .text.writeEnable_SetDriveMode
                0x00000000       0x2c .\CortexM0\ARM_GCC_473\Debug\PSoC 4 Pioneer Modbus Slave.a(writeEnable.o)
 .text.writeEnable_Read
                0x00000000       0x1c .\CortexM0\ARM_GCC_473\Debug\PSoC 4 Pioneer Modbus Slave.a(writeEnable.o)
 .text.writeEnable_ReadDataReg
                0x00000000       0x1c .\CortexM0\ARM_GCC_473\Debug\PSoC 4 Pioneer Modbus Slave.a(writeEnable.o)
 .text.writeEnable_ClearInterrupt
                0x00000000       0x2c .\CortexM0\ARM_GCC_473\Debug\PSoC 4 Pioneer Modbus Slave.a(writeEnable.o)
 .text          0x00000000       0x9c c:/program files (x86)/cypress/psoc creator/3.0/psoc creator/import/gnu_cs/arm/4.7.3/bin/../lib/gcc/arm-none-eabi/4.7.3/armv6-m\libgcc.a(_udivsi3.o)
 .data          0x00000000        0x0 c:/program files (x86)/cypress/psoc creator/3.0/psoc creator/import/gnu_cs/arm/4.7.3/bin/../lib/gcc/arm-none-eabi/4.7.3/armv6-m\libgcc.a(_udivsi3.o)
 .bss           0x00000000        0x0 c:/program files (x86)/cypress/psoc creator/3.0/psoc creator/import/gnu_cs/arm/4.7.3/bin/../lib/gcc/arm-none-eabi/4.7.3/armv6-m\libgcc.a(_udivsi3.o)
 .text          0x00000000       0xc0 c:/program files (x86)/cypress/psoc creator/3.0/psoc creator/import/gnu_cs/arm/4.7.3/bin/../lib/gcc/arm-none-eabi/4.7.3/armv6-m\libgcc.a(_divsi3.o)
 .data          0x00000000        0x0 c:/program files (x86)/cypress/psoc creator/3.0/psoc creator/import/gnu_cs/arm/4.7.3/bin/../lib/gcc/arm-none-eabi/4.7.3/armv6-m\libgcc.a(_divsi3.o)
 .bss           0x00000000        0x0 c:/program files (x86)/cypress/psoc creator/3.0/psoc creator/import/gnu_cs/arm/4.7.3/bin/../lib/gcc/arm-none-eabi/4.7.3/armv6-m\libgcc.a(_divsi3.o)
 .text          0x00000000        0x4 c:/program files (x86)/cypress/psoc creator/3.0/psoc creator/import/gnu_cs/arm/4.7.3/bin/../lib/gcc/arm-none-eabi/4.7.3/armv6-m\libgcc.a(_dvmd_tls.o)
 .data          0x00000000        0x0 c:/program files (x86)/cypress/psoc creator/3.0/psoc creator/import/gnu_cs/arm/4.7.3/bin/../lib/gcc/arm-none-eabi/4.7.3/armv6-m\libgcc.a(_dvmd_tls.o)
 .bss           0x00000000        0x0 c:/program files (x86)/cypress/psoc creator/3.0/psoc creator/import/gnu_cs/arm/4.7.3/bin/../lib/gcc/arm-none-eabi/4.7.3/armv6-m\libgcc.a(_dvmd_tls.o)
 .text          0x00000000        0x0 c:/program files (x86)/cypress/psoc creator/3.0/psoc creator/import/gnu_cs/arm/4.7.3/bin/../lib/gcc/arm-none-eabi/4.7.3/../../../../arm-none-eabi/lib/armv6-m\libc_s.a(lib_a-__atexit2.o)
 .data          0x00000000        0x0 c:/program files (x86)/cypress/psoc creator/3.0/psoc creator/import/gnu_cs/arm/4.7.3/bin/../lib/gcc/arm-none-eabi/4.7.3/../../../../arm-none-eabi/lib/armv6-m\libc_s.a(lib_a-__atexit2.o)
 .bss           0x00000000        0x0 c:/program files (x86)/cypress/psoc creator/3.0/psoc creator/import/gnu_cs/arm/4.7.3/bin/../lib/gcc/arm-none-eabi/4.7.3/../../../../arm-none-eabi/lib/armv6-m\libc_s.a(lib_a-__atexit2.o)
 .text.__register_exitproc
                0x00000000       0x18 c:/program files (x86)/cypress/psoc creator/3.0/psoc creator/import/gnu_cs/arm/4.7.3/bin/../lib/gcc/arm-none-eabi/4.7.3/../../../../arm-none-eabi/lib/armv6-m\libc_s.a(lib_a-__atexit2.o)
 .text          0x00000000        0x0 c:/program files (x86)/cypress/psoc creator/3.0/psoc creator/import/gnu_cs/arm/4.7.3/bin/../lib/gcc/arm-none-eabi/4.7.3/../../../../arm-none-eabi/lib/armv6-m\libc_s.a(lib_a-exit.o)
 .data          0x00000000        0x0 c:/program files (x86)/cypress/psoc creator/3.0/psoc creator/import/gnu_cs/arm/4.7.3/bin/../lib/gcc/arm-none-eabi/4.7.3/../../../../arm-none-eabi/lib/armv6-m\libc_s.a(lib_a-exit.o)
 .bss           0x00000000        0x0 c:/program files (x86)/cypress/psoc creator/3.0/psoc creator/import/gnu_cs/arm/4.7.3/bin/../lib/gcc/arm-none-eabi/4.7.3/../../../../arm-none-eabi/lib/armv6-m\libc_s.a(lib_a-exit.o)
 .text.exit     0x00000000       0x30 c:/program files (x86)/cypress/psoc creator/3.0/psoc creator/import/gnu_cs/arm/4.7.3/bin/../lib/gcc/arm-none-eabi/4.7.3/../../../../arm-none-eabi/lib/armv6-m\libc_s.a(lib_a-exit.o)
 .text          0x00000000        0x0 c:/program files (x86)/cypress/psoc creator/3.0/psoc creator/import/gnu_cs/arm/4.7.3/bin/../lib/gcc/arm-none-eabi/4.7.3/../../../../arm-none-eabi/lib/armv6-m\libc_s.a(lib_a-fini.o)
 .data          0x00000000        0x0 c:/program files (x86)/cypress/psoc creator/3.0/psoc creator/import/gnu_cs/arm/4.7.3/bin/../lib/gcc/arm-none-eabi/4.7.3/../../../../arm-none-eabi/lib/armv6-m\libc_s.a(lib_a-fini.o)
 .bss           0x00000000        0x0 c:/program files (x86)/cypress/psoc creator/3.0/psoc creator/import/gnu_cs/arm/4.7.3/bin/../lib/gcc/arm-none-eabi/4.7.3/../../../../arm-none-eabi/lib/armv6-m\libc_s.a(lib_a-fini.o)
 .text.__libc_fini_array
                0x00000000       0x2c c:/program files (x86)/cypress/psoc creator/3.0/psoc creator/import/gnu_cs/arm/4.7.3/bin/../lib/gcc/arm-none-eabi/4.7.3/../../../../arm-none-eabi/lib/armv6-m\libc_s.a(lib_a-fini.o)
 .text          0x00000000        0x0 c:/program files (x86)/cypress/psoc creator/3.0/psoc creator/import/gnu_cs/arm/4.7.3/bin/../lib/gcc/arm-none-eabi/4.7.3/../../../../arm-none-eabi/lib/armv6-m\libc_s.a(lib_a-impure.o)
 .data          0x00000000        0x0 c:/program files (x86)/cypress/psoc creator/3.0/psoc creator/import/gnu_cs/arm/4.7.3/bin/../lib/gcc/arm-none-eabi/4.7.3/../../../../arm-none-eabi/lib/armv6-m\libc_s.a(lib_a-impure.o)
 .bss           0x00000000        0x0 c:/program files (x86)/cypress/psoc creator/3.0/psoc creator/import/gnu_cs/arm/4.7.3/bin/../lib/gcc/arm-none-eabi/4.7.3/../../../../arm-none-eabi/lib/armv6-m\libc_s.a(lib_a-impure.o)
 .data.impure_data
                0x00000000       0x64 c:/program files (x86)/cypress/psoc creator/3.0/psoc creator/import/gnu_cs/arm/4.7.3/bin/../lib/gcc/arm-none-eabi/4.7.3/../../../../arm-none-eabi/lib/armv6-m\libc_s.a(lib_a-impure.o)
 .data._impure_ptr
                0x00000000        0x4 c:/program files (x86)/cypress/psoc creator/3.0/psoc creator/import/gnu_cs/arm/4.7.3/bin/../lib/gcc/arm-none-eabi/4.7.3/../../../../arm-none-eabi/lib/armv6-m\libc_s.a(lib_a-impure.o)
 .rodata.str1.1
                0x00000000        0x2 c:/program files (x86)/cypress/psoc creator/3.0/psoc creator/import/gnu_cs/arm/4.7.3/bin/../lib/gcc/arm-none-eabi/4.7.3/../../../../arm-none-eabi/lib/armv6-m\libc_s.a(lib_a-impure.o)
 .rodata._global_impure_ptr
                0x00000000        0x4 c:/program files (x86)/cypress/psoc creator/3.0/psoc creator/import/gnu_cs/arm/4.7.3/bin/../lib/gcc/arm-none-eabi/4.7.3/../../../../arm-none-eabi/lib/armv6-m\libc_s.a(lib_a-impure.o)
 .text          0x00000000        0x0 c:/program files (x86)/cypress/psoc creator/3.0/psoc creator/import/gnu_cs/arm/4.7.3/bin/../lib/gcc/arm-none-eabi/4.7.3/../../../../arm-none-eabi/lib/armv6-m\libc_s.a(lib_a-init.o)
 .data          0x00000000        0x0 c:/program files (x86)/cypress/psoc creator/3.0/psoc creator/import/gnu_cs/arm/4.7.3/bin/../lib/gcc/arm-none-eabi/4.7.3/../../../../arm-none-eabi/lib/armv6-m\libc_s.a(lib_a-init.o)
 .bss           0x00000000        0x0 c:/program files (x86)/cypress/psoc creator/3.0/psoc creator/import/gnu_cs/arm/4.7.3/bin/../lib/gcc/arm-none-eabi/4.7.3/../../../../arm-none-eabi/lib/armv6-m\libc_s.a(lib_a-init.o)
 .text          0x00000000        0x0 c:/program files (x86)/cypress/psoc creator/3.0/psoc creator/import/gnu_cs/arm/4.7.3/bin/../lib/gcc/arm-none-eabi/4.7.3/../../../../arm-none-eabi/lib/armv6-m\libc_s.a(lib_a-memcpy.o)
 .data          0x00000000        0x0 c:/program files (x86)/cypress/psoc creator/3.0/psoc creator/import/gnu_cs/arm/4.7.3/bin/../lib/gcc/arm-none-eabi/4.7.3/../../../../arm-none-eabi/lib/armv6-m\libc_s.a(lib_a-memcpy.o)
 .bss           0x00000000        0x0 c:/program files (x86)/cypress/psoc creator/3.0/psoc creator/import/gnu_cs/arm/4.7.3/bin/../lib/gcc/arm-none-eabi/4.7.3/../../../../arm-none-eabi/lib/armv6-m\libc_s.a(lib_a-memcpy.o)
 .text.memcpy   0x00000000       0x12 c:/program files (x86)/cypress/psoc creator/3.0/psoc creator/import/gnu_cs/arm/4.7.3/bin/../lib/gcc/arm-none-eabi/4.7.3/../../../../arm-none-eabi/lib/armv6-m\libc_s.a(lib_a-memcpy.o)
 .text          0x00000000        0x0 c:/program files (x86)/cypress/psoc creator/3.0/psoc creator/import/gnu_cs/arm/4.7.3/bin/../lib/gcc/arm-none-eabi/4.7.3/../../../../arm-none-eabi/lib/armv6-m\libc_s.a(lib_a-memset.o)
 .data          0x00000000        0x0 c:/program files (x86)/cypress/psoc creator/3.0/psoc creator/import/gnu_cs/arm/4.7.3/bin/../lib/gcc/arm-none-eabi/4.7.3/../../../../arm-none-eabi/lib/armv6-m\libc_s.a(lib_a-memset.o)
 .bss           0x00000000        0x0 c:/program files (x86)/cypress/psoc creator/3.0/psoc creator/import/gnu_cs/arm/4.7.3/bin/../lib/gcc/arm-none-eabi/4.7.3/../../../../arm-none-eabi/lib/armv6-m\libc_s.a(lib_a-memset.o)
 .text          0x00000000        0x0 c:/program files (x86)/cypress/psoc creator/3.0/psoc creator/import/gnu_cs/arm/4.7.3/bin/../lib/gcc/arm-none-eabi/4.7.3/armv6-m/crtend.o
 .data          0x00000000        0x0 c:/program files (x86)/cypress/psoc creator/3.0/psoc creator/import/gnu_cs/arm/4.7.3/bin/../lib/gcc/arm-none-eabi/4.7.3/armv6-m/crtend.o
 .bss           0x00000000        0x0 c:/program files (x86)/cypress/psoc creator/3.0/psoc creator/import/gnu_cs/arm/4.7.3/bin/../lib/gcc/arm-none-eabi/4.7.3/armv6-m/crtend.o
 .text          0x00000000        0x0 c:/program files (x86)/cypress/psoc creator/3.0/psoc creator/import/gnu_cs/arm/4.7.3/bin/../lib/gcc/arm-none-eabi/4.7.3/armv6-m/crtn.o
 .data          0x00000000        0x0 c:/program files (x86)/cypress/psoc creator/3.0/psoc creator/import/gnu_cs/arm/4.7.3/bin/../lib/gcc/arm-none-eabi/4.7.3/armv6-m/crtn.o
 .bss           0x00000000        0x0 c:/program files (x86)/cypress/psoc creator/3.0/psoc creator/import/gnu_cs/arm/4.7.3/bin/../lib/gcc/arm-none-eabi/4.7.3/armv6-m/crtn.o

Memory Configuration

Name             Origin             Length             Attributes
rom              0x00000000         0x00008000         xr
ram              0x20000000         0x00001000         xrw
*default*        0x00000000         0xffffffff

Linker script and memory map

LOAD c:/program files (x86)/cypress/psoc creator/3.0/psoc creator/import/gnu_cs/arm/4.7.3/bin/../lib/gcc/arm-none-eabi/4.7.3/armv6-m/crti.o
LOAD c:/program files (x86)/cypress/psoc creator/3.0/psoc creator/import/gnu_cs/arm/4.7.3/bin/../lib/gcc/arm-none-eabi/4.7.3/armv6-m/crtbegin.o
LOAD c:/program files (x86)/cypress/psoc creator/3.0/psoc creator/import/gnu_cs/arm/4.7.3/bin/../lib/gcc/arm-none-eabi/4.7.3/../../../../arm-none-eabi/lib/armv6-m/crt0.o
START GROUP
LOAD .\CortexM0\ARM_GCC_473\Debug\main.o
LOAD .\CortexM0\ARM_GCC_473\Debug\interrupts.o
LOAD .\CortexM0\ARM_GCC_473\Debug\Modbus.o
LOAD .\CortexM0\ARM_GCC_473\Debug\cymetadata.o
LOAD .\CortexM0\ARM_GCC_473\Debug\Cm0Start.o
LOAD .\CortexM0\ARM_GCC_473\Debug\PSoC 4 Pioneer Modbus Slave.a
LOAD C:\Program Files (x86)\Cypress\PSoC Creator\3.0\PSoC Creator\psoc\content\cycomponentlibrary\CyComponentLibrary.cylib\CortexM0\ARM_GCC_473\Debug\CyComponentLibrary.a
END GROUP
START GROUP
LOAD c:/program files (x86)/cypress/psoc creator/3.0/psoc creator/import/gnu_cs/arm/4.7.3/bin/../lib/gcc/arm-none-eabi/4.7.3/armv6-m\libgcc.a
LOAD c:/program files (x86)/cypress/psoc creator/3.0/psoc creator/import/gnu_cs/arm/4.7.3/bin/../lib/gcc/arm-none-eabi/4.7.3/../../../../arm-none-eabi/lib/armv6-m\libc_s.a
END GROUP
LOAD c:/program files (x86)/cypress/psoc creator/3.0/psoc creator/import/gnu_cs/arm/4.7.3/bin/../lib/gcc/arm-none-eabi/4.7.3/armv6-m/crtend.o
LOAD c:/program files (x86)/cypress/psoc creator/3.0/psoc creator/import/gnu_cs/arm/4.7.3/bin/../lib/gcc/arm-none-eabi/4.7.3/armv6-m/crtn.o
START GROUP
LOAD c:/program files (x86)/cypress/psoc creator/3.0/psoc creator/import/gnu_cs/arm/4.7.3/bin/../lib/gcc/arm-none-eabi/4.7.3/armv6-m\libgcc.a
LOAD c:/program files (x86)/cypress/psoc creator/3.0/psoc creator/import/gnu_cs/arm/4.7.3/bin/../lib/gcc/arm-none-eabi/4.7.3/../../../../arm-none-eabi/lib/armv6-m\libc.a
LOAD c:/program files (x86)/cypress/psoc creator/3.0/psoc creator/import/gnu_cs/arm/4.7.3/bin/../lib/gcc/arm-none-eabi/4.7.3/../../../../arm-none-eabi/lib/armv6-m\libnosys.a
END GROUP
                0x00000000                CY_APPL_ORIGIN = 0x0
                0x00000080                CY_FLASH_ROW_SIZE = 0x80
                0x00000001                CY_APPL_NUM = 0x1
                0x00000040                CY_METADATA_SIZE = 0x40
                0x20000318                PROVIDE (__cy_heap_start, _end)
                0x00000001                PROVIDE (__cy_region_num, ((__cy_regions_end - __cy_regions) / 0x10))
                0x20001000                PROVIDE (__cy_stack, (ORIGIN (ram) + 0x1000))
                0x20000c00                PROVIDE (__cy_heap_end, (__cy_stack - 0x400))

.cybootloader   0x00000000        0x0
 *(.cybootloader)
                0x00000000                appl1_start = CY_APPL_ORIGIN?CY_APPL_ORIGIN:ALIGN (CY_FLASH_ROW_SIZE)
                0x00003f80                appl2_start = (appl1_start + ALIGN ((((0x8000 - appl1_start) - (0x2 * CY_FLASH_ROW_SIZE)) / 0x2), CY_FLASH_ROW_SIZE))
                0x00000000                appl_start = (CY_APPL_NUM == 0x1)?appl1_start:appl2_start

.text           0x00000000     0x1cd6
 CREATE_OBJECT_SYMBOLS
                0x00000000                PROVIDE (__cy_interrupt_vector, RomVectors)
 *(.romvectors)
 .romvectors    0x00000000       0x10 .\CortexM0\ARM_GCC_473\Debug\Cm0Start.o
                0x00000000                RomVectors
                0x00000001                ASSERT ((. != __cy_interrupt_vector), No interrupt vector)
                0x00000001                ASSERT (CY_APPL_ORIGIN?(SIZEOF (.cybootloader) <= CY_APPL_ORIGIN):0x1, Wrong image location)
                0x00000010                PROVIDE (__cy_reset, Reset)
 *(.text.Reset)
 .text.Reset    0x00000010        0x8 .\CortexM0\ARM_GCC_473\Debug\Cm0Start.o
                0x00000010                Reset
                0x00000001                ASSERT ((. != __cy_reset), No reset code)
 *(.psocinit)
 .psocinit      0x00000018      0x280 .\CortexM0\ARM_GCC_473\Debug\PSoC 4 Pioneer Modbus Slave.a(cyfitter_cfg.o)
                0x00000174                cyfitter_cfg
                0x00000298                . = MAX (., 0x100)
 *(.text .text.* .gnu.linkonce.t.*)
 .text          0x00000298       0x60 c:/program files (x86)/cypress/psoc creator/3.0/psoc creator/import/gnu_cs/arm/4.7.3/bin/../lib/gcc/arm-none-eabi/4.7.3/armv6-m/crtbegin.o
 .text.main     0x000002f8       0x44 .\CortexM0\ARM_GCC_473\Debug\main.o
                0x000002f8                main
 .text.messageReceived_isr
                0x0000033c       0x30 .\CortexM0\ARM_GCC_473\Debug\interrupts.o
                0x0000033c                messageReceived_isr
 .text.endOfMessage_isr
                0x0000036c       0x30 .\CortexM0\ARM_GCC_473\Debug\interrupts.o
                0x0000036c                endOfMessage_isr
 .text.decodeMessage
                0x0000039c       0xd8 .\CortexM0\ARM_GCC_473\Debug\Modbus.o
                0x0000039c                decodeMessage
 .text.checkIfEndOfMessage
                0x00000474       0xfc .\CortexM0\ARM_GCC_473\Debug\Modbus.o
                0x00000474                checkIfEndOfMessage
 .text.processMessage
                0x00000570       0x98 .\CortexM0\ARM_GCC_473\Debug\Modbus.o
                0x00000570                processMessage
 .text.readCoil
                0x00000608      0x298 .\CortexM0\ARM_GCC_473\Debug\Modbus.o
                0x00000608                readCoil
 .text.readInputCoil
                0x000008a0      0x298 .\CortexM0\ARM_GCC_473\Debug\Modbus.o
                0x000008a0                readInputCoil
 .text.readInputReg
                0x00000b38      0x1a8 .\CortexM0\ARM_GCC_473\Debug\Modbus.o
                0x00000b38                readInputReg
 .text.readReg  0x00000ce0      0x1ac .\CortexM0\ARM_GCC_473\Debug\Modbus.o
                0x00000ce0                readReg
 .text.writeReg
                0x00000e8c      0x100 .\CortexM0\ARM_GCC_473\Debug\Modbus.o
                0x00000e8c                writeReg
 .text.writeMultipleRegs
                0x00000f8c      0x184 .\CortexM0\ARM_GCC_473\Debug\Modbus.o
                0x00000f8c                writeMultipleRegs
 .text.writeCoil
                0x00001110      0x110 .\CortexM0\ARM_GCC_473\Debug\Modbus.o
                0x00001110                writeCoil
 .text.writeMultipleCoils
                0x00001220      0x264 .\CortexM0\ARM_GCC_473\Debug\Modbus.o
                0x00001220                writeMultipleCoils
 .text.generateCRC
                0x00001484       0xac .\CortexM0\ARM_GCC_473\Debug\Modbus.o
                0x00001484                generateCRC
 .text.checkCRC
                0x00001530       0xc0 .\CortexM0\ARM_GCC_473\Debug\Modbus.o
                0x00001530                checkCRC
 .text.responseFinished
                0x000015f0       0x40 .\CortexM0\ARM_GCC_473\Debug\Modbus.o
                0x000015f0                responseFinished
 .text.IntDefaultHandler
                0x00001630        0x8 .\CortexM0\ARM_GCC_473\Debug\Cm0Start.o
                0x00001630                IntDefaultHandler
 .text.Start_c  0x00001638       0xa4 .\CortexM0\ARM_GCC_473\Debug\Cm0Start.o
                0x00001638                Start_c
 .text.initialize_psoc
                0x000016dc       0x5c .\CortexM0\ARM_GCC_473\Debug\Cm0Start.o
                0x000016dc                initialize_psoc
 .text.CYMEMZERO
                0x00001738       0x20 .\CortexM0\ARM_GCC_473\Debug\PSoC 4 Pioneer Modbus Slave.a(cyfitter_cfg.o)
 .text.AnalogSetDefault
                0x00001758        0x8 .\CortexM0\ARM_GCC_473\Debug\PSoC 4 Pioneer Modbus Slave.a(cyfitter_cfg.o)
 .text          0x00001760       0x20 .\CortexM0\ARM_GCC_473\Debug\PSoC 4 Pioneer Modbus Slave.a(CyBootAsmGnu.o)
                0x00001760                CyDelayCycles
                0x00001772                CyEnterCriticalSection
                0x0000177a                CyExitCriticalSection
 .text.CyDelayUs
                0x00001780       0x28 .\CortexM0\ARM_GCC_473\Debug\PSoC 4 Pioneer Modbus Slave.a(CyLib.o)
                0x00001780                CyDelayUs
 .text.MessageTimer_Init
                0x000017a8       0x2c .\CortexM0\ARM_GCC_473\Debug\PSoC 4 Pioneer Modbus Slave.a(MessageTimer.o)
                0x000017a8                MessageTimer_Init
 .text.MessageTimer_Enable
                0x000017d4       0x38 .\CortexM0\ARM_GCC_473\Debug\PSoC 4 Pioneer Modbus Slave.a(MessageTimer.o)
                0x000017d4                MessageTimer_Enable
 .text.MessageTimer_Start
                0x0000180c       0x24 .\CortexM0\ARM_GCC_473\Debug\PSoC 4 Pioneer Modbus Slave.a(MessageTimer.o)
                0x0000180c                MessageTimer_Start
 .text.MessageTimer_Stop
                0x00001830       0x30 .\CortexM0\ARM_GCC_473\Debug\PSoC 4 Pioneer Modbus Slave.a(MessageTimer.o)
                0x00001830                MessageTimer_Stop
 .text.MessageTimer_WritePeriod
                0x00001860       0x1c .\CortexM0\ARM_GCC_473\Debug\PSoC 4 Pioneer Modbus Slave.a(MessageTimer.o)
                0x00001860                MessageTimer_WritePeriod
 .text.MessageTimer_TriggerCommand
                0x0000187c       0x3c .\CortexM0\ARM_GCC_473\Debug\PSoC 4 Pioneer Modbus Slave.a(MessageTimer.o)
                0x0000187c                MessageTimer_TriggerCommand
 .text.MessageTimer_SetInterruptMode
                0x000018b8       0x18 .\CortexM0\ARM_GCC_473\Debug\PSoC 4 Pioneer Modbus Slave.a(MessageTimer.o)
                0x000018b8                MessageTimer_SetInterruptMode
 .text.MessageTimer_GetInterruptSource
                0x000018d0       0x14 .\CortexM0\ARM_GCC_473\Debug\PSoC 4 Pioneer Modbus Slave.a(MessageTimer.o)
                0x000018d0                MessageTimer_GetInterruptSource
 .text.MessageTimer_ClearInterrupt
                0x000018e4       0x18 .\CortexM0\ARM_GCC_473\Debug\PSoC 4 Pioneer Modbus Slave.a(MessageTimer.o)
                0x000018e4                MessageTimer_ClearInterrupt
 .text.ModbusUART_Init
                0x000018fc        0xc .\CortexM0\ARM_GCC_473\Debug\PSoC 4 Pioneer Modbus Slave.a(ModbusUART.o)
                0x000018fc                ModbusUART_Init
 .text.ModbusUART_Enable
                0x00001908       0x20 .\CortexM0\ARM_GCC_473\Debug\PSoC 4 Pioneer Modbus Slave.a(ModbusUART.o)
                0x00001908                ModbusUART_Enable
 .text.ModbusUART_Start
                0x00001928       0x24 .\CortexM0\ARM_GCC_473\Debug\PSoC 4 Pioneer Modbus Slave.a(ModbusUART.o)
                0x00001928                ModbusUART_Start
 .text.ModbusUART_ScbEnableIntr
                0x0000194c        0x8 .\CortexM0\ARM_GCC_473\Debug\PSoC 4 Pioneer Modbus Slave.a(ModbusUART.o)
 .text.ModbusUART_SpiUartReadRxData
                0x00001954       0x20 .\CortexM0\ARM_GCC_473\Debug\PSoC 4 Pioneer Modbus Slave.a(ModbusUART_SPI_UART.o)
                0x00001954                ModbusUART_SpiUartReadRxData
 .text.ModbusUART_SpiUartGetRxBufferSize
                0x00001974       0x20 .\CortexM0\ARM_GCC_473\Debug\PSoC 4 Pioneer Modbus Slave.a(ModbusUART_SPI_UART.o)
                0x00001974                ModbusUART_SpiUartGetRxBufferSize
 .text.ModbusUART_SpiUartWriteTxData
                0x00001994       0x2c .\CortexM0\ARM_GCC_473\Debug\PSoC 4 Pioneer Modbus Slave.a(ModbusUART_SPI_UART.o)
                0x00001994                ModbusUART_SpiUartWriteTxData
 .text.ModbusUART_UartInit
                0x000019c0       0xac .\CortexM0\ARM_GCC_473\Debug\PSoC 4 Pioneer Modbus Slave.a(ModbusUART_UART.o)
                0x000019c0                ModbusUART_UartInit
 .text.ModbusUART_UartGetChar
                0x00001a6c       0x44 .\CortexM0\ARM_GCC_473\Debug\PSoC 4 Pioneer Modbus Slave.a(ModbusUART_UART.o)
                0x00001a6c                ModbusUART_UartGetChar
 .text.MessageReceived_StartEx
                0x00001ab0       0x24 .\CortexM0\ARM_GCC_473\Debug\PSoC 4 Pioneer Modbus Slave.a(MessageReceived.o)
                0x00001ab0                MessageReceived_StartEx
 .text.MessageReceived_SetVector
                0x00001ad4       0x18 .\CortexM0\ARM_GCC_473\Debug\PSoC 4 Pioneer Modbus Slave.a(MessageReceived.o)
                0x00001ad4                MessageReceived_SetVector
 .text.MessageReceived_SetPriority
                0x00001aec       0x4c .\CortexM0\ARM_GCC_473\Debug\PSoC 4 Pioneer Modbus Slave.a(MessageReceived.o)
                0x00001aec                MessageReceived_SetPriority
 .text.MessageReceived_Enable
                0x00001b38       0x14 .\CortexM0\ARM_GCC_473\Debug\PSoC 4 Pioneer Modbus Slave.a(MessageReceived.o)
                0x00001b38                MessageReceived_Enable
 .text.MessageReceived_Disable
                0x00001b4c       0x14 .\CortexM0\ARM_GCC_473\Debug\PSoC 4 Pioneer Modbus Slave.a(MessageReceived.o)
                0x00001b4c                MessageReceived_Disable
 .text.EndOfMessage_StartEx
                0x00001b60       0x24 .\CortexM0\ARM_GCC_473\Debug\PSoC 4 Pioneer Modbus Slave.a(EndOfMessage.o)
                0x00001b60                EndOfMessage_StartEx
 .text.EndOfMessage_Stop
                0x00001b84       0x18 .\CortexM0\ARM_GCC_473\Debug\PSoC 4 Pioneer Modbus Slave.a(EndOfMessage.o)
                0x00001b84                EndOfMessage_Stop
 .text.EndOfMessage_SetVector
                0x00001b9c       0x1c .\CortexM0\ARM_GCC_473\Debug\PSoC 4 Pioneer Modbus Slave.a(EndOfMessage.o)
                0x00001b9c                EndOfMessage_SetVector
 .text.EndOfMessage_SetPriority
                0x00001bb8       0x50 .\CortexM0\ARM_GCC_473\Debug\PSoC 4 Pioneer Modbus Slave.a(EndOfMessage.o)
                0x00001bb8                EndOfMessage_SetPriority
 .text.EndOfMessage_Enable
                0x00001c08       0x14 .\CortexM0\ARM_GCC_473\Debug\PSoC 4 Pioneer Modbus Slave.a(EndOfMessage.o)
                0x00001c08                EndOfMessage_Enable
 .text.EndOfMessage_Disable
                0x00001c1c       0x14 .\CortexM0\ARM_GCC_473\Debug\PSoC 4 Pioneer Modbus Slave.a(EndOfMessage.o)
                0x00001c1c                EndOfMessage_Disable
 .text.writeEnable_Write
                0x00001c30       0x48 .\CortexM0\ARM_GCC_473\Debug\PSoC 4 Pioneer Modbus Slave.a(writeEnable.o)
                0x00001c30                writeEnable_Write
 .text.__libc_init_array
                0x00001c78       0x4c c:/program files (x86)/cypress/psoc creator/3.0/psoc creator/import/gnu_cs/arm/4.7.3/bin/../lib/gcc/arm-none-eabi/4.7.3/../../../../arm-none-eabi/lib/armv6-m\libc_s.a(lib_a-init.o)
                0x00001c78                __libc_init_array
 .text.memset   0x00001cc4       0x12 c:/program files (x86)/cypress/psoc creator/3.0/psoc creator/import/gnu_cs/arm/4.7.3/bin/../lib/gcc/arm-none-eabi/4.7.3/../../../../arm-none-eabi/lib/armv6-m\libc_s.a(lib_a-memset.o)
                0x00001cc4                memset
 *(.plt)
 *(.gnu.warning)
 *(.glue_7t)
 .glue_7t       0x00000000        0x0 linker stubs
 *(.glue_7)
 .glue_7        0x00000000        0x0 linker stubs
 *(.vfp11_veneer)
 .vfp11_veneer  0x00000000        0x0 linker stubs
 *(.bootloader)
 *(.ARM.extab* .gnu.linkonce.armextab.*)
 *(.gcc_except_table)

.v4_bx          0x00001cd8        0x0
 .v4_bx         0x00000000        0x0 linker stubs

.iplt           0x00001cd8        0x0
 .iplt          0x00000000        0x0 c:/program files (x86)/cypress/psoc creator/3.0/psoc creator/import/gnu_cs/arm/4.7.3/bin/../lib/gcc/arm-none-eabi/4.7.3/armv6-m/crtbegin.o

.eh_frame_hdr
 *(.eh_frame_hdr)

.eh_frame       0x00001cd8        0x4
 *(.eh_frame)
 .eh_frame      0x00001cd8        0x0 c:/program files (x86)/cypress/psoc creator/3.0/psoc creator/import/gnu_cs/arm/4.7.3/bin/../lib/gcc/arm-none-eabi/4.7.3/armv6-m/crtbegin.o
 .eh_frame      0x00001cd8        0x4 c:/program files (x86)/cypress/psoc creator/3.0/psoc creator/import/gnu_cs/arm/4.7.3/bin/../lib/gcc/arm-none-eabi/4.7.3/armv6-m/crtend.o
                0x00001cdc                PROVIDE (__exidx_start, .)

.ARM.exidx
 *(.ARM.exidx* .gnu.linkonce.armexidx.*)
                0x00001cdc                __exidx_end = .

.rodata         0x00001cdc       0x44
 *(.rodata .rodata.* .gnu.linkonce.r.*)
 .rodata        0x00001cdc       0x10 .\CortexM0\ARM_GCC_473\Debug\PSoC 4 Pioneer Modbus Slave.a(cyfitter_cfg.o)
                0x00001cec                . = ALIGN (0x4)
 *(.init)
 .init          0x00001cec        0x4 c:/program files (x86)/cypress/psoc creator/3.0/psoc creator/import/gnu_cs/arm/4.7.3/bin/../lib/gcc/arm-none-eabi/4.7.3/armv6-m/crti.o
                0x00001cec                _init
 .init          0x00001cf0        0x8 c:/program files (x86)/cypress/psoc creator/3.0/psoc creator/import/gnu_cs/arm/4.7.3/bin/../lib/gcc/arm-none-eabi/4.7.3/armv6-m/crtn.o
                0x00001cf8                . = ALIGN (0x4)
                0x00001cf8                __preinit_array_start = .
 *(.preinit_array)
                0x00001cf8                __preinit_array_end = .
                0x00001cf8                . = ALIGN (0x4)
                0x00001cf8                __init_array_start = .
 *(SORT(.init_array.*))
 *(.init_array)
 .init_array    0x00001cf8        0x4 c:/program files (x86)/cypress/psoc creator/3.0/psoc creator/import/gnu_cs/arm/4.7.3/bin/../lib/gcc/arm-none-eabi/4.7.3/armv6-m/crtbegin.o
 .init_array    0x00001cfc        0x4 .\CortexM0\ARM_GCC_473\Debug\Cm0Start.o
                0x00001d00                __init_array_end = .
                0x00001d00                . = ALIGN (0x4)
 *(.fini)
 .fini          0x00001d00        0x4 c:/program files (x86)/cypress/psoc creator/3.0/psoc creator/import/gnu_cs/arm/4.7.3/bin/../lib/gcc/arm-none-eabi/4.7.3/armv6-m/crti.o
                0x00001d00                _fini
 .fini          0x00001d04        0x8 c:/program files (x86)/cypress/psoc creator/3.0/psoc creator/import/gnu_cs/arm/4.7.3/bin/../lib/gcc/arm-none-eabi/4.7.3/armv6-m/crtn.o
                0x00001d0c                . = ALIGN (0x4)
                0x00001d0c                __fini_array_start = .
 *(.fini_array)
 .fini_array    0x00001d0c        0x4 c:/program files (x86)/cypress/psoc creator/3.0/psoc creator/import/gnu_cs/arm/4.7.3/bin/../lib/gcc/arm-none-eabi/4.7.3/armv6-m/crtbegin.o
 *(SORT(.fini_array.*))
                0x00001d10                __fini_array_end = .
                0x00001d10                . = ALIGN (0x4)
 *crtbegin.o(.ctors)
 *(EXCLUDE_FILE(*crtend.o) .ctors)
 *(SORT(.ctors.*))
 *crtend.o(.ctors)
                0x00001d10                . = ALIGN (0x4)
 *crtbegin.o(.dtors)
 *(EXCLUDE_FILE(*crtend.o) .dtors)
 *(SORT(.dtors.*))
 *crtend.o(.dtors)
                0x00001d10                . = ALIGN (0x4)
                0x00001d10                __cy_regions = .
                0x00001d10        0x4 LONG 0x1d20 __cy_region_init_ram
                0x00001d14        0x4 LONG 0x200000c8 __cy_region_start_data
                0x00001d18        0x4 LONG 0x20 __cy_region_init_size_ram
                0x00001d1c        0x4 LONG 0x230 __cy_region_zero_size_ram
                0x00001d20                __cy_regions_end = .
                0x00001d20                . = ALIGN (0x8)
                0x00001d20                _etext = .

.ramvectors     0x20000000       0xc0
                0x20000000                __cy_region_start_ram = .
 *(.ramvectors)
 .ramvectors    0x20000000       0xc0 .\CortexM0\ARM_GCC_473\Debug\Cm0Start.o
                0x20000000                CyRamVectors

.noinit         0x200000c0        0x4
 *(.noinit)
 .noinit        0x200000c0        0x4 .\CortexM0\ARM_GCC_473\Debug\Cm0Start.o

.data           0x200000c8       0x20 load address 0x00001d20
                0x200000c8                __cy_region_start_data = .
 *(.jcr)
 .jcr           0x200000c8        0x0 c:/program files (x86)/cypress/psoc creator/3.0/psoc creator/import/gnu_cs/arm/4.7.3/bin/../lib/gcc/arm-none-eabi/4.7.3/armv6-m/crtbegin.o
 .jcr           0x200000c8        0x4 c:/program files (x86)/cypress/psoc creator/3.0/psoc creator/import/gnu_cs/arm/4.7.3/bin/../lib/gcc/arm-none-eabi/4.7.3/armv6-m/crtend.o
 *(.got.plt)
 *(.got)
 *(.shdata)
 *(.data .data.* .gnu.linkonce.d.*)
 .data          0x200000cc        0x1 .\CortexM0\ARM_GCC_473\Debug\Modbus.o
                0x200000cc                newMessage
 *fill*         0x200000cd        0x3 00
 .data          0x200000d0        0x4 .\CortexM0\ARM_GCC_473\Debug\PSoC 4 Pioneer Modbus Slave.a(cyfitter_cfg.o)
 .data          0x200000d4       0x10 .\CortexM0\ARM_GCC_473\Debug\PSoC 4 Pioneer Modbus Slave.a(CyLib.o)
                0x200000d4                cydelayFreqHz
                0x200000d8                cydelayFreqKhz
                0x200000dc                cydelayFreqMhz
                0x200000e0                cydelay32kMs
                0x200000e8                . = ALIGN (0x8)
 *fill*         0x200000e4        0x4 00
 *(.ram)
                0x200000e8                _edata = .

.igot.plt       0x200000e8        0x0 load address 0x00001d40
 .igot.plt      0x00000000        0x0 c:/program files (x86)/cypress/psoc creator/3.0/psoc creator/import/gnu_cs/arm/4.7.3/bin/../lib/gcc/arm-none-eabi/4.7.3/armv6-m/crtbegin.o

.bss            0x200000e8      0x230 load address 0x00001d40
                0x200000e8                PROVIDE (__bss_start__, .)
 *(.shbss)
 *(.bss .bss.* .gnu.linkonce.b.*)
 .bss           0x200000e8       0x1c c:/program files (x86)/cypress/psoc creator/3.0/psoc creator/import/gnu_cs/arm/4.7.3/bin/../lib/gcc/arm-none-eabi/4.7.3/armv6-m/crtbegin.o
 .bss           0x20000104        0xb .\CortexM0\ARM_GCC_473\Debug\Modbus.o
                0x20000104                middleOfMessage
                0x20000105                z
                0x20000106                messageLengthNotChanged
                0x20000107                messageLength
                0x20000108                oldMessageLength
                0x20000109                timerCount
                0x2000010a                middleMessageCount
                0x2000010b                newMessageCount
                0x2000010c                oldPin
                0x2000010d                modbusMessage
                0x2000010e                turnLineAround
 .bss           0x2000010f        0x1 .\CortexM0\ARM_GCC_473\Debug\PSoC 4 Pioneer Modbus Slave.a(MessageTimer.o)
                0x2000010f                MessageTimer_initVar
 .bss           0x20000110        0x8 .\CortexM0\ARM_GCC_473\Debug\PSoC 4 Pioneer Modbus Slave.a(ModbusUART.o)
                0x20000110                ModbusUART_initVar
                0x20000114                ModbusUART_customIntrHandler
 *(COMMON)
 COMMON         0x20000118        0x2 .\CortexM0\ARM_GCC_473\Debug\interrupts.o
                0x20000118                messageTimerFlag
                0x20000119                messageReceivedFlag
 *fill*         0x2000011a        0x2 00
 COMMON         0x2000011c      0x1f9 .\CortexM0\ARM_GCC_473\Debug\Modbus.o
                0x2000011c                response
                0x2000019c                coils
                0x200001d0                holdingReg
                0x20000298                received
                0x20000318                . = ALIGN (0x8)
 *fill*         0x20000315        0x3 00
 *(.ram.b)
                0x20000318                _end = .
                0x20000318                __end = .
                0x20000318                PROVIDE (end, .)
                0x20000318                PROVIDE (__bss_end__, .)
                0x00001d20                __cy_region_init_ram = LOADADDR (.data)
                0x00000020                __cy_region_init_size_ram = (_edata - ADDR (.data))
                0x00000230                __cy_region_zero_size_ram = (_end - _edata)

.heap           0x20000318      0x100 load address 0x00001d40
                0x20000318                . = _end
                0x20000418                . = (. + 0x100)
 *fill*         0x20000318      0x100 00
                0x20000418                __cy_heap_limit = .

.stack          0x20000c00      0x400
                0x20000c00                __cy_stack_limit = .
                0x20001000                . = (. + 0x400)
 *fill*         0x20000c00      0x400 00
                0x00000001                ASSERT ((__cy_stack_limit >= __cy_heap_limit), region RAM overflowed with stack)

.cyloadermeta
 *(.cyloadermeta)

.cyloadablemeta
 *(.cyloadablemeta)

.cyflashprotect
                0x90400000       0x20
 *(.cyflashprotect)
 .cyflashprotect
                0x90400000       0x20 .\CortexM0\ARM_GCC_473\Debug\cymetadata.o
                0x90400000                cy_meta_flashprotect

.cymeta         0x90500000        0xc
 *(.cymeta)
 .cymeta        0x90500000        0xc .\CortexM0\ARM_GCC_473\Debug\cymetadata.o
                0x90500000                cy_metadata

.cychipprotect  0x90600000        0x4
 *(.cychipprotect)
 .cychipprotect
                0x90600000        0x4 .\CortexM0\ARM_GCC_473\Debug\cymetadata.o
                0x90600000                cy_meta_chipprotect

.rel.dyn        0x00001d40        0x0 load address 0x90600004
 .rel.iplt      0x00000000        0x0 c:/program files (x86)/cypress/psoc creator/3.0/psoc creator/import/gnu_cs/arm/4.7.3/bin/../lib/gcc/arm-none-eabi/4.7.3/armv6-m/crtbegin.o

.stab
 *(.stab)

.stabstr
 *(.stabstr)

.debug
 *(.debug)

.line
 *(.line)

.debug_srcinfo
 *(.debug_srcinfo)

.debug_sfnames
 *(.debug_sfnames)

.debug_aranges  0x00000000      0x6c8
 *(.debug_aranges)
 .debug_aranges
                0x00000000       0x20 .\CortexM0\ARM_GCC_473\Debug\main.o
 .debug_aranges
                0x00000020       0x28 .\CortexM0\ARM_GCC_473\Debug\interrupts.o
 .debug_aranges
                0x00000048       0x88 .\CortexM0\ARM_GCC_473\Debug\Modbus.o
 .debug_aranges
                0x000000d0       0x18 .\CortexM0\ARM_GCC_473\Debug\cymetadata.o
 .debug_aranges
                0x000000e8       0x40 .\CortexM0\ARM_GCC_473\Debug\Cm0Start.o
 .debug_aranges
                0x00000128       0x50 .\CortexM0\ARM_GCC_473\Debug\PSoC 4 Pioneer Modbus Slave.a(cyfitter_cfg.o)
 .debug_aranges
                0x00000178       0x20 .\CortexM0\ARM_GCC_473\Debug\PSoC 4 Pioneer Modbus Slave.a(CyBootAsmGnu.o)
 .debug_aranges
                0x00000198      0x198 .\CortexM0\ARM_GCC_473\Debug\PSoC 4 Pioneer Modbus Slave.a(CyLib.o)
 .debug_aranges
                0x00000330      0x158 .\CortexM0\ARM_GCC_473\Debug\PSoC 4 Pioneer Modbus Slave.a(MessageTimer.o)
 .debug_aranges
                0x00000488       0x50 .\CortexM0\ARM_GCC_473\Debug\PSoC 4 Pioneer Modbus Slave.a(ModbusUART.o)
 .debug_aranges
                0x000004d8       0x60 .\CortexM0\ARM_GCC_473\Debug\PSoC 4 Pioneer Modbus Slave.a(ModbusUART_SPI_UART.o)
 .debug_aranges
                0x00000538       0x50 .\CortexM0\ARM_GCC_473\Debug\PSoC 4 Pioneer Modbus Slave.a(ModbusUART_UART.o)
 .debug_aranges
                0x00000588       0x80 .\CortexM0\ARM_GCC_473\Debug\PSoC 4 Pioneer Modbus Slave.a(MessageReceived.o)
 .debug_aranges
                0x00000608       0x80 .\CortexM0\ARM_GCC_473\Debug\PSoC 4 Pioneer Modbus Slave.a(EndOfMessage.o)
 .debug_aranges
                0x00000688       0x40 .\CortexM0\ARM_GCC_473\Debug\PSoC 4 Pioneer Modbus Slave.a(writeEnable.o)

.debug_pubnames
 *(.debug_pubnames)

.debug_info     0x00000000     0x30ae
 *(.debug_info .gnu.linkonce.wi.*)
 .debug_info    0x00000000       0xda .\CortexM0\ARM_GCC_473\Debug\main.o
 .debug_info    0x000000da      0x12d .\CortexM0\ARM_GCC_473\Debug\interrupts.o
 .debug_info    0x00000207      0x819 .\CortexM0\ARM_GCC_473\Debug\Modbus.o
 .debug_info    0x00000a20      0x100 .\CortexM0\ARM_GCC_473\Debug\cymetadata.o
 .debug_info    0x00000b20      0x2be .\CortexM0\ARM_GCC_473\Debug\Cm0Start.o
 .debug_info    0x00000dde      0x36d .\CortexM0\ARM_GCC_473\Debug\PSoC 4 Pioneer Modbus Slave.a(cyfitter_cfg.o)
 .debug_info    0x0000114b       0xca .\CortexM0\ARM_GCC_473\Debug\PSoC 4 Pioneer Modbus Slave.a(CyBootAsmGnu.o)
 .debug_info    0x00001215      0xa6b .\CortexM0\ARM_GCC_473\Debug\PSoC 4 Pioneer Modbus Slave.a(CyLib.o)
 .debug_info    0x00001c80      0x7be .\CortexM0\ARM_GCC_473\Debug\PSoC 4 Pioneer Modbus Slave.a(MessageTimer.o)
 .debug_info    0x0000243e      0x197 .\CortexM0\ARM_GCC_473\Debug\PSoC 4 Pioneer Modbus Slave.a(ModbusUART.o)
 .debug_info    0x000025d5      0x23d .\CortexM0\ARM_GCC_473\Debug\PSoC 4 Pioneer Modbus Slave.a(ModbusUART_SPI_UART.o)
 .debug_info    0x00002812      0x224 .\CortexM0\ARM_GCC_473\Debug\PSoC 4 Pioneer Modbus Slave.a(ModbusUART_UART.o)
 .debug_info    0x00002a36      0x288 .\CortexM0\ARM_GCC_473\Debug\PSoC 4 Pioneer Modbus Slave.a(MessageReceived.o)
 .debug_info    0x00002cbe      0x288 .\CortexM0\ARM_GCC_473\Debug\PSoC 4 Pioneer Modbus Slave.a(EndOfMessage.o)
 .debug_info    0x00002f46      0x168 .\CortexM0\ARM_GCC_473\Debug\PSoC 4 Pioneer Modbus Slave.a(writeEnable.o)

.debug_abbrev   0x00000000      0xea3
 *(.debug_abbrev)
 .debug_abbrev  0x00000000       0x74 .\CortexM0\ARM_GCC_473\Debug\main.o
 .debug_abbrev  0x00000074       0x7a .\CortexM0\ARM_GCC_473\Debug\interrupts.o
 .debug_abbrev  0x000000ee      0x127 .\CortexM0\ARM_GCC_473\Debug\Modbus.o
 .debug_abbrev  0x00000215       0x5d .\CortexM0\ARM_GCC_473\Debug\cymetadata.o
 .debug_abbrev  0x00000272      0x164 .\CortexM0\ARM_GCC_473\Debug\Cm0Start.o
 .debug_abbrev  0x000003d6      0x17b .\CortexM0\ARM_GCC_473\Debug\PSoC 4 Pioneer Modbus Slave.a(cyfitter_cfg.o)
 .debug_abbrev  0x00000551       0x14 .\CortexM0\ARM_GCC_473\Debug\PSoC 4 Pioneer Modbus Slave.a(CyBootAsmGnu.o)
 .debug_abbrev  0x00000565      0x1bc .\CortexM0\ARM_GCC_473\Debug\PSoC 4 Pioneer Modbus Slave.a(CyLib.o)
 .debug_abbrev  0x00000721       0xfe .\CortexM0\ARM_GCC_473\Debug\PSoC 4 Pioneer Modbus Slave.a(MessageTimer.o)
 .debug_abbrev  0x0000081f       0xc5 .\CortexM0\ARM_GCC_473\Debug\PSoC 4 Pioneer Modbus Slave.a(ModbusUART.o)
 .debug_abbrev  0x000008e4      0x151 .\CortexM0\ARM_GCC_473\Debug\PSoC 4 Pioneer Modbus Slave.a(ModbusUART_SPI_UART.o)
 .debug_abbrev  0x00000a35       0xee .\CortexM0\ARM_GCC_473\Debug\PSoC 4 Pioneer Modbus Slave.a(ModbusUART_UART.o)
 .debug_abbrev  0x00000b23      0x16a .\CortexM0\ARM_GCC_473\Debug\PSoC 4 Pioneer Modbus Slave.a(MessageReceived.o)
 .debug_abbrev  0x00000c8d      0x16a .\CortexM0\ARM_GCC_473\Debug\PSoC 4 Pioneer Modbus Slave.a(EndOfMessage.o)
 .debug_abbrev  0x00000df7       0xac .\CortexM0\ARM_GCC_473\Debug\PSoC 4 Pioneer Modbus Slave.a(writeEnable.o)

.debug_line     0x00000000     0x1817
 *(.debug_line)
 .debug_line    0x00000000       0x6b .\CortexM0\ARM_GCC_473\Debug\main.o
 .debug_line    0x0000006b       0x7e .\CortexM0\ARM_GCC_473\Debug\interrupts.o
 .debug_line    0x000000e9      0x444 .\CortexM0\ARM_GCC_473\Debug\Modbus.o
 .debug_line    0x0000052d       0x53 .\CortexM0\ARM_GCC_473\Debug\cymetadata.o
 .debug_line    0x00000580      0x199 .\CortexM0\ARM_GCC_473\Debug\Cm0Start.o
 .debug_line    0x00000719      0x18a .\CortexM0\ARM_GCC_473\Debug\PSoC 4 Pioneer Modbus Slave.a(cyfitter_cfg.o)
 .debug_line    0x000008a3       0x68 .\CortexM0\ARM_GCC_473\Debug\PSoC 4 Pioneer Modbus Slave.a(CyBootAsmGnu.o)
 .debug_line    0x0000090b      0x527 .\CortexM0\ARM_GCC_473\Debug\PSoC 4 Pioneer Modbus Slave.a(CyLib.o)
 .debug_line    0x00000e32      0x36d .\CortexM0\ARM_GCC_473\Debug\PSoC 4 Pioneer Modbus Slave.a(MessageTimer.o)
 .debug_line    0x0000119f       0xdc .\CortexM0\ARM_GCC_473\Debug\PSoC 4 Pioneer Modbus Slave.a(ModbusUART.o)
 .debug_line    0x0000127b      0x12b .\CortexM0\ARM_GCC_473\Debug\PSoC 4 Pioneer Modbus Slave.a(ModbusUART_SPI_UART.o)
 .debug_line    0x000013a6      0x107 .\CortexM0\ARM_GCC_473\Debug\PSoC 4 Pioneer Modbus Slave.a(ModbusUART_UART.o)
 .debug_line    0x000014ad      0x15e .\CortexM0\ARM_GCC_473\Debug\PSoC 4 Pioneer Modbus Slave.a(MessageReceived.o)
 .debug_line    0x0000160b      0x15b .\CortexM0\ARM_GCC_473\Debug\PSoC 4 Pioneer Modbus Slave.a(EndOfMessage.o)
 .debug_line    0x00001766       0xb1 .\CortexM0\ARM_GCC_473\Debug\PSoC 4 Pioneer Modbus Slave.a(writeEnable.o)

.debug_frame    0x00000000     0x16f8
 *(.debug_frame)
 .debug_frame   0x00000000       0x2c .\CortexM0\ARM_GCC_473\Debug\main.o
 .debug_frame   0x0000002c       0x50 .\CortexM0\ARM_GCC_473\Debug\interrupts.o
 .debug_frame   0x0000007c      0x1d4 .\CortexM0\ARM_GCC_473\Debug\Modbus.o
 .debug_frame   0x00000250       0xa8 .\CortexM0\ARM_GCC_473\Debug\Cm0Start.o
 .debug_frame   0x000002f8       0xe8 .\CortexM0\ARM_GCC_473\Debug\PSoC 4 Pioneer Modbus Slave.a(cyfitter_cfg.o)
 .debug_frame   0x000003e0      0x600 .\CortexM0\ARM_GCC_473\Debug\PSoC 4 Pioneer Modbus Slave.a(CyLib.o)
 .debug_frame   0x000009e0      0x52c .\CortexM0\ARM_GCC_473\Debug\PSoC 4 Pioneer Modbus Slave.a(MessageTimer.o)
 .debug_frame   0x00000f0c       0xd8 .\CortexM0\ARM_GCC_473\Debug\PSoC 4 Pioneer Modbus Slave.a(ModbusUART.o)
 .debug_frame   0x00000fe4      0x128 .\CortexM0\ARM_GCC_473\Debug\PSoC 4 Pioneer Modbus Slave.a(ModbusUART_SPI_UART.o)
 .debug_frame   0x0000110c       0xec .\CortexM0\ARM_GCC_473\Debug\PSoC 4 Pioneer Modbus Slave.a(ModbusUART_UART.o)
 .debug_frame   0x000011f8      0x190 .\CortexM0\ARM_GCC_473\Debug\PSoC 4 Pioneer Modbus Slave.a(MessageReceived.o)
 .debug_frame   0x00001388      0x190 .\CortexM0\ARM_GCC_473\Debug\PSoC 4 Pioneer Modbus Slave.a(EndOfMessage.o)
 .debug_frame   0x00001518       0xa8 .\CortexM0\ARM_GCC_473\Debug\PSoC 4 Pioneer Modbus Slave.a(writeEnable.o)
 .debug_frame   0x000015c0       0x20 c:/program files (x86)/cypress/psoc creator/3.0/psoc creator/import/gnu_cs/arm/4.7.3/bin/../lib/gcc/arm-none-eabi/4.7.3/armv6-m\libgcc.a(_udivsi3.o)
 .debug_frame   0x000015e0       0x20 c:/program files (x86)/cypress/psoc creator/3.0/psoc creator/import/gnu_cs/arm/4.7.3/bin/../lib/gcc/arm-none-eabi/4.7.3/armv6-m\libgcc.a(_divsi3.o)
 .debug_frame   0x00001600       0x28 c:/program files (x86)/cypress/psoc creator/3.0/psoc creator/import/gnu_cs/arm/4.7.3/bin/../lib/gcc/arm-none-eabi/4.7.3/../../../../arm-none-eabi/lib/armv6-m\libc_s.a(lib_a-__atexit2.o)
 .debug_frame   0x00001628       0x28 c:/program files (x86)/cypress/psoc creator/3.0/psoc creator/import/gnu_cs/arm/4.7.3/bin/../lib/gcc/arm-none-eabi/4.7.3/../../../../arm-none-eabi/lib/armv6-m\libc_s.a(lib_a-exit.o)
 .debug_frame   0x00001650       0x2c c:/program files (x86)/cypress/psoc creator/3.0/psoc creator/import/gnu_cs/arm/4.7.3/bin/../lib/gcc/arm-none-eabi/4.7.3/../../../../arm-none-eabi/lib/armv6-m\libc_s.a(lib_a-fini.o)
 .debug_frame   0x0000167c       0x2c c:/program files (x86)/cypress/psoc creator/3.0/psoc creator/import/gnu_cs/arm/4.7.3/bin/../lib/gcc/arm-none-eabi/4.7.3/../../../../arm-none-eabi/lib/armv6-m\libc_s.a(lib_a-init.o)
 .debug_frame   0x000016a8       0x28 c:/program files (x86)/cypress/psoc creator/3.0/psoc creator/import/gnu_cs/arm/4.7.3/bin/../lib/gcc/arm-none-eabi/4.7.3/../../../../arm-none-eabi/lib/armv6-m\libc_s.a(lib_a-memcpy.o)
 .debug_frame   0x000016d0       0x28 c:/program files (x86)/cypress/psoc creator/3.0/psoc creator/import/gnu_cs/arm/4.7.3/bin/../lib/gcc/arm-none-eabi/4.7.3/../../../../arm-none-eabi/lib/armv6-m\libc_s.a(lib_a-memset.o)

.debug_str      0x00000000     0x1899
 *(.debug_str)
 .debug_str     0x00000000      0x154 .\CortexM0\ARM_GCC_473\Debug\main.o
                                0x18d (size before relaxing)
 .debug_str     0x00000154       0x6d .\CortexM0\ARM_GCC_473\Debug\interrupts.o
                                0x1d5 (size before relaxing)
 .debug_str     0x000001c1      0x34d .\CortexM0\ARM_GCC_473\Debug\Modbus.o
                                0x4de (size before relaxing)
 .debug_str     0x0000050e       0x5b .\CortexM0\ARM_GCC_473\Debug\cymetadata.o
                                0x1c3 (size before relaxing)
 .debug_str     0x00000569      0x10a .\CortexM0\ARM_GCC_473\Debug\Cm0Start.o
                                0x28c (size before relaxing)
 .debug_str     0x00000673      0x141 .\CortexM0\ARM_GCC_473\Debug\PSoC 4 Pioneer Modbus Slave.a(cyfitter_cfg.o)
                                0x2d0 (size before relaxing)
 .debug_str     0x000007b4      0x4e9 .\CortexM0\ARM_GCC_473\Debug\PSoC 4 Pioneer Modbus Slave.a(CyLib.o)
                                0x684 (size before relaxing)
 .debug_str     0x00000c9d      0x50e .\CortexM0\ARM_GCC_473\Debug\PSoC 4 Pioneer Modbus Slave.a(MessageTimer.o)
                                0x693 (size before relaxing)
 .debug_str     0x000011ab       0xf3 .\CortexM0\ARM_GCC_473\Debug\PSoC 4 Pioneer Modbus Slave.a(ModbusUART.o)
                                0x275 (size before relaxing)
 .debug_str     0x0000129e      0x177 .\CortexM0\ARM_GCC_473\Debug\PSoC 4 Pioneer Modbus Slave.a(ModbusUART_SPI_UART.o)
                                0x2f7 (size before relaxing)
 .debug_str     0x00001415      0x10e .\CortexM0\ARM_GCC_473\Debug\PSoC 4 Pioneer Modbus Slave.a(ModbusUART_UART.o)
                                0x2a5 (size before relaxing)
 .debug_str     0x00001523      0x183 .\CortexM0\ARM_GCC_473\Debug\PSoC 4 Pioneer Modbus Slave.a(MessageReceived.o)
                                0x332 (size before relaxing)
 .debug_str     0x000016a6      0x14a .\CortexM0\ARM_GCC_473\Debug\PSoC 4 Pioneer Modbus Slave.a(EndOfMessage.o)
                                0x308 (size before relaxing)
 .debug_str     0x000017f0       0xa9 .\CortexM0\ARM_GCC_473\Debug\PSoC 4 Pioneer Modbus Slave.a(writeEnable.o)
                                0x220 (size before relaxing)

.debug_loc      0x00000000     0x2298
 *(.debug_loc)
 .debug_loc     0x00000000       0x2c .\CortexM0\ARM_GCC_473\Debug\main.o
 .debug_loc     0x0000002c       0x70 .\CortexM0\ARM_GCC_473\Debug\interrupts.o
 .debug_loc     0x0000009c      0x2ec .\CortexM0\ARM_GCC_473\Debug\Modbus.o
 .debug_loc     0x00000388      0x100 .\CortexM0\ARM_GCC_473\Debug\Cm0Start.o
 .debug_loc     0x00000488      0x170 .\CortexM0\ARM_GCC_473\Debug\PSoC 4 Pioneer Modbus Slave.a(cyfitter_cfg.o)
 .debug_loc     0x000005f8      0x9fc .\CortexM0\ARM_GCC_473\Debug\PSoC 4 Pioneer Modbus Slave.a(CyLib.o)
 .debug_loc     0x00000ff4      0x830 .\CortexM0\ARM_GCC_473\Debug\PSoC 4 Pioneer Modbus Slave.a(MessageTimer.o)
 .debug_loc     0x00001824      0x140 .\CortexM0\ARM_GCC_473\Debug\PSoC 4 Pioneer Modbus Slave.a(ModbusUART.o)
 .debug_loc     0x00001964      0x1e0 .\CortexM0\ARM_GCC_473\Debug\PSoC 4 Pioneer Modbus Slave.a(ModbusUART_SPI_UART.o)
 .debug_loc     0x00001b44      0x17c .\CortexM0\ARM_GCC_473\Debug\PSoC 4 Pioneer Modbus Slave.a(ModbusUART_UART.o)
 .debug_loc     0x00001cc0      0x26c .\CortexM0\ARM_GCC_473\Debug\PSoC 4 Pioneer Modbus Slave.a(MessageReceived.o)
 .debug_loc     0x00001f2c      0x26c .\CortexM0\ARM_GCC_473\Debug\PSoC 4 Pioneer Modbus Slave.a(EndOfMessage.o)
 .debug_loc     0x00002198      0x100 .\CortexM0\ARM_GCC_473\Debug\PSoC 4 Pioneer Modbus Slave.a(writeEnable.o)

.debug_macinfo
 *(.debug_macinfo)

.debug_ranges   0x00000000      0x5c0
 *(.debug_ranges)
 .debug_ranges  0x00000000       0x10 .\CortexM0\ARM_GCC_473\Debug\main.o
 .debug_ranges  0x00000010       0x18 .\CortexM0\ARM_GCC_473\Debug\interrupts.o
 .debug_ranges  0x00000028       0x78 .\CortexM0\ARM_GCC_473\Debug\Modbus.o
 .debug_ranges  0x000000a0       0x30 .\CortexM0\ARM_GCC_473\Debug\Cm0Start.o
 .debug_ranges  0x000000d0       0x40 .\CortexM0\ARM_GCC_473\Debug\PSoC 4 Pioneer Modbus Slave.a(cyfitter_cfg.o)
 .debug_ranges  0x00000110      0x188 .\CortexM0\ARM_GCC_473\Debug\PSoC 4 Pioneer Modbus Slave.a(CyLib.o)
 .debug_ranges  0x00000298      0x148 .\CortexM0\ARM_GCC_473\Debug\PSoC 4 Pioneer Modbus Slave.a(MessageTimer.o)
 .debug_ranges  0x000003e0       0x40 .\CortexM0\ARM_GCC_473\Debug\PSoC 4 Pioneer Modbus Slave.a(ModbusUART.o)
 .debug_ranges  0x00000420       0x50 .\CortexM0\ARM_GCC_473\Debug\PSoC 4 Pioneer Modbus Slave.a(ModbusUART_SPI_UART.o)
 .debug_ranges  0x00000470       0x40 .\CortexM0\ARM_GCC_473\Debug\PSoC 4 Pioneer Modbus Slave.a(ModbusUART_UART.o)
 .debug_ranges  0x000004b0       0x70 .\CortexM0\ARM_GCC_473\Debug\PSoC 4 Pioneer Modbus Slave.a(MessageReceived.o)
 .debug_ranges  0x00000520       0x70 .\CortexM0\ARM_GCC_473\Debug\PSoC 4 Pioneer Modbus Slave.a(EndOfMessage.o)
 .debug_ranges  0x00000590       0x30 .\CortexM0\ARM_GCC_473\Debug\PSoC 4 Pioneer Modbus Slave.a(writeEnable.o)

.comment        0x00000000       0x70
 .comment       0x00000000       0x70 .\CortexM0\ARM_GCC_473\Debug\main.o
                                 0x71 (size before relaxing)
 .comment       0x00000000       0x71 .\CortexM0\ARM_GCC_473\Debug\interrupts.o
 .comment       0x00000000       0x71 .\CortexM0\ARM_GCC_473\Debug\Modbus.o
 .comment       0x00000000       0x71 .\CortexM0\ARM_GCC_473\Debug\cymetadata.o
 .comment       0x00000000       0x71 .\CortexM0\ARM_GCC_473\Debug\Cm0Start.o
 .comment       0x00000000       0x71 .\CortexM0\ARM_GCC_473\Debug\PSoC 4 Pioneer Modbus Slave.a(cyfitter_cfg.o)
 .comment       0x00000000       0x71 .\CortexM0\ARM_GCC_473\Debug\PSoC 4 Pioneer Modbus Slave.a(CyLib.o)
 .comment       0x00000000       0x71 .\CortexM0\ARM_GCC_473\Debug\PSoC 4 Pioneer Modbus Slave.a(MessageTimer.o)
 .comment       0x00000000       0x71 .\CortexM0\ARM_GCC_473\Debug\PSoC 4 Pioneer Modbus Slave.a(ModbusUART.o)
 .comment       0x00000000       0x71 .\CortexM0\ARM_GCC_473\Debug\PSoC 4 Pioneer Modbus Slave.a(ModbusUART_SPI_UART.o)
 .comment       0x00000000       0x71 .\CortexM0\ARM_GCC_473\Debug\PSoC 4 Pioneer Modbus Slave.a(ModbusUART_UART.o)
 .comment       0x00000000       0x71 .\CortexM0\ARM_GCC_473\Debug\PSoC 4 Pioneer Modbus Slave.a(MessageReceived.o)
 .comment       0x00000000       0x71 .\CortexM0\ARM_GCC_473\Debug\PSoC 4 Pioneer Modbus Slave.a(EndOfMessage.o)
 .comment       0x00000000       0x71 .\CortexM0\ARM_GCC_473\Debug\PSoC 4 Pioneer Modbus Slave.a(writeEnable.o)

.debug_weaknames
 *(.debug_weaknames)

.debug_funcnames
 *(.debug_funcnames)

.debug_typenames
 *(.debug_typenames)

.debug_varnames
 *(.debug_varnames)

.note.gnu.arm.ident
 *(.note.gnu.arm.ident)

.ARM.attributes
                0x00000000       0x28
 *(.ARM.attributes)
 .ARM.attributes
                0x00000000       0x1e c:/program files (x86)/cypress/psoc creator/3.0/psoc creator/import/gnu_cs/arm/4.7.3/bin/../lib/gcc/arm-none-eabi/4.7.3/armv6-m/crti.o
 .ARM.attributes
                0x0000001e       0x2c c:/program files (x86)/cypress/psoc creator/3.0/psoc creator/import/gnu_cs/arm/4.7.3/bin/../lib/gcc/arm-none-eabi/4.7.3/armv6-m/crtbegin.o
 .ARM.attributes
                0x0000004a       0x1c c:/program files (x86)/cypress/psoc creator/3.0/psoc creator/import/gnu_cs/arm/4.7.3/bin/../lib/gcc/arm-none-eabi/4.7.3/../../../../arm-none-eabi/lib/armv6-m/crt0.o
 .ARM.attributes
                0x00000066       0x31 .\CortexM0\ARM_GCC_473\Debug\main.o
 .ARM.attributes
                0x00000097       0x31 .\CortexM0\ARM_GCC_473\Debug\interrupts.o
 .ARM.attributes
                0x000000c8       0x31 .\CortexM0\ARM_GCC_473\Debug\Modbus.o
 .ARM.attributes
                0x000000f9       0x31 .\CortexM0\ARM_GCC_473\Debug\cymetadata.o
 .ARM.attributes
                0x0000012a       0x31 .\CortexM0\ARM_GCC_473\Debug\Cm0Start.o
 .ARM.attributes
                0x0000015b       0x31 .\CortexM0\ARM_GCC_473\Debug\PSoC 4 Pioneer Modbus Slave.a(cyfitter_cfg.o)
 .ARM.attributes
                0x0000018c       0x21 .\CortexM0\ARM_GCC_473\Debug\PSoC 4 Pioneer Modbus Slave.a(CyBootAsmGnu.o)
 .ARM.attributes
                0x000001ad       0x31 .\CortexM0\ARM_GCC_473\Debug\PSoC 4 Pioneer Modbus Slave.a(CyLib.o)
 .ARM.attributes
                0x000001de       0x31 .\CortexM0\ARM_GCC_473\Debug\PSoC 4 Pioneer Modbus Slave.a(MessageTimer.o)
 .ARM.attributes
                0x0000020f       0x31 .\CortexM0\ARM_GCC_473\Debug\PSoC 4 Pioneer Modbus Slave.a(ModbusUART.o)
 .ARM.attributes
                0x00000240       0x31 .\CortexM0\ARM_GCC_473\Debug\PSoC 4 Pioneer Modbus Slave.a(ModbusUART_SPI_UART.o)
 .ARM.attributes
                0x00000271       0x31 .\CortexM0\ARM_GCC_473\Debug\PSoC 4 Pioneer Modbus Slave.a(ModbusUART_UART.o)
 .ARM.attributes
                0x000002a2       0x31 .\CortexM0\ARM_GCC_473\Debug\PSoC 4 Pioneer Modbus Slave.a(MessageReceived.o)
 .ARM.attributes
                0x000002d3       0x31 .\CortexM0\ARM_GCC_473\Debug\PSoC 4 Pioneer Modbus Slave.a(EndOfMessage.o)
 .ARM.attributes
                0x00000304       0x31 .\CortexM0\ARM_GCC_473\Debug\PSoC 4 Pioneer Modbus Slave.a(writeEnable.o)
 .ARM.attributes
                0x00000335       0x1e c:/program files (x86)/cypress/psoc creator/3.0/psoc creator/import/gnu_cs/arm/4.7.3/bin/../lib/gcc/arm-none-eabi/4.7.3/armv6-m\libgcc.a(_udivsi3.o)
 .ARM.attributes
                0x00000353       0x1e c:/program files (x86)/cypress/psoc creator/3.0/psoc creator/import/gnu_cs/arm/4.7.3/bin/../lib/gcc/arm-none-eabi/4.7.3/armv6-m\libgcc.a(_divsi3.o)
 .ARM.attributes
                0x00000371       0x1e c:/program files (x86)/cypress/psoc creator/3.0/psoc creator/import/gnu_cs/arm/4.7.3/bin/../lib/gcc/arm-none-eabi/4.7.3/armv6-m\libgcc.a(_dvmd_tls.o)
 .ARM.attributes
                0x0000038f       0x2c c:/program files (x86)/cypress/psoc creator/3.0/psoc creator/import/gnu_cs/arm/4.7.3/bin/../lib/gcc/arm-none-eabi/4.7.3/../../../../arm-none-eabi/lib/armv6-m\libc_s.a(lib_a-__atexit2.o)
 .ARM.attributes
                0x000003bb       0x2c c:/program files (x86)/cypress/psoc creator/3.0/psoc creator/import/gnu_cs/arm/4.7.3/bin/../lib/gcc/arm-none-eabi/4.7.3/../../../../arm-none-eabi/lib/armv6-m\libc_s.a(lib_a-exit.o)
 .ARM.attributes
                0x000003e7       0x2c c:/program files (x86)/cypress/psoc creator/3.0/psoc creator/import/gnu_cs/arm/4.7.3/bin/../lib/gcc/arm-none-eabi/4.7.3/../../../../arm-none-eabi/lib/armv6-m\libc_s.a(lib_a-fini.o)
 .ARM.attributes
                0x00000413       0x2c c:/program files (x86)/cypress/psoc creator/3.0/psoc creator/import/gnu_cs/arm/4.7.3/bin/../lib/gcc/arm-none-eabi/4.7.3/../../../../arm-none-eabi/lib/armv6-m\libc_s.a(lib_a-impure.o)
 .ARM.attributes
                0x0000043f       0x2c c:/program files (x86)/cypress/psoc creator/3.0/psoc creator/import/gnu_cs/arm/4.7.3/bin/../lib/gcc/arm-none-eabi/4.7.3/../../../../arm-none-eabi/lib/armv6-m\libc_s.a(lib_a-init.o)
 .ARM.attributes
                0x0000046b       0x2c c:/program files (x86)/cypress/psoc creator/3.0/psoc creator/import/gnu_cs/arm/4.7.3/bin/../lib/gcc/arm-none-eabi/4.7.3/../../../../arm-none-eabi/lib/armv6-m\libc_s.a(lib_a-memcpy.o)
 .ARM.attributes
                0x00000497       0x2c c:/program files (x86)/cypress/psoc creator/3.0/psoc creator/import/gnu_cs/arm/4.7.3/bin/../lib/gcc/arm-none-eabi/4.7.3/../../../../arm-none-eabi/lib/armv6-m\libc_s.a(lib_a-memset.o)
 .ARM.attributes
                0x000004c3       0x2c c:/program files (x86)/cypress/psoc creator/3.0/psoc creator/import/gnu_cs/arm/4.7.3/bin/../lib/gcc/arm-none-eabi/4.7.3/armv6-m/crtend.o
 .ARM.attributes
                0x000004ef       0x1e c:/program files (x86)/cypress/psoc creator/3.0/psoc creator/import/gnu_cs/arm/4.7.3/bin/../lib/gcc/arm-none-eabi/4.7.3/armv6-m/crtn.o

/DISCARD/
 *(.note.GNU-stack)
OUTPUT(.\CortexM0\ARM_GCC_473\Debug\PSoC 4 Pioneer Modbus Slave.elf elf32-littlearm)
